<html>
<body>
<pre>
<h1>µVision Build Log</h1>
<h2>Tool Versions:</h2>
IDE-Version: µVision V5.43.1.0
Copyright (C) 2025 ARM Ltd and ARM Germany GmbH. All rights reserved.
License Information: Duong DUC ANH, IU, LIC=----
 
Tool Versions:
Toolchain:       MDK-Lite  Version: 5.43.0.0
Toolchain Path:  E:\keilc\arm\ARM\ARMCLANG\Bin
C Compiler:      ArmClang.exe V6.24
Assembler:       Armasm.exe V6.24
Linker/Locator:  ArmLink.exe V6.24
Library Manager: ArmAr.exe V6.24
Hex Converter:   FromElf.exe V6.24
CPU DLL:         SARMCM3.DLL V5.43.0.0
Dialog DLL:      DCM.DLL V1.17.5.0
Target DLL:      UL2CM3.DLL V1.164.16.0
Dialog DLL:      TCM.DLL V1.56.6.0
 
<h2>Project:</h2>
C:\Users\DUC ANH\Downloads\EMBEDDED\Project-MCU\Green_House_ConTrol_System.uvprojx
Project File Date:  04/30/2026

<h2>Output:</h2>
*** Using Compiler 'V6.24', folder: 'E:\keilc\arm\ARM\ARMCLANG\Bin'
Rebuild target 'Target 1'
compiling PIN_LPC17xx.c...
compiling GPIO_LPC17xx.c...
compiling clib_arm.c...
compiling GLCD_Fonts.c...
compiling GPDMA_LPC17xx.c...
compiling os_systick.c...
compiling Joystick_MCB1700.c...
compiling LED_MCB1700.c...
assembling startup_LPC17xx.s...
compiling GLCD_MCB1700.c...
compiling SPI_LPC17xx.c...
compiling SSP_LPC17xx.c...
compiling system_LPC17xx.c...
compiling freertos_evr.c...
compiling main.c...
compiling event_groups.c...
compiling list.c...
compiling port.c...
compiling heap_4.c...
compiling cmsis_os2.c...
compiling timers.c...
compiling queue.c...
compiling tasks.c...
linking...
Program Size: Code=18828 RO-data=6340 RW-data=76 ZI-data=12144  
FromELF: creating hex file...
".\Objects\Pump_menu.axf" - 0 Error(s), 0 Warning(s).

<h2>Software Packages used:</h2>

Package Vendor: ARM
                http://www.keil.com/pack/ARM.CMSIS.5.6.0.pack
                ARM::CMSIS@5.6.0
                CMSIS (Cortex Microcontroller Software Interface Standard)
   * Component: CORE Version: 5.3.0
   * Component: SPI Version: 2.2.0
   * Component: RTOS2 Version: 2.1.3

Package Vendor: ARM
                http://www.keil.com/pack/ARM.CMSIS-FreeRTOS.10.3.1.pack
                ARM::CMSIS-FreeRTOS@10.3.1
                Bundle of FreeRTOS for Cortex-M and Cortex-A
   * Component: FreeRTOS Variant: Cortex-M Version: 10.3.1
   * Component: Config Variant: CMSIS RTOS2 Version: 10.3.1
   * Component: Core Variant: Cortex-M Version: 10.3.1
   * Component: Event Groups Version: 10.3.1
   * Component: Heap Variant: Heap_4 Version: 10.3.1
   * Component: Timers Version: 10.3.1

Package Vendor: Keil
                http://www.keil.com/pack/Keil.LPC1700_DFP.2.7.1.pack
                Keil::LPC1700_DFP@2.7.1
                NXP LPC1700 Series Device Support, Drivers and Examples for MCB1700 and LPC1788-32
   * Component: Graphic LCD Version: 1.0.0
   * Component: Joystick Version: 1.0.0
   * Component: LED Version: 1.0.0
   * Component: SPI Version: 2.3.0
   * Component: SSP Version: 2.10.0
   * Component: GPDMA Version: 1.4.0
   * Component: GPIO Version: 1.1.0
   * Component: PIN Version: 1.0.0
   * Component: Startup Version: 1.0.0

Package Vendor: Keil
                http://www.keil.com/pack/Keil.MDK-Middleware.7.13.0.pack
                Keil::MDK-Middleware@7.13.0
                Middleware for Keil MDK-Professional and MDK-Plus
   * Component: Graphic LCD Version: 1.0.0
   * Component: Joystick Version: 1.0.0
   * Component: LED Version: 1.0.0

<h2>Collection of Component include folders:</h2>
  ./RTE/Device/LPC1768
  ./RTE/RTOS
  ./RTE/_Target_1
  E:/keilc/arm/pack/ARM/CMSIS-FreeRTOS/10.3.1/CMSIS/RTOS2/FreeRTOS/Include
  E:/keilc/arm/pack/ARM/CMSIS-FreeRTOS/10.3.1/Source/include
  E:/keilc/arm/pack/ARM/CMSIS-FreeRTOS/10.3.1/Source/portable/GCC/ARM_CM3
  E:/keilc/arm/pack/ARM/CMSIS/5.6.0/CMSIS/Core/Include
  E:/keilc/arm/pack/ARM/CMSIS/5.6.0/CMSIS/Driver/Include
  E:/keilc/arm/pack/ARM/CMSIS/5.6.0/CMSIS/RTOS2/Include
  E:/keilc/arm/pack/Keil/LPC1700_DFP/2.7.1/Boards/Keil/MCB1700/Common
  E:/keilc/arm/pack/Keil/LPC1700_DFP/2.7.1/Device/Include
  E:/keilc/arm/pack/Keil/LPC1700_DFP/2.7.1/RTE_Driver
  E:/keilc/arm/pack/Keil/MDK-Middleware/7.13.0/Board

<h2>Collection of Component Files used:</h2>

   * Component: ARM::CMSIS:CORE@5.3.0

   * Component: ARM::CMSIS:RTOS2:FreeRTOS&Cortex-M@10.3.1
      Source file:   CMSIS/RTOS2/FreeRTOS/Source/ARM/clib_arm.c
      Source file:   CMSIS/RTOS2/FreeRTOS/Source/os_systick.c
      Include file:  CMSIS/RTOS2/FreeRTOS/Include/freertos_mpool.h
      Source file:   CMSIS/RTOS2/FreeRTOS/Source/cmsis_os2.c

   * Component: ARM::RTOS&FreeRTOS:Config&CMSIS RTOS2@10.3.1
      Include file:  CMSIS/RTOS2/FreeRTOS/Config/ARMCM/FreeRTOSConfig.h

   * Component: ARM::RTOS&FreeRTOS:Core&Cortex-M@10.3.1
      Source file:   CMSIS/RTOS2/FreeRTOS/Source/freertos_evr.c
      Include file:  Source/include/FreeRTOS.h
      Include file:  Source/include/queue.h
      Source file:   Source/portable/GCC/ARM_CM3/port.c
      Source file:   Source/tasks.c
      Source file:   Source/queue.c
      Source file:   Source/list.c
      Include file:  Source/include/task.h
      Include file:  Source/include/semphr.h

   * Component: ARM::RTOS&FreeRTOS:Event Groups@10.3.1
      Include file:  Source/include/event_groups.h
      Source file:   Source/event_groups.c

   * Component: ARM::RTOS&FreeRTOS:Heap&Heap_4@10.3.1
      Source file:   Source/portable/MemMang/heap_4.c

   * Component: ARM::RTOS&FreeRTOS:Timers@10.3.1
      Include file:  Source/include/timers.h
      Source file:   Source/timers.c

   * Component: Board Support:Graphic LCD(API)@1.0.0
      Include file:  Board/Board_GLCD.h

   * Component: Board Support:Joystick(API)@1.0.0
      Include file:  Board/Board_Joystick.h

   * Component: Board Support:LED(API)@1.0.0
      Include file:  Board/Board_LED.h

   * Component: CMSIS Driver:SPI(API)@2.2.0
      Include file:  CMSIS/Driver/Include/Driver_SPI.h

   * Component: CMSIS:RTOS2(API)@2.1.3
      Include file:  CMSIS/RTOS2/Include/cmsis_os2.h

   * Component: Keil::Board Support&MCB1700:Graphic LCD@1.0.0
      Include file:  Boards/Keil/MCB1700/Common/GLCD_Config.h
      Source file:   Boards/Keil/MCB1700/Common/GLCD_Fonts.c
      Include file:  Boards/Keil/MCB1700/Common/GLCD_Fonts.h
      Source file:   Boards/Keil/MCB1700/Common/GLCD_MCB1700.c

   * Component: Keil::Board Support&MCB1700:Joystick@1.0.0
      Source file:   Boards/Keil/MCB1700/Common/Joystick_MCB1700.c

   * Component: Keil::Board Support&MCB1700:LED@1.0.0
      Source file:   Boards/Keil/MCB1700/Common/LED_MCB1700.c

   * Component: Keil::CMSIS Driver:SPI:SPI@2.3.0
      Source file:   RTE_Driver/SPI_LPC17xx.c

   * Component: Keil::CMSIS Driver:SPI:SSP@2.10.0
      Source file:   RTE_Driver/SSP_LPC17xx.c

   * Component: Keil::Device:GPDMA@1.4.0
      Source file:   RTE_Driver/GPDMA_LPC17xx.c
      Include file:  RTE_Driver/GPDMA_LPC17xx.h

   * Component: Keil::Device:GPIO@1.1.0
      Include file:  RTE_Driver/GPIO_LPC17xx.h
      Source file:   RTE_Driver/GPIO_LPC17xx.c

   * Component: Keil::Device:PIN@1.0.0
      Include file:  RTE_Driver/PIN_LPC17xx.h
      Source file:   RTE_Driver/PIN_LPC17xx.c

   * Component: Keil::Device:Startup@1.0.0
      Source file:   Device/Source/system_LPC17xx.c
      Include file:  RTE_Driver/Config/RTE_Device.h
      Source file:   Device/Source/ARM/startup_LPC17xx.s
      Include file:  Device/Include/LPC17xx.h
Build Time Elapsed:  00:00:01
</pre>
</body>
</html>
