Component: Arm Compiler for Embedded 6.24 Tool: armlink [5f371500]

==============================================================================

Section Cross References

    main.o(.text) refers (Special) to _printf_percent.o(.ARM.Collect$$_printf_percent$$00000000) for _printf_percent
    main.o(.text) refers (Special) to _printf_pad.o(.text) for _printf_pre_padding
    main.o(.text) refers (Special) to _printf_truncate.o(.text) for _printf_truncate_unsigned
    main.o(.text) refers (Special) to _printf_c.o(.ARM.Collect$$_printf_percent$$00000013) for _printf_c
    main.o(.text) refers (Special) to _printf_s.o(.ARM.Collect$$_printf_percent$$00000014) for _printf_s
    main.o(.text) refers (Special) to _printf_n.o(.ARM.Collect$$_printf_percent$$00000001) for _printf_n
    main.o(.text) refers (Special) to _printf_charcount.o(.text) for _printf_charcount
    main.o(.text) refers (Special) to _printf_x.o(.ARM.Collect$$_printf_percent$$0000000C) for _printf_x
    main.o(.text) refers (Special) to _printf_p.o(.ARM.Collect$$_printf_percent$$00000002) for _printf_p
    main.o(.text) refers (Special) to _printf_o.o(.ARM.Collect$$_printf_percent$$0000000B) for _printf_o
    main.o(.text) refers (Special) to _printf_i.o(.ARM.Collect$$_printf_percent$$00000008) for _printf_i
    main.o(.text) refers (Special) to _printf_d.o(.ARM.Collect$$_printf_percent$$00000009) for _printf_d
    main.o(.text) refers (Special) to _printf_u.o(.ARM.Collect$$_printf_percent$$0000000A) for _printf_u
    main.o(.text) refers (Special) to _printf_lc.o(.ARM.Collect$$_printf_percent$$00000015) for _printf_lc
    main.o(.text) refers (Special) to _printf_ls.o(.ARM.Collect$$_printf_percent$$00000016) for _printf_ls
    main.o(.text) refers (Special) to _printf_dec.o(.text) for _printf_int_dec
    main.o(.text) refers (Special) to _printf_oct_int.o(.text) for _printf_longlong_oct
    main.o(.text) refers (Special) to _printf_hex_int_ptr.o(.text) for _printf_longlong_hex
    main.o(.text) refers (Special) to _printf_str.o(.text) for _printf_str
    main.o(.text) refers (Special) to _printf_wctomb.o(.text) for _printf_wctomb
    main.o(.text.init_hardware) refers (Special) to _printf_percent.o(.ARM.Collect$$_printf_percent$$00000000) for _printf_percent
    main.o(.text.init_hardware) refers (Special) to _printf_pad.o(.text) for _printf_pre_padding
    main.o(.text.init_hardware) refers (Special) to _printf_truncate.o(.text) for _printf_truncate_unsigned
    main.o(.text.init_hardware) refers (Special) to _printf_c.o(.ARM.Collect$$_printf_percent$$00000013) for _printf_c
    main.o(.text.init_hardware) refers (Special) to _printf_s.o(.ARM.Collect$$_printf_percent$$00000014) for _printf_s
    main.o(.text.init_hardware) refers (Special) to _printf_n.o(.ARM.Collect$$_printf_percent$$00000001) for _printf_n
    main.o(.text.init_hardware) refers (Special) to _printf_charcount.o(.text) for _printf_charcount
    main.o(.text.init_hardware) refers (Special) to _printf_x.o(.ARM.Collect$$_printf_percent$$0000000C) for _printf_x
    main.o(.text.init_hardware) refers (Special) to _printf_p.o(.ARM.Collect$$_printf_percent$$00000002) for _printf_p
    main.o(.text.init_hardware) refers (Special) to _printf_o.o(.ARM.Collect$$_printf_percent$$0000000B) for _printf_o
    main.o(.text.init_hardware) refers (Special) to _printf_i.o(.ARM.Collect$$_printf_percent$$00000008) for _printf_i
    main.o(.text.init_hardware) refers (Special) to _printf_d.o(.ARM.Collect$$_printf_percent$$00000009) for _printf_d
    main.o(.text.init_hardware) refers (Special) to _printf_u.o(.ARM.Collect$$_printf_percent$$0000000A) for _printf_u
    main.o(.text.init_hardware) refers (Special) to _printf_lc.o(.ARM.Collect$$_printf_percent$$00000015) for _printf_lc
    main.o(.text.init_hardware) refers (Special) to _printf_ls.o(.ARM.Collect$$_printf_percent$$00000016) for _printf_ls
    main.o(.text.init_hardware) refers (Special) to _printf_dec.o(.text) for _printf_int_dec
    main.o(.text.init_hardware) refers (Special) to _printf_oct_int.o(.text) for _printf_longlong_oct
    main.o(.text.init_hardware) refers (Special) to _printf_hex_int_ptr.o(.text) for _printf_longlong_hex
    main.o(.text.init_hardware) refers (Special) to _printf_str.o(.text) for _printf_str
    main.o(.text.init_hardware) refers (Special) to _printf_wctomb.o(.text) for _printf_wctomb
    main.o(.text.init_hardware) refers to main.o(.text.init_adc) for init_adc
    main.o(.text.init_hardware) refers to main.o(.text.init_gpio) for init_gpio
    main.o(.text.init_hardware) refers to main.o(.text.init_uart) for init_uart
    main.o(.text.init_hardware) refers to main.o(.text.init_timer) for init_timer
    main.o(.ARM.exidx.text.init_hardware) refers (Special) to _printf_percent.o(.ARM.Collect$$_printf_percent$$00000000) for _printf_percent
    main.o(.ARM.exidx.text.init_hardware) refers (Special) to _printf_pad.o(.text) for _printf_pre_padding
[...]
    STACK                                    0x10003b50   Section      512  startup_lpc17xx.o(STACK)
    __initial_sp                             0x10003d50   Data           0  startup_lpc17xx.o(STACK)

    Global Symbols

    Symbol Name                              Value     Ov Type        Size  Object(Section)

    BuildAttributes$$THM_ISAv4$P$D$K$B$S$PE$A:L22UL41UL21$X:L11$S22US41US21$IEEE1$IW$~IW$USESV6$~STKCKD$USESV7$~SHL$OSPACE$ROPI$EBA8$UX$STANDARDLIB$REQ8$PRES8$EABIv2 0x00000000   Number         0  anon$$obj.o ABSOLUTE
    __Vectors                                0x00000000   Data           4  startup_lpc17xx.o(RESET)
    __fp_init_empty                          0x00000000   Number         0  fpinit_empty.o ABSOLUTE
    _printf_flags                            0x00000000   Number         0  printf_stubs.o ABSOLUTE
    _printf_return_value                     0x00000000   Number         0  printf_stubs.o ABSOLUTE
    _printf_sizespec                         0x00000000   Number         0  printf_stubs.o ABSOLUTE
    _printf_widthprec                        0x00000000   Number         0  printf_stubs.o ABSOLUTE
    __ARM_exceptions_init                     - Undefined Weak Reference
    __alloca_initialize                       - Undefined Weak Reference
    __arm_preinit_                            - Undefined Weak Reference
    __arm_relocate_pie_                       - Undefined Weak Reference
    __cpp_initialize__aeabi_                  - Undefined Weak Reference
    __cxa_finalize                            - Undefined Weak Reference
    __sigvec_lookup                           - Undefined Weak Reference
    _atexit_init                              - Undefined Weak Reference
    _call_atexit_fns                          - Undefined Weak Reference
    _clock_init                               - Undefined Weak Reference
    _fp_trap_init                             - Undefined Weak Reference
    _fp_trap_shutdown                         - Undefined Weak Reference
    _get_lc_collate                           - Undefined Weak Reference
    _get_lc_monetary                          - Undefined Weak Reference
    _get_lc_numeric                           - Undefined Weak Reference
    _get_lc_time                              - Undefined Weak Reference
    _getenv_init                              - Undefined Weak Reference
    _handle_redirection                       - Undefined Weak Reference
    _init_alloc                               - Undefined Weak Reference
    _init_user_alloc                          - Undefined Weak Reference
    _initio                                   - Undefined Weak Reference
    _printf_mbtowc                            - Undefined Weak Reference
    _printf_wc                                - Undefined Weak Reference
    _rand_init                                - Undefined Weak Reference
    _signal_finish                            - Undefined Weak Reference
    _signal_init                              - Undefined Weak Reference
    _terminate_alloc                          - Undefined Weak Reference
    _terminate_user_alloc                     - Undefined Weak Reference
    _terminateio                              - Undefined Weak Reference
    __main                                   0x000000cd   Thumb Code     8  __main.o(!!!main)
    __scatterload                            0x000000d5   Thumb Code     0  __scatter.o(!!!scatter)
    __scatterload_rt2                        0x000000d5   Thumb Code    84  __scatter.o(!!!scatter)
    __scatterload_rt2_thumb_only             0x000000d5   Thumb Code     0  __scatter.o(!!!scatter)
    __scatterload_loop                       0x000000df   Thumb Code     0  __scatter.o(!!!scatter)
    __scatterload_copy                       0x00000131   Thumb Code    26  __scatter_copy.o(!!handler_copy)
    __scatterload_null                       0x0000014d   Thumb Code     2  __scatter.o(!!handler_null)
    __scatterload_zeroinit                   0x00000151   Thumb Code    28  __scatter_zi.o(!!handler_zi)
    _printf_n                                0x0000016d   Thumb Code     0  _printf_n.o(.ARM.Collect$$_printf_percent$$00000001)
    _printf_percent                          0x0000016d   Thumb Code     0  _printf_percent.o(.ARM.Collect$$_printf_percent$$00000000)
    _printf_p                                0x00000173   Thumb Code     0  _printf_p.o(.ARM.Collect$$_printf_percent$$00000002)
    _printf_i                                0x00000179   Thumb Code     0  _printf_i.o(.ARM.Collect$$_printf_percent$$00000008)
    _printf_d                                0x0000017f   Thumb Code     0  _printf_d.o(.ARM.Collect$$_printf_percent$$00000009)
    _printf_u                                0x00000185   Thumb Code     0  _printf_u.o(.ARM.Collect$$_printf_percent$$0000000A)
    _printf_o                                0x0000018b   Thumb Code     0  _printf_o.o(.ARM.Collect$$_printf_percent$$0000000B)
    _printf_x                                0x00000191   Thumb Code     0  _printf_x.o(.ARM.Collect$$_printf_percent$$0000000C)
    _printf_l                                0x00000197   Thumb Code     0  _printf_l.o(.ARM.Collect$$_printf_percent$$00000012)
    _printf_c                                0x000001a1   Thumb Code     0  _printf_c.o(.ARM.Collect$$_printf_percent$$00000013)
    _printf_s                                0x000001a7   Thumb Code     0  _printf_s.o(.ARM.Collect$$_printf_percent$$00000014)
    _printf_lc                               0x000001ad   Thumb Code     0  _printf_lc.o(.ARM.Collect$$_printf_percent$$00000015)
    _printf_ls                               0x000001b3   Thumb Code     0  _printf_ls.o(.ARM.Collect$$_printf_percent$$00000016)
    _printf_percent_end                      0x000001b9   Thumb Code     0  _printf_percent_end.o(.ARM.Collect$$_printf_percent$$00000017)
    __rt_lib_init                            0x000001bd   Thumb Code     0  libinit.o(.ARM.Collect$$libinit$$00000000)
    __rt_lib_init_fp_1                       0x000001bf   Thumb Code     0  libinit2.o(.ARM.Collect$$libinit$$00000002)
    __rt_lib_init_heap_1                     0x000001bf   Thumb Code     0  libinit2.o(.ARM.Collect$$libinit$$0000000C)
    __rt_lib_init_lc_common                  0x000001bf   Thumb Code     0  libinit2.o(.ARM.Collect$$libinit$$00000011)
    __rt_lib_init_preinit_1                  0x000001bf   Thumb Code     0  libinit2.o(.ARM.Collect$$libinit$$00000006)
    __rt_lib_init_rand_1                     0x000001bf   Thumb Code     0  libinit2.o(.ARM.Collect$$libinit$$00000010)
    __rt_lib_init_relocate_pie_1             0x000001bf   Thumb Code     0  libinit2.o(.ARM.Collect$$libinit$$00000004)
    __rt_lib_init_user_alloc_1               0x000001bf   Thumb Code     0  libinit2.o(.ARM.Collect$$libinit$$0000000E)
    __rt_lib_init_lc_collate_1               0x000001c5   Thumb Code     0  libinit2.o(.ARM.Collect$$libinit$$00000013)
    __rt_lib_init_lc_ctype_2                 0x000001c5   Thumb Code     0  libinit2.o(.ARM.Collect$$libinit$$00000014)
    __rt_lib_init_alloca_1                   0x000001d1   Thumb Code     0  libinit2.o(.ARM.Collect$$libinit$$00000030)
    __rt_lib_init_argv_1                     0x000001d1   Thumb Code     0  libinit2.o(.ARM.Collect$$libinit$$0000002E)
    __rt_lib_init_atexit_1                   0x000001d1   Thumb Code     0  libinit2.o(.ARM.Collect$$libinit$$0000001D)
    __rt_lib_init_clock_1                    0x000001d1   Thumb Code     0  libinit2.o(.ARM.Collect$$libinit$$00000023)
    __rt_lib_init_cpp_1                      0x000001d1   Thumb Code     0  libinit2.o(.ARM.Collect$$libinit$$00000034)
    __rt_lib_init_exceptions_1               0x000001d1   Thumb Code     0  libinit2.o(.ARM.Collect$$libinit$$00000032)
    __rt_lib_init_fp_trap_1                  0x000001d1   Thumb Code     0  libinit2.o(.ARM.Collect$$libinit$$00000021)
    __rt_lib_init_getenv_1                   0x000001d1   Thumb Code     0  libinit2.o(.ARM.Collect$$libinit$$00000025)
    __rt_lib_init_lc_ctype_1                 0x000001d1   Thumb Code     0  libinit2.o(.ARM.Collect$$libinit$$00000015)
    __rt_lib_init_lc_monetary_1              0x000001d1   Thumb Code     0  libinit2.o(.ARM.Collect$$libinit$$00000017)
    __rt_lib_init_lc_numeric_1               0x000001d1   Thumb Code     0  libinit2.o(.ARM.Collect$$libinit$$00000019)
    __rt_lib_init_lc_time_1                  0x000001d1   Thumb Code     0  libinit2.o(.ARM.Collect$$libinit$$0000001B)
    __rt_lib_init_return                     0x000001d1   Thumb Code     0  libinit2.o(.ARM.Collect$$libinit$$00000035)
    __rt_lib_init_signal_1                   0x000001d1   Thumb Code     0  libinit2.o(.ARM.Collect$$libinit$$0000001F)
    __rt_lib_init_stdio_1                    0x000001d1   Thumb Code     0  libinit2.o(.ARM.Collect$$libinit$$00000027)
    __rt_lib_shutdown                        0x000001d3   Thumb Code     0  libshutdown.o(.ARM.Collect$$libshutdown$$00000000)
    __rt_lib_shutdown_cpp_1                  0x000001d5   Thumb Code     0  libshutdown2.o(.ARM.Collect$$libshutdown$$00000002)
    __rt_lib_shutdown_fp_trap_1              0x000001d5   Thumb Code     0  libshutdown2.o(.ARM.Collect$$libshutdown$$00000007)
    __rt_lib_shutdown_heap_1                 0x000001d5   Thumb Code     0  libshutdown2.o(.ARM.Collect$$libshutdown$$0000000F)
    __rt_lib_shutdown_return                 0x000001d5   Thumb Code     0  libshutdown2.o(.ARM.Collect$$libshutdown$$00000010)
    __rt_lib_shutdown_signal_1               0x000001d5   Thumb Code     0  libshutdown2.o(.ARM.Collect$$libshutdown$$0000000A)
    __rt_lib_shutdown_stdio_1                0x000001d5   Thumb Code     0  libshutdown2.o(.ARM.Collect$$libshutdown$$00000004)
    __rt_lib_shutdown_user_alloc_1           0x000001d5   Thumb Code     0  libshutdown2.o(.ARM.Collect$$libshutdown$$0000000C)
    __rt_entry                               0x000001d7   Thumb Code     0  __rtentry.o(.ARM.Collect$$rtentry$$00000000)
    __rt_entry_presh_1                       0x000001d7   Thumb Code     0  __rtentry2.o(.ARM.Collect$$rtentry$$00000002)
    __rt_entry_sh                            0x000001d7   Thumb Code     0  __rtentry4.o(.ARM.Collect$$rtentry$$00000004)
    __rt_entry_li                            0x000001dd   Thumb Code     0  __rtentry2.o(.ARM.Collect$$rtentry$$0000000A)
    __rt_entry_postsh_1                      0x000001dd   Thumb Code     0  __rtentry2.o(.ARM.Collect$$rtentry$$00000009)
    __rt_entry_postli_1                      0x000001e1   Thumb Code     0  __rtentry2.o(.ARM.Collect$$rtentry$$0000000B)
    __rt_entry_main                          0x000001e9   Thumb Code     0  __rtentry2.o(.ARM.Collect$$rtentry$$0000000D)
    __rt_exit                                0x000001f1   Thumb Code     0  rtexit.o(.ARM.Collect$$rtexit$$00000000)
    __rt_exit_ls                             0x000001f3   Thumb Code     0  rtexit2.o(.ARM.Collect$$rtexit$$00000003)
    __rt_exit_prels_1                        0x000001f3   Thumb Code     0  rtexit2.o(.ARM.Collect$$rtexit$$00000002)
    __rt_exit_exit                           0x000001f7   Thumb Code     0  rtexit2.o(.ARM.Collect$$rtexit$$00000004)
    Reset_Handler                            0x000001fd   Thumb Code     8  startup_lpc17xx.o(.text)
    NMI_Handler                              0x00000205   Thumb Code     2  startup_lpc17xx.o(.text)
    HardFault_Handler                        0x00000207   Thumb Code     2  startup_lpc17xx.o(.text)
    MemManage_Handler                        0x00000209   Thumb Code     2  startup_lpc17xx.o(.text)
    BusFault_Handler                         0x0000020b   Thumb Code     2  startup_lpc17xx.o(.text)
    UsageFault_Handler                       0x0000020d   Thumb Code     2  startup_lpc17xx.o(.text)
    DebugMon_Handler                         0x00000211   Thumb Code     2  startup_lpc17xx.o(.text)
    ADC_IRQHandler                           0x00000217   Thumb Code     0  startup_lpc17xx.o(.text)
    BOD_IRQHandler                           0x00000217   Thumb Code     0  startup_lpc17xx.o(.text)
    CANActivity_IRQHandler                   0x00000217   Thumb Code     0  startup_lpc17xx.o(.text)
    CAN_IRQHandler                           0x00000217   Thumb Code     0  startup_lpc17xx.o(.text)
    EINT0_IRQHandler                         0x00000217   Thumb Code     0  startup_lpc17xx.o(.text)
    EINT1_IRQHandler                         0x00000217   Thumb Code     0  startup_lpc17xx.o(.text)
    EINT2_IRQHandler                         0x00000217   Thumb Code     0  startup_lpc17xx.o(.text)
    EINT3_IRQHandler                         0x00000217   Thumb Code     0  startup_lpc17xx.o(.text)
    ENET_IRQHandler                          0x00000217   Thumb Code     0  startup_lpc17xx.o(.text)
    I2C0_IRQHandler                          0x00000217   Thumb Code     0  startup_lpc17xx.o(.text)
    I2C1_IRQHandler                          0x00000217   Thumb Code     0  startup_lpc17xx.o(.text)
    I2C2_IRQHandler                          0x00000217   Thumb Code     0  startup_lpc17xx.o(.text)
    I2S_IRQHandler                           0x00000217   Thumb Code     0  startup_lpc17xx.o(.text)
    MCPWM_IRQHandler                         0x00000217   Thumb Code     0  startup_lpc17xx.o(.text)
    PLL0_IRQHandler                          0x00000217   Thumb Code     0  startup_lpc17xx.o(.text)
    PLL1_IRQHandler                          0x00000217   Thumb Code     0  startup_lpc17xx.o(.text)
    PWM1_IRQHandler                          0x00000217   Thumb Code     0  startup_lpc17xx.o(.text)
    QEI_IRQHandler                           0x00000217   Thumb Code     0  startup_lpc17xx.o(.text)
    RIT_IRQHandler                           0x00000217   Thumb Code     0  startup_lpc17xx.o(.text)
    RTC_IRQHandler                           0x00000217   Thumb Code     0  startup_lpc17xx.o(.text)
    SSP0_IRQHandler                          0x00000217   Thumb Code     0  startup_lpc17xx.o(.text)
    TIMER0_IRQHandler                        0x00000217   Thumb Code     0  startup_lpc17xx.o(.text)
    TIMER2_IRQHandler                        0x00000217   Thumb Code     0  startup_lpc17xx.o(.text)
    TIMER3_IRQHandler                        0x00000217   Thumb Code     0  startup_lpc17xx.o(.text)
    UART0_IRQHandler                         0x00000217   Thumb Code     0  startup_lpc17xx.o(.text)
    UART1_IRQHandler                         0x00000217   Thumb Code     0  startup_lpc17xx.o(.text)
    UART2_IRQHandler                         0x00000217   Thumb Code     0  startup_lpc17xx.o(.text)
    UART3_IRQHandler                         0x00000217   Thumb Code     0  startup_lpc17xx.o(.text)
    USBActivity_IRQHandler                   0x00000217   Thumb Code     0  startup_lpc17xx.o(.text)
    USB_IRQHandler                           0x00000217   Thumb Code     0  startup_lpc17xx.o(.text)
    WDT_IRQHandler                           0x00000217   Thumb Code     0  startup_lpc17xx.o(.text)
    __user_initial_stackheap                 0x00000219   Thumb Code     0  startup_lpc17xx.o(.text)
    __user_libspace                          0x00000239   Thumb Code     8  libspace.o(.text)
    __user_perproc_libspace                  0x00000239   Thumb Code     0  libspace.o(.text)
    __2snprintf                              0x00000241   Thumb Code    58  noretval__2snprintf.o(.text)
    _printf_pre_padding                      0x00000281   Thumb Code    44  _printf_pad.o(.text)
    _printf_post_padding                     0x000002ad   Thumb Code    34  _printf_pad.o(.text)
    _printf_truncate_signed                  0x000002cf   Thumb Code    18  _printf_truncate.o(.text)
    _printf_truncate_unsigned                0x000002e1   Thumb Code    18  _printf_truncate.o(.text)
    __use_two_region_memory                  0x000002f3   Thumb Code     2  heapauxi.o(.text)
    __rt_heap_escrow$2region                 0x000002f5   Thumb Code     2  heapauxi.o(.text)
    __rt_heap_expand$2region                 0x000002f7   Thumb Code     2  heapauxi.o(.text)
    __I$use$semihosting                      0x000002f9   Thumb Code     0  use_no_semi.o(.text)
    __use_no_semihosting_swi                 0x000002f9   Thumb Code     2  use_no_semi.o(.text)
    __semihosting_library_function           0x000002fb   Thumb Code     0  indicate_semi.o(.text)
    os_error                                 0x000002fb   Thumb Code     2  rtx_conf_cm.o(.text.os_error)
    rt_set_PSP                               0x00000301   Thumb Code     6  hal_cm3.o(.emb_text)
    rt_get_PSP                               0x00000307   Thumb Code     6  hal_cm3.o(.emb_text)
    os_set_env                               0x0000030d   Thumb Code    24  hal_cm3.o(.emb_text)
    _alloc_box                               0x00000329   Thumb Code    28  hal_cm3.o(.emb_text)
    _free_box                                0x00000349   Thumb Code    28  hal_cm3.o(.emb_text)
    SVC_Handler                              0x00000369   Thumb Code   108  hal_cm3.o(.emb_text)
    PendSV_Handler                           0x000003e1   Thumb Code    56  hal_cm3.o(.emb_text)
    SysTick_Handler                          0x0000041d   Thumb Code     8  hal_cm3.o(.emb_text)
    OS_Tick_Handler                          0x00000425   Thumb Code    12  hal_cm3.o(.emb_text)
    __aeabi_uldivmod                         0x00000431   Thumb Code     0  lludivv7m.o(.text)
    _ll_udiv                                 0x00000431   Thumb Code   240  lludivv7m.o(.text)
    __RL_RTX_VER                             0x00000482   Number         0  rt_system.o ABSOLUTE
    _printf_str                              0x00000521   Thumb Code    82  _printf_str.o(.text)
    _printf_int_dec                          0x00000575   Thumb Code   104  _printf_dec.o(.text)
    _printf_charcount                        0x000005ed   Thumb Code    40  _printf_charcount.o(.text)
    _printf_wctomb                           0x00000615   Thumb Code   182  _printf_wctomb.o(.text)
    _printf_int_oct                          0x000006d1   Thumb Code    74  _printf_oct_int.o(.text)
    _printf_longlong_oct                     0x000006d1   Thumb Code     0  _printf_oct_int.o(.text)
    _printf_longlong_hex                     0x00000725   Thumb Code    78  _printf_hex_int_ptr.o(.text)
    _printf_int_hex                          0x00000773   Thumb Code    26  _printf_hex_int_ptr.o(.text)
    _printf_hex_ptr                          0x0000078d   Thumb Code    16  _printf_hex_int_ptr.o(.text)
    __printf                                 0x000007a1   Thumb Code   388  __printf_flags_ss_wp.o(.text)
    strstr                                   0x00000929   Thumb Code    36  strstr.o(.text)
    __aeabi_memclr4                          0x0000094d   Thumb Code     0  rt_memclr_w.o(.text)
    __aeabi_memclr8                          0x0000094d   Thumb Code     0  rt_memclr_w.o(.text)
    __rt_memclr_w                            0x0000094d   Thumb Code     0  rt_memclr_w.o(.text)
    _memset_w                                0x00000951   Thumb Code    74  rt_memclr_w.o(.text)
    _printf_int_common                       0x0000099b   Thumb Code   178  _printf_intcommon.o(.text)
    _printf_char_common                      0x00000a57   Thumb Code    32  _printf_char_common.o(.text)
    _snputc                                  0x00000a7d   Thumb Code    16  _snputc.o(.text)
    _printf_cs_common                        0x00000a8d   Thumb Code    20  _printf_char.o(.text)
    _printf_char                             0x00000aa1   Thumb Code    16  _printf_char.o(.text)
    _printf_string                           0x00000ab1   Thumb Code     8  _printf_char.o(.text)
    _printf_lcs_common                       0x00000ab9   Thumb Code    20  _printf_wchar.o(.text)
    _printf_wchar                            0x00000acd   Thumb Code    16  _printf_wchar.o(.text)
    _printf_wstring                          0x00000add   Thumb Code     8  _printf_wchar.o(.text)
    _c16rtomb                                0x00000ae5   Thumb Code    72  _c16rtomb.o(.text)
    _wcrtomb                                 0x00000ae5   Thumb Code     0  _c16rtomb.o(.text)
    __rt_ctype_table                         0x00000b2d   Thumb Code    16  rt_ctype_table.o(.text)
    __user_setup_stackheap                   0x00000b3d   Thumb Code    74  sys_stackheap_outer.o(.text)
    __rt_locale                              0x00000b87   Thumb Code    10  rt_locale_twolibspace.o(.text)
    exit                                     0x00000b91   Thumb Code    18  exit.o(.text)
    strcmp                                   0x00000ba5   Thumb Code   128  strcmpv7m.o(.text)
    _sys_exit                                0x00000c25   Thumb Code     8  sys_exit.o(.text)
    DMA_IRQHandler                           0x00000c51   Thumb Code   224  gpdma_lpc17xx.o(.text.DMA_IRQHandler)
    GLCD_ClearScreen                         0x00000d39   Thumb Code    44  glcd_mcb1700.o(.text.GLCD_ClearScreen)
    GLCD_DrawChar                            0x00000d65   Thumb Code   156  glcd_mcb1700.o(.text.GLCD_DrawChar)
    GLCD_DrawString                          0x00000e09   Thumb Code    36  glcd_mcb1700.o(.text.GLCD_DrawString)
    GLCD_Initialize                          0x00000e31   Thumb Code  1260  glcd_mcb1700.o(.text.GLCD_Initialize)
    GLCD_SetBackgroundColor                  0x00001331   Thumb Code     8  glcd_mcb1700.o(.text.GLCD_SetBackgroundColor)
    GLCD_SetFont                             0x0000133d   Thumb Code     8  glcd_mcb1700.o(.text.GLCD_SetFont)
    GLCD_SetForegroundColor                  0x00001345   Thumb Code     8  glcd_mcb1700.o(.text.GLCD_SetForegroundColor)
    GPIO_PinRead                             0x000013dd   Thumb Code    16  gpio_lpc17xx.o(.text.GPIO_PinRead)
    GPIO_PinWrite                            0x000013f1   Thumb Code    24  gpio_lpc17xx.o(.text.GPIO_PinWrite)
    GPIO_PortClock                           0x00001409   Thumb Code    20  gpio_lpc17xx.o(.text.GPIO_PortClock)
    GPIO_SetDir                              0x00001421   Thumb Code    24  gpio_lpc17xx.o(.text.GPIO_SetDir)
    PIN_Configure                            0x000015c1   Thumb Code   104  pin_lpc17xx.o(.text.PIN_Configure)
    SPI_IRQHandler                           0x0000162d   Thumb Code   196  spi_lpc17xx.o(.text.SPI_IRQHandler)
    SSP1_IRQHandler                          0x00001a15   Thumb Code   168  ssp_lpc17xx.o(.text.SSP1_IRQHandler)
    SystemCoreClockUpdate                    0x00001cf1   Thumb Code   156  system_lpc17xx.o(.text.SystemCoreClockUpdate)
    SystemInit                               0x00001da1   Thumb Code   212  system_lpc17xx.o(.text.SystemInit)
    TIMER1_IRQHandler                        0x00001e81   Thumb Code    20  main.o(.text.TIMER1_IRQHandler)
    _mutex_acquire                           0x00001e99   Thumb Code    20  rtx_conf_cm.o(.text._mutex_acquire)
    _mutex_release                           0x00001eb1   Thumb Code    16  rtx_conf_cm.o(.text._mutex_release)
    _platform_post_lib_init                  0x00001ec9   Thumb Code    20  rtx_conf_cm.o(.text._platform_post_lib_init)
    adjust_durations                         0x00001ee1   Thumb Code   532  main.o(.text.adjust_durations)
    adjust_threshold                         0x00002149   Thumb Code   356  main.o(.text.adjust_threshold)
    control_actuators                        0x00002311   Thumb Code   540  main.o(.text.control_actuators)
    control_thread                           0x0000257d   Thumb Code   112  main.o(.text.control_thread)
    control_timers                           0x000025f1   Thumb Code  1036  main.o(.text.control_timers)
    display_menu                             0x00002a75   Thumb Code   272  main.o(.text.display_menu)
    init_adc                                 0x00002bb1   Thumb Code    28  main.o(.text.init_adc)
    init_gpio                                0x00002bd5   Thumb Code    44  main.o(.text.init_gpio)
    init_hardware                            0x00002c0d   Thumb Code    22  main.o(.text.init_hardware)
    init_timer                               0x00002c25   Thumb Code    44  main.o(.text.init_timer)
    init_uart                                0x00002c5d   Thumb Code    40  main.o(.text.init_uart)
    main                                     0x00002c8d   Thumb Code   128  main.o(.text.main)
    menu_thread                              0x00002d45   Thumb Code   148  main.o(.text.menu_thread)
    monitor_thread                           0x00002ddd   Thumb Code    68  main.o(.text.monitor_thread)
    os_idle_demon                            0x00002e21   Thumb Code     2  rtx_conf_cm.o(.text.os_idle_demon)
    read_adc_channel                         0x00002e25   Thumb Code    48  main.o(.text.read_adc_channel)
    read_joystick                            0x00002e59   Thumb Code    56  main.o(.text.read_joystick)
    send_uart_string                         0x00002e95   Thumb Code    20  main.o(.text.send_uart_string)
    sensor_thread                            0x00002ead   Thumb Code    44  main.o(.text.sensor_thread)
    show_sensors                             0x00002ed9   Thumb Code   260  main.o(.text.show_sensors)
    toggle_actuator                          0x000030c9   Thumb Code    28  main.o(.text.toggle_actuator)
    uart_receive_thread                      0x000030e5   Thumb Code   144  main.o(.text.uart_receive_thread)
    uart_thread                              0x00003191   Thumb Code    56  main.o(.text.uart_thread)
    update_time                              0x000031e9   Thumb Code    52  main.o(.text.update_time)
    SVC_Count                                0x000032e4   Data           4  svc_table.o(SVC_TABLE)
    SVC_Table                                0x000032e8   Data           0  svc_table.o(SVC_TABLE)
    _init_box                                0x000032e9   Thumb Code    70  rt_membox.o(i._init_box)
    _is_digit                                0x0000332f   Thumb Code    14  __printf_wp.o(i._is_digit)
    dbg_init                                 0x0000333d   Thumb Code    34  hal_cm.o(i.dbg_init)
    dbg_task_notify                          0x0000336d   Thumb Code    32  hal_cm.o(i.dbg_task_notify)
    dbg_task_switch                          0x0000338d   Thumb Code    16  hal_cm.o(i.dbg_task_switch)
    isrMessageGet                            0x0000339d   Thumb Code    42  rt_cmsis.o(i.isrMessageGet)
    isrMessagePut                            0x000033c7   Thumb Code    44  rt_cmsis.o(i.isrMessagePut)
    isrSemaphoreRelease                      0x000033f3   Thumb Code    40  rt_cmsis.o(i.isrSemaphoreRelease)
    isr_mbx_receive                          0x0000341d   Thumb Code    86  rt_mailbox.o(i.isr_mbx_receive)
    isr_mbx_send                             0x00003473   Thumb Code    14  rt_mailbox.o(i.isr_mbx_send)
    isr_sem_send                             0x00003481   Thumb Code    16  rt_semaphore.o(i.isr_sem_send)
    osDelay                                  0x00003491   Thumb Code    18  rt_cmsis.o(i.osDelay)
    osKernelInitialize                       0x000034a9   Thumb Code    30  rt_cmsis.o(i.osKernelInitialize)
    osKernelStart                            0x000034cd   Thumb Code    98  rt_cmsis.o(i.osKernelStart)
    osKernelSysTick                          0x00003539   Thumb Code    18  rt_cmsis.o(i.osKernelSysTick)
    osMessageGet                             0x00003551   Thumb Code    18  rt_cmsis.o(i.osMessageGet)
    osMutexCreate                            0x00003569   Thumb Code    36  rt_cmsis.o(i.osMutexCreate)
    osMutexRelease                           0x00003595   Thumb Code    18  rt_cmsis.o(i.osMutexRelease)
    osMutexWait                              0x000035ad   Thumb Code    18  rt_cmsis.o(i.osMutexWait)
    osSemaphoreCreate                        0x000035c5   Thumb Code    36  rt_cmsis.o(i.osSemaphoreCreate)
    osSemaphoreRelease                       0x000035f1   Thumb Code    18  rt_cmsis.o(i.osSemaphoreRelease)
    osSemaphoreWait                          0x00003609   Thumb Code    20  rt_cmsis.o(i.osSemaphoreWait)
    osThreadCreate                           0x00003621   Thumb Code    36  rt_cmsis.o(i.osThreadCreate)
    osThreadExit                             0x0000364d   Thumb Code    14  rt_cmsis.o(i.osThreadExit)
    osTimerCall                              0x00003665   Thumb Code     8  rt_cmsis.o(i.osTimerCall)
    osTimerThread                            0x00003671   Thumb Code    38  rt_cmsis.o(i.osTimerThread)
    os_tick_init                             0x0000369d   Thumb Code    32  rt_system.o(i.os_tick_init)
    os_tick_irqack                           0x000036c5   Thumb Code     2  rt_system.o(i.os_tick_irqack)
    os_tick_ovf                              0x000036c9   Thumb Code    10  rt_system.o(i.os_tick_ovf)
    os_tick_val                              0x000036d9   Thumb Code    14  rt_system.o(i.os_tick_val)
    rt_alloc_box                             0x000036ed   Thumb Code    26  rt_membox.o(i.rt_alloc_box)
    rt_alloc_mem                             0x00003707   Thumb Code    62  rt_memory.o(i.rt_alloc_mem)
    rt_block                                 0x00003745   Thumb Code    48  rt_task.o(i.rt_block)
    rt_chk_robin                             0x0000377d   Thumb Code    60  rt_robin.o(i.rt_chk_robin)
    rt_dec_dly                               0x000037c5   Thumb Code   102  rt_list.o(i.rt_dec_dly)
    rt_dispatch                              0x00003835   Thumb Code    60  rt_task.o(i.rt_dispatch)
    rt_dly_wait                              0x00003879   Thumb Code     6  rt_time.o(i.rt_dly_wait)
    rt_evt_psh                               0x00003881   Thumb Code    76  rt_event.o(i.rt_evt_psh)
    rt_free_box                              0x000038d1   Thumb Code    44  rt_membox.o(i.rt_free_box)
    rt_free_mem                              0x000038fd   Thumb Code    40  rt_memory.o(i.rt_free_mem)
    rt_get_first                             0x00003925   Thumb Code    40  rt_list.o(i.rt_get_first)
    rt_init_mem                              0x0000399d   Thumb Code    26  rt_memory.o(i.rt_init_mem)
    rt_init_robin                            0x000039b9   Thumb Code    14  rt_robin.o(i.rt_init_robin)
    rt_init_stack                            0x000039d1   Thumb Code   118  hal_cm.o(i.rt_init_stack)
    rt_mbx_check                             0x00003a51   Thumb Code     8  rt_mailbox.o(i.rt_mbx_check)
    rt_mbx_init                              0x00003a59   Thumb Code    26  rt_mailbox.o(i.rt_mbx_init)
    rt_mbx_psh                               0x00003a75   Thumb Code   236  rt_mailbox.o(i.rt_mbx_psh)
    rt_mbx_wait                              0x00003b65   Thumb Code   174  rt_mailbox.o(i.rt_mbx_wait)
    rt_mut_init                              0x00003c5d   Thumb Code    16  rt_mutex.o(i.rt_mut_init)
    rt_mut_release                           0x00003c6d   Thumb Code   208  rt_mutex.o(i.rt_mut_release)
    rt_mut_wait                              0x00003d45   Thumb Code   114  rt_mutex.o(i.rt_mut_wait)
    rt_pop_req                               0x00003dbd   Thumb Code   112  rt_system.o(i.rt_pop_req)
    rt_psh_req                               0x00003e39   Thumb Code    22  rt_system.o(i.rt_psh_req)
    rt_psq_enq                               0x00003e59   Thumb Code    88  rt_list.o(i.rt_psq_enq)
    rt_put_dly                               0x00003eb5   Thumb Code    68  rt_list.o(i.rt_put_dly)
    rt_put_prio                              0x00003efd   Thumb Code    54  rt_list.o(i.rt_put_prio)
    rt_put_rdy_first                         0x00003f35   Thumb Code    14  rt_list.o(i.rt_put_rdy_first)
    rt_resort_prio                           0x00003f49   Thumb Code    46  rt_list.o(i.rt_resort_prio)
    rt_ret_val                               0x00003f7d   Thumb Code     6  hal_cm.o(i.rt_ret_val)
    rt_ret_val2                              0x00003f83   Thumb Code     8  hal_cm.o(i.rt_ret_val2)
    rt_rmv_dly                               0x00003f8b   Thumb Code    40  rt_list.o(i.rt_rmv_dly)
    rt_rmv_list                              0x00003fb5   Thumb Code    44  rt_list.o(i.rt_rmv_list)
    rt_sem_init                              0x00003fe5   Thumb Code    12  rt_semaphore.o(i.rt_sem_init)
    rt_sem_psh                               0x00003ff1   Thumb Code    48  rt_semaphore.o(i.rt_sem_psh)
    rt_sem_send                              0x00004025   Thumb Code    42  rt_semaphore.o(i.rt_sem_send)
    rt_sem_wait                              0x00004051   Thumb Code    58  rt_semaphore.o(i.rt_sem_wait)
    rt_stk_check                             0x00004091   Thumb Code    28  rt_system.o(i.rt_stk_check)
    rt_switch_req                            0x000040b5   Thumb Code    30  rt_task.o(i.rt_switch_req)
    rt_sys_init                              0x000040dd   Thumb Code   138  rt_task.o(i.rt_sys_init)
    rt_sys_start                             0x000041a9   Thumb Code   110  rt_task.o(i.rt_sys_start)
    rt_systick                               0x00004221   Thumb Code    50  rt_system.o(i.rt_systick)
    rt_tsk_create                            0x000042a9   Thumb Code   118  rt_task.o(i.rt_tsk_create)
    rt_tsk_delete                            0x00004331   Thumb Code   352  rt_task.o(i.rt_tsk_delete)
    rt_tsk_prio                              0x000044ad   Thumb Code   108  rt_task.o(i.rt_tsk_prio)
    rt_tsk_self                              0x00004529   Thumb Code    12  rt_task.o(i.rt_tsk_self)
    svcDelay                                 0x00004539   Thumb Code    18  rt_cmsis.o(i.svcDelay)
    svcKernelInitialize                      0x0000454d   Thumb Code    80  rt_cmsis.o(i.svcKernelInitialize)
    svcKernelStart                           0x000045bd   Thumb Code    62  rt_cmsis.o(i.svcKernelStart)
    svcKernelSysTick                         0x00004605   Thumb Code    46  rt_cmsis.o(i.svcKernelSysTick)
    svcMessageCreate                         0x0000463d   Thumb Code    36  rt_cmsis.o(i.svcMessageCreate)
    svcMessageGet                            0x00004661   Thumb Code    58  rt_cmsis.o(i.svcMessageGet)
    svcMutexCreate                           0x0000469b   Thumb Code    28  rt_cmsis.o(i.svcMutexCreate)
    svcMutexRelease                          0x000046b7   Thumb Code    34  rt_cmsis.o(i.svcMutexRelease)
    svcMutexWait                             0x000046d9   Thumb Code    58  rt_cmsis.o(i.svcMutexWait)
    svcSemaphoreCreate                       0x00004713   Thumb Code    36  rt_cmsis.o(i.svcSemaphoreCreate)
    svcSemaphoreRelease                      0x00004737   Thumb Code    40  rt_cmsis.o(i.svcSemaphoreRelease)
    svcSemaphoreWait                         0x0000475f   Thumb Code    50  rt_cmsis.o(i.svcSemaphoreWait)
    svcThreadCreate                          0x00004791   Thumb Code    96  rt_cmsis.o(i.svcThreadCreate)
    svcThreadGetId                           0x000047fd   Thumb Code    22  rt_cmsis.o(i.svcThreadGetId)
    svcThreadTerminate                       0x00004819   Thumb Code    50  rt_cmsis.o(i.svcThreadTerminate)
    svcTimerCall                             0x00004851   Thumb Code    24  rt_cmsis.o(i.svcTimerCall)
    sysTimerTick                             0x00004869   Thumb Code    84  rt_cmsis.o(i.sysTimerTick)
    _get_lc_ctype                            0x000048c5   Thumb Code    44  lc_ctype_c.o(locale$$code)
    CMSIS_RTOS_API_Version                   0x00004934   Data           4  rtx_conf_cm.o(.rodata.CMSIS_RTOS_API_Version)
    CMSIS_RTOS_RTX_Version                   0x00004938   Data           4  rtx_conf_cm.o(.rodata.CMSIS_RTOS_RTX_Version)
    Driver_SPI1                              0x0000493c   Data          44  ssp_lpc17xx.o(.rodata.Driver_SPI1)
    GLCD_Font_16x24                          0x00005e68   Data          16  glcd_fonts.o(.rodata.GLCD_Font_16x24)
    mp_stk_size                              0x00005ed0   Data           4  rtx_conf_cm.o(.rodata.mp_stk_size)
    mp_tcb_size                              0x00005ed4   Data           2  rtx_conf_cm.o(.rodata.mp_tcb_size)
    mp_tmr_size                              0x00005ed6   Data           2  rtx_conf_cm.o(.rodata.mp_tmr_size)
    os_clockrate                             0x00005ed8   Data           4  rtx_conf_cm.o(.rodata.os_clockrate)
    os_fifo_size                             0x00005edc   Data           1  rtx_conf_cm.o(.rodata.os_fifo_size)
    os_flags                                 0x00005edd   Data           1  rtx_conf_cm.o(.rodata.os_flags)
    os_maxtaskrun                            0x00005ede   Data           2  rtx_conf_cm.o(.rodata.os_maxtaskrun)
    os_messageQ_def_osTimerMessageQ          0x00005ee0   Data           8  rtx_conf_cm.o(.rodata.os_messageQ_def_osTimerMessageQ)
    os_mutex_def_adc_mutex                   0x00005ee8   Data           4  main.o(.rodata.os_mutex_def_adc_mutex)
    os_mutex_def_glcd_mutex                  0x00005eec   Data           4  main.o(.rodata.os_mutex_def_glcd_mutex)
    os_rrobin                                0x00005ef0   Data           4  rtx_conf_cm.o(.rodata.os_rrobin)
    os_semaphore_def_heater_sem              0x00005ef4   Data           4  main.o(.rodata.os_semaphore_def_heater_sem)
    os_semaphore_def_light_sem               0x00005ef8   Data           4  main.o(.rodata.os_semaphore_def_light_sem)
    os_semaphore_def_sprinkler_sem           0x00005efc   Data           4  main.o(.rodata.os_semaphore_def_sprinkler_sem)
    os_stack_sz                              0x00005f00   Data           4  rtx_conf_cm.o(.rodata.os_stack_sz)
    os_stackinfo                             0x00005f04   Data           4  rtx_conf_cm.o(.rodata.os_stackinfo)
    os_thread_def_control_thread             0x00005f08   Data          16  main.o(.rodata.os_thread_def_control_thread)
    os_thread_def_main                       0x00005f18   Data          16  rtx_conf_cm.o(.rodata.os_thread_def_main)
    os_thread_def_menu_thread                0x00005f28   Data          16  main.o(.rodata.os_thread_def_menu_thread)
    os_thread_def_monitor_thread             0x00005f38   Data          16  main.o(.rodata.os_thread_def_monitor_thread)
    os_thread_def_osTimerThread              0x00005f48   Data          16  rtx_conf_cm.o(.rodata.os_thread_def_osTimerThread)
    os_thread_def_sensor_thread              0x00005f58   Data          16  main.o(.rodata.os_thread_def_sensor_thread)
    os_thread_def_uart_receive_thread        0x00005f68   Data          16  main.o(.rodata.os_thread_def_uart_receive_thread)
    os_thread_def_uart_thread                0x00005f78   Data          16  main.o(.rodata.os_thread_def_uart_thread)
    os_timernum                              0x00005f88   Data           4  rtx_conf_cm.o(.rodata.os_timernum)
    os_trv                                   0x00005f8c   Data           4  rtx_conf_cm.o(.rodata.os_trv)
    Region$$Table$$Base                      0x00006080   Number         0  anon$$obj.o(Region$$Table)
    Region$$Table$$Limit                     0x000060a0   Number         0  anon$$obj.o(Region$$Table)
    __ctype                                  0x000060ad   Data           0  lc_ctype_c.o(locale$$data)
    __ARM_use_no_argv                        0x10000000   Data           4  main.o(.ARM.use_no_argv)
    os_initialized                           0x10000004   Data           1  rt_cmsis.o(.data)
    os_running                               0x10000005   Data           1  rt_cmsis.o(.data)
    os_timer_head                            0x10000008   Data           4  rt_cmsis.o(.data)
    os_tsk                                   0x1000000c   Data           8  rt_task.o(.data)
    os_tick_irqn                             0x10000018   Data           4  rt_system.o(.data)
    os_time                                  0x1000001c   Data           4  rt_time.o(.data)
    os_robin                                 0x10000020   Data           8  rt_robin.o(.data)
    dbg_msg                                  0x10000028   Data           1  hal_cm.o(.data)
    SystemCoreClock                          0x1000002c   Data           4  system_lpc17xx.o(.data.SystemCoreClock)
    os_idle_TCB                              0x10000068   Data          52  rt_task.o(.bss)
    os_rdy                                   0x1000009c   Data          24  rt_list.o(.bss)
    os_dly                                   0x100000b4   Data          24  rt_list.o(.bss)
    __libspace_start                         0x100000cc   Data          96  libspace.o(.bss)
    __temporary_stack_top$libspace           0x1000012c   Data           0  libspace.o(.bss)
    m_tmr                                    0x10000288   Data           4  rtx_conf_cm.o(.bss.m_tmr)
    mp_stk                                   0x10000290   Data       12304  rtx_conf_cm.o(.bss.mp_stk)
    mp_tcb                                   0x100032a0   Data         688  rtx_conf_cm.o(.bss.mp_tcb)
    osMessageQId_osTimerMessageQ             0x10003550   Data           4  rtx_conf_cm.o(.bss.osMessageQId_osTimerMessageQ)
    osThreadId_osTimerThread                 0x10003554   Data           4  rtx_conf_cm.o(.bss.osThreadId_osTimerThread)
    os_active_TCB                            0x10003558   Data          52  rtx_conf_cm.o(.bss.os_active_TCB)
    os_fifo                                  0x1000358c   Data         132  rtx_conf_cm.o(.bss.os_fifo)
    os_messageQ_q_osTimerMessageQ            0x10003610   Data          32  rtx_conf_cm.o(.bss.os_messageQ_q_osTimerMessageQ)
    os_mutex_cb_adc_mutex                    0x10003630   Data          16  main.o(.bss.os_mutex_cb_adc_mutex)
    os_mutex_cb_glcd_mutex                   0x10003640   Data          16  main.o(.bss.os_mutex_cb_glcd_mutex)
    os_semaphore_cb_heater_sem               0x10003650   Data           8  main.o(.bss.os_semaphore_cb_heater_sem)
    os_semaphore_cb_light_sem                0x10003658   Data           8  main.o(.bss.os_semaphore_cb_light_sem)
    os_semaphore_cb_sprinkler_sem            0x10003660   Data           8  main.o(.bss.os_semaphore_cb_sprinkler_sem)
    os_stack_mem                             0x10003668   Data        1256  rtx_conf_cm.o(.bss.os_stack_mem)



==============================================================================

Memory Map of the image

  Image Entry point : 0x000001fd

  Load Region LR_1 (Base: 0x00000000, Size: 0x00006218, Max: 0xffffffff, ABSOLUTE)

    Execution Region ER_RO (Exec base: 0x00000000, Load base: 0x00000000, Size: 0x000061b0, Max: 0xffffffff, ABSOLUTE)

    Exec Addr    Load Addr    Size         Type   Attr      Idx    E Section Name        Object

    0x00000000   0x00000000   0x000000cc   Data   RO          479    RESET               startup_lpc17xx.o
    0x000000cc   0x000000cc   0x00000008   Code   RO         1804  * !!!main             c_w.l(__main.o)
    0x000000d4   0x000000d4   0x0000005c   Code   RO         2005    !!!scatter          c_w.l(__scatter.o)
    0x00000130   0x00000130   0x0000001a   Code   RO         2009    !!handler_copy      c_w.l(__scatter_copy.o)
    0x0000014a   0x0000014a   0x00000002   PAD
    0x0000014c   0x0000014c   0x00000002   Code   RO         2006    !!handler_null      c_w.l(__scatter.o)
    0x0000014e   0x0000014e   0x00000002   PAD
    0x00000150   0x00000150   0x0000001c   Code   RO         2011    !!handler_zi        c_w.l(__scatter_zi.o)
    0x0000016c   0x0000016c   0x00000000   Code   RO         1795    .ARM.Collect$$_printf_percent$$00000000  c_w.l(_printf_percent.o)
    0x0000016c   0x0000016c   0x00000006   Code   RO         1788    .ARM.Collect$$_printf_percent$$00000001  c_w.l(_printf_n.o)
    0x00000172   0x00000172   0x00000006   Code   RO         1790    .ARM.Collect$$_printf_percent$$00000002  c_w.l(_printf_p.o)
    0x00000178   0x00000178   0x00000006   Code   RO         1792    .ARM.Collect$$_printf_percent$$00000008  c_w.l(_printf_i.o)
    0x0000017e   0x0000017e   0x00000006   Code   RO         1793    .ARM.Collect$$_printf_percent$$00000009  c_w.l(_printf_d.o)
    0x00000184   0x00000184   0x00000006   Code   RO         1794    .ARM.Collect$$_printf_percent$$0000000A  c_w.l(_printf_u.o)
    0x0000018a   0x0000018a   0x00000006   Code   RO         1791    .ARM.Collect$$_printf_percent$$0000000B  c_w.l(_printf_o.o)
    0x00000190   0x00000190   0x00000006   Code   RO         1789    .ARM.Collect$$_printf_percent$$0000000C  c_w.l(_printf_x.o)
    0x00000196   0x00000196   0x0000000a   Code   RO         1822    .ARM.Collect$$_printf_percent$$00000012  c_w.l(_printf_l.o)
    0x000001a0   0x000001a0   0x00000006   Code   RO         1786    .ARM.Collect$$_printf_percent$$00000013  c_w.l(_printf_c.o)
    0x000001a6   0x000001a6   0x00000006   Code   RO         1787    .ARM.Collect$$_printf_percent$$00000014  c_w.l(_printf_s.o)
    0x000001ac   0x000001ac   0x00000006   Code   RO         1796    .ARM.Collect$$_printf_percent$$00000015  c_w.l(_printf_lc.o)
    0x000001b2   0x000001b2   0x00000006   Code   RO         1797    .ARM.Collect$$_printf_percent$$00000016  c_w.l(_printf_ls.o)
    0x000001b8   0x000001b8   0x00000004   Code   RO         1821    .ARM.Collect$$_printf_percent$$00000017  c_w.l(_printf_percent_end.o)
    0x000001bc   0x000001bc   0x00000002   Code   RO         1868    .ARM.Collect$$libinit$$00000000  c_w.l(libinit.o)
    0x000001be   0x000001be   0x00000000   Code   RO         1880    .ARM.Collect$$libinit$$00000002  c_w.l(libinit2.o)
    0x000001be   0x000001be   0x00000000   Code   RO         1882    .ARM.Collect$$libinit$$00000004  c_w.l(libinit2.o)
    0x000001be   0x000001be   0x00000000   Code   RO         1884    .ARM.Collect$$libinit$$00000006  c_w.l(libinit2.o)
    0x000001be   0x000001be   0x00000000   Code   RO         1887    .ARM.Collect$$libinit$$0000000C  c_w.l(libinit2.o)
    0x000001be   0x000001be   0x00000000   Code   RO         1889    .ARM.Collect$$libinit$$0000000E  c_w.l(libinit2.o)
    0x000001be   0x000001be   0x00000000   Code   RO         1891    .ARM.Collect$$libinit$$00000010  c_w.l(libinit2.o)
    0x000001be   0x000001be   0x00000006   Code   RO         1892    .ARM.Collect$$libinit$$00000011  c_w.l(libinit2.o)
    0x000001c4   0x000001c4   0x00000000   Code   RO         1894    .ARM.Collect$$libinit$$00000013  c_w.l(libinit2.o)
    0x000001c4   0x000001c4   0x0000000c   Code   RO         1895    .ARM.Collect$$libinit$$00000014  c_w.l(libinit2.o)
    0x000001d0   0x000001d0   0x00000000   Code   RO         1896    .ARM.Collect$$libinit$$00000015  c_w.l(libinit2.o)
    0x000001d0   0x000001d0   0x00000000   Code   RO         1898    .ARM.Collect$$libinit$$00000017  c_w.l(libinit2.o)
    0x000001d0   0x000001d0   0x00000000   Code   RO         1900    .ARM.Collect$$libinit$$00000019  c_w.l(libinit2.o)
    0x000001d0   0x000001d0   0x00000000   Code   RO         1902    .ARM.Collect$$libinit$$0000001B  c_w.l(libinit2.o)
    0x000001d0   0x000001d0   0x00000000   Code   RO         1904    .ARM.Collect$$libinit$$0000001D  c_w.l(libinit2.o)
    0x000001d0   0x000001d0   0x00000000   Code   RO         1906    .ARM.Collect$$libinit$$0000001F  c_w.l(libinit2.o)
    0x000001d0   0x000001d0   0x00000000   Code   RO         1908    .ARM.Collect$$libinit$$00000021  c_w.l(libinit2.o)
    0x000001d0   0x000001d0   0x00000000   Code   RO         1910    .ARM.Collect$$libinit$$00000023  c_w.l(libinit2.o)
    0x000001d0   0x000001d0   0x00000000   Code   RO         1912    .ARM.Collect$$libinit$$00000025  c_w.l(libinit2.o)
    0x000001d0   0x000001d0   0x00000000   Code   RO         1914    .ARM.Collect$$libinit$$00000027  c_w.l(libinit2.o)
    0x000001d0   0x000001d0   0x00000000   Code   RO         1918    .ARM.Collect$$libinit$$0000002E  c_w.l(libinit2.o)
    0x000001d0   0x000001d0   0x00000000   Code   RO         1920    .ARM.Collect$$libinit$$00000030  c_w.l(libinit2.o)
    0x000001d0   0x000001d0   0x00000000   Code   RO         1922    .ARM.Collect$$libinit$$00000032  c_w.l(libinit2.o)
    0x000001d0   0x000001d0   0x00000000   Code   RO         1924    .ARM.Collect$$libinit$$00000034  c_w.l(libinit2.o)
    0x000001d0   0x000001d0   0x00000002   Code   RO         1925    .ARM.Collect$$libinit$$00000035  c_w.l(libinit2.o)
    0x000001d2   0x000001d2   0x00000002   Code   RO         1960    .ARM.Collect$$libshutdown$$00000000  c_w.l(libshutdown.o)
    0x000001d4   0x000001d4   0x00000000   Code   RO         1988    .ARM.Collect$$libshutdown$$00000002  c_w.l(libshutdown2.o)
    0x000001d4   0x000001d4   0x00000000   Code   RO         1990    .ARM.Collect$$libshutdown$$00000004  c_w.l(libshutdown2.o)
    0x000001d4   0x000001d4   0x00000000   Code   RO         1993    .ARM.Collect$$libshutdown$$00000007  c_w.l(libshutdown2.o)
    0x000001d4   0x000001d4   0x00000000   Code   RO         1996    .ARM.Collect$$libshutdown$$0000000A  c_w.l(libshutdown2.o)
    0x000001d4   0x000001d4   0x00000000   Code   RO         1998    .ARM.Collect$$libshutdown$$0000000C  c_w.l(libshutdown2.o)
    0x000001d4   0x000001d4   0x00000000   Code   RO         2001    .ARM.Collect$$libshutdown$$0000000F  c_w.l(libshutdown2.o)
    0x000001d4   0x000001d4   0x00000002   Code   RO         2002    .ARM.Collect$$libshutdown$$00000010  c_w.l(libshutdown2.o)
    0x000001d6   0x000001d6   0x00000000   Code   RO         1806    .ARM.Collect$$rtentry$$00000000  c_w.l(__rtentry.o)
    0x000001d6   0x000001d6   0x00000000   Code   RO         1826    .ARM.Collect$$rtentry$$00000002  c_w.l(__rtentry2.o)
    0x000001d6   0x000001d6   0x00000006   Code   RO         1838    .ARM.Collect$$rtentry$$00000004  c_w.l(__rtentry4.o)
    0x000001dc   0x000001dc   0x00000000   Code   RO         1828    .ARM.Collect$$rtentry$$00000009  c_w.l(__rtentry2.o)
    0x000001dc   0x000001dc   0x00000004   Code   RO         1829    .ARM.Collect$$rtentry$$0000000A  c_w.l(__rtentry2.o)
    0x000001e0   0x000001e0   0x00000008   Code   RO         1830    .ARM.Collect$$rtentry$$0000000B  c_w.l(__rtentry2.o)
    0x000001e8   0x000001e8   0x00000008   Code   RO         1832    .ARM.Collect$$rtentry$$0000000D  c_w.l(__rtentry2.o)
    0x000001f0   0x000001f0   0x00000002   Code   RO         1869    .ARM.Collect$$rtexit$$00000000  c_w.l(rtexit.o)
    0x000001f2   0x000001f2   0x00000000   Code   RO         1931    .ARM.Collect$$rtexit$$00000002  c_w.l(rtexit2.o)
    0x000001f2   0x000001f2   0x00000004   Code   RO         1932    .ARM.Collect$$rtexit$$00000003  c_w.l(rtexit2.o)
    0x000001f6   0x000001f6   0x00000006   Code   RO         1933    .ARM.Collect$$rtexit$$00000004  c_w.l(rtexit2.o)
    0x000001fc   0x000001fc   0x0000003c   Code   RO          481  * .text               startup_lpc17xx.o
    0x00000238   0x00000238   0x00000008   Code   RO         1715    .text               c_w.l(libspace.o)
    0x00000240   0x00000240   0x00000040   Code   RO         1722    .text               c_w.l(noretval__2snprintf.o)
    0x00000280   0x00000280   0x0000004e   Code   RO         1726    .text               c_w.l(_printf_pad.o)
    0x000002ce   0x000002ce   0x00000024   Code   RO         1728    .text               c_w.l(_printf_truncate.o)
    0x000002f2   0x000002f2   0x00000006   Code   RO         1802    .text               c_w.l(heapauxi.o)
    0x000002f8   0x000002f8   0x00000002   Code   RO         1949    .text               c_w.l(use_no_semi.o)
    0x000002fa   0x000002fa   0x00000000   Code   RO         1951    .text               c_w.l(indicate_semi.o)
    0x000002fa   0x000002fa   0x00000002   Code   RO          253    .text.os_error      rtx_conf_cm.o
    0x000002fc   0x000002fc   0x00000004   Code   RO          480    .ARM.__at_0x02FC    startup_lpc17xx.o
    0x00000300   0x00000300   0x00000130   Code   RO         1700    .emb_text           RTX_CM3.lib(hal_cm3.o)
    0x00000430   0x00000430   0x000000f0   Code   RO         1718    .text               c_w.l(lludivv7m.o)
    0x00000520   0x00000520   0x00000052   Code   RO         1730    .text               c_w.l(_printf_str.o)
    0x00000572   0x00000572   0x00000002   PAD
    0x00000574   0x00000574   0x00000078   Code   RO         1732    .text               c_w.l(_printf_dec.o)
    0x000005ec   0x000005ec   0x00000028   Code   RO         1734    .text               c_w.l(_printf_charcount.o)
    0x00000614   0x00000614   0x000000bc   Code   RO         1736    .text               c_w.l(_printf_wctomb.o)
    0x000006d0   0x000006d0   0x00000054   Code   RO         1741    .text               c_w.l(_printf_oct_int.o)
    0x00000724   0x00000724   0x0000007c   Code   RO         1757    .text               c_w.l(_printf_hex_int_ptr.o)
    0x000007a0   0x000007a0   0x00000188   Code   RO         1783    .text               c_w.l(__printf_flags_ss_wp.o)
    0x00000928   0x00000928   0x00000024   Code   RO         1798    .text               c_w.l(strstr.o)
    0x0000094c   0x0000094c   0x0000004e   Code   RO         1800    .text               c_w.l(rt_memclr_w.o)
    0x0000099a   0x0000099a   0x000000b2   Code   RO         1811    .text               c_w.l(_printf_intcommon.o)
    0x00000a4c   0x00000a4c   0x00000030   Code   RO         1813    .text               c_w.l(_printf_char_common.o)
    0x00000a7c   0x00000a7c   0x00000010   Code   RO         1815    .text               c_w.l(_snputc.o)
    0x00000a8c   0x00000a8c   0x0000002c   Code   RO         1817    .text               c_w.l(_printf_char.o)
    0x00000ab8   0x00000ab8   0x0000002c   Code   RO         1819    .text               c_w.l(_printf_wchar.o)
    0x00000ae4   0x00000ae4   0x00000048   Code   RO         1823    .text               c_w.l(_c16rtomb.o)
    0x00000b2c   0x00000b2c   0x00000010   Code   RO         1840    .text               c_w.l(rt_ctype_table.o)
    0x00000b3c   0x00000b3c   0x0000004a   Code   RO         1846    .text               c_w.l(sys_stackheap_outer.o)
    0x00000b86   0x00000b86   0x0000000a   Code   RO         1853    .text               c_w.l(rt_locale_twolibspace.o)
    0x00000b90   0x00000b90   0x00000012   Code   RO         1858    .text               c_w.l(exit.o)
    0x00000ba2   0x00000ba2   0x00000002   PAD
    0x00000ba4   0x00000ba4   0x00000080   Code   RO         1877    .text               c_w.l(strcmpv7m.o)
    0x00000c24   0x00000c24   0x0000000c   Code   RO         1926    .text               c_w.l(sys_exit.o)
    0x00000c30   0x00000c30   0x00000020   Code   RO          421    .text.Clear_Channel_active_flag  gpdma_lpc17xx.o
    0x00000c50   0x00000c50   0x000000e8   Code   RO          431    .text.DMA_IRQHandler  gpdma_lpc17xx.o
    0x00000d38   0x00000d38   0x0000002c   Code   RO          153    .text.GLCD_ClearScreen  glcd_mcb1700.o
    0x00000d64   0x00000d64   0x000000a4   Code   RO          173    .text.GLCD_DrawChar  glcd_mcb1700.o
    0x00000e08   0x00000e08   0x00000028   Code   RO          175    .text.GLCD_DrawString  glcd_mcb1700.o
    0x00000e30   0x00000e30   0x00000500   Code   RO          141    .text.GLCD_Initialize  glcd_mcb1700.o
    0x00001330   0x00001330   0x0000000c   Code   RO          151    .text.GLCD_SetBackgroundColor  glcd_mcb1700.o
    0x0000133c   0x0000133c   0x00000008   Code   RO          163    .text.GLCD_SetFont  glcd_mcb1700.o
    0x00001344   0x00001344   0x00000008   Code   RO          149    .text.GLCD_SetForegroundColor  glcd_mcb1700.o
    0x0000134c   0x0000134c   0x00000090   Code   RO          155    .text.GLCD_SetWindow  glcd_mcb1700.o
    0x000013dc   0x000013dc   0x00000014   Code   RO          450    .text.GPIO_PinRead  gpio_lpc17xx.o
    0x000013f0   0x000013f0   0x00000018   Code   RO          448    .text.GPIO_PinWrite  gpio_lpc17xx.o
    0x00001408   0x00001408   0x00000018   Code   RO          444    .text.GPIO_PortClock  gpio_lpc17xx.o
    0x00001420   0x00001420   0x0000001c   Code   RO          446    .text.GPIO_SetDir   gpio_lpc17xx.o
    0x0000143c   0x0000143c   0x00000030   Code   RO          386    .text.GetSSPClockFreq  ssp_lpc17xx.o
    0x0000146c   0x0000146c   0x00000008   Code   RO           50    .text.OUTLINED_FUNCTION_0  main.o
    0x00001474   0x00001474   0x0000000e   Code   RO          191    .text.OUTLINED_FUNCTION_0  glcd_mcb1700.o
    0x00001482   0x00001482   0x0000000c   Code   RO          388    .text.OUTLINED_FUNCTION_0  ssp_lpc17xx.o
    0x0000148e   0x0000148e   0x00000008   Code   RO           52    .text.OUTLINED_FUNCTION_1  main.o
    0x00001496   0x00001496   0x00000008   Code   RO          193    .text.OUTLINED_FUNCTION_1  glcd_mcb1700.o
    0x0000149e   0x0000149e   0x00000010   Code   RO          390    .text.OUTLINED_FUNCTION_1  ssp_lpc17xx.o
    0x000014ae   0x000014ae   0x0000000e   Code   RO           70    .text.OUTLINED_FUNCTION_10  main.o
    0x000014bc   0x000014bc   0x00000008   Code   RO           72    .text.OUTLINED_FUNCTION_11  main.o
    0x000014c4   0x000014c4   0x0000000c   Code   RO           74    .text.OUTLINED_FUNCTION_12  main.o
    0x000014d0   0x000014d0   0x00000008   Code   RO           76    .text.OUTLINED_FUNCTION_13  main.o
    0x000014d8   0x000014d8   0x00000010   Code   RO           78    .text.OUTLINED_FUNCTION_14  main.o
    0x000014e8   0x000014e8   0x00000006   Code   RO           80    .text.OUTLINED_FUNCTION_15  main.o
    0x000014ee   0x000014ee   0x0000000a   Code   RO           82    .text.OUTLINED_FUNCTION_16  main.o
    0x000014f8   0x000014f8   0x0000000a   Code   RO           84    .text.OUTLINED_FUNCTION_17  main.o
    0x00001502   0x00001502   0x0000000a   Code   RO           86    .text.OUTLINED_FUNCTION_18  main.o
    0x0000150c   0x0000150c   0x0000000a   Code   RO           88    .text.OUTLINED_FUNCTION_19  main.o
    0x00001516   0x00001516   0x00000008   Code   RO           54    .text.OUTLINED_FUNCTION_2  main.o
    0x0000151e   0x0000151e   0x00000008   Code   RO          195    .text.OUTLINED_FUNCTION_2  glcd_mcb1700.o
    0x00001526   0x00001526   0x00000008   Code   RO          392    .text.OUTLINED_FUNCTION_2  ssp_lpc17xx.o
    0x0000152e   0x0000152e   0x0000000a   Code   RO           90    .text.OUTLINED_FUNCTION_20  main.o
    0x00001538   0x00001538   0x0000000e   Code   RO           92    .text.OUTLINED_FUNCTION_21  main.o
    0x00001546   0x00001546   0x00000006   Code   RO           94    .text.OUTLINED_FUNCTION_22  main.o
    0x0000154c   0x0000154c   0x00000006   Code   RO           96    .text.OUTLINED_FUNCTION_23  main.o
    0x00001552   0x00001552   0x00000016   Code   RO           56    .text.OUTLINED_FUNCTION_3  main.o
    0x00001568   0x00001568   0x00000008   Code   RO          197    .text.OUTLINED_FUNCTION_3  glcd_mcb1700.o
    0x00001570   0x00001570   0x00000008   Code   RO          394    .text.OUTLINED_FUNCTION_3  ssp_lpc17xx.o
    0x00001578   0x00001578   0x00000008   Code   RO           58    .text.OUTLINED_FUNCTION_4  main.o
    0x00001580   0x00001580   0x00000006   Code   RO          199    .text.OUTLINED_FUNCTION_4  glcd_mcb1700.o
    0x00001586   0x00001586   0x0000000a   Code   RO           60    .text.OUTLINED_FUNCTION_5  main.o
    0x00001590   0x00001590   0x0000000c   Code   RO          201    .text.OUTLINED_FUNCTION_5  glcd_mcb1700.o
    0x0000159c   0x0000159c   0x00000008   Code   RO           62    .text.OUTLINED_FUNCTION_6  main.o
    0x000015a4   0x000015a4   0x00000008   Code   RO           64    .text.OUTLINED_FUNCTION_7  main.o
    0x000015ac   0x000015ac   0x00000006   Code   RO           66    .text.OUTLINED_FUNCTION_8  main.o
    0x000015b2   0x000015b2   0x0000000e   Code   RO           68    .text.OUTLINED_FUNCTION_9  main.o
    0x000015c0   0x000015c0   0x0000006c   Code   RO          464    .text.PIN_Configure  pin_lpc17xx.o
    0x0000162c   0x0000162c   0x000000cc   Code   RO          312    .text.SPI_IRQHandler  spi_lpc17xx.o
    0x000016f8   0x000016f8   0x000002e0   Code   RO          382    .text.SSP1_Control  ssp_lpc17xx.o
    0x000019d8   0x000019d8   0x00000010   Code   RO          380    .text.SSP1_GetDataCount  ssp_lpc17xx.o
    0x000019e8   0x000019e8   0x0000002c   Code   RO          384    .text.SSP1_GetStatus  ssp_lpc17xx.o
    0x00001a14   0x00001a14   0x000000b0   Code   RO          362    .text.SSP1_IRQHandler  ssp_lpc17xx.o
    0x00001ac4   0x00001ac4   0x00000040   Code   RO          368    .text.SSP1_Initialize  ssp_lpc17xx.o
    0x00001b04   0x00001b04   0x000000e0   Code   RO          372    .text.SSP1_PowerControl  ssp_lpc17xx.o
    0x00001be4   0x00001be4   0x00000040   Code   RO          376    .text.SSP1_Receive  ssp_lpc17xx.o
    0x00001c24   0x00001c24   0x00000040   Code   RO          374    .text.SSP1_Send     ssp_lpc17xx.o
    0x00001c64   0x00001c64   0x00000048   Code   RO          378    .text.SSP1_Transfer  ssp_lpc17xx.o
    0x00001cac   0x00001cac   0x00000038   Code   RO          370    .text.SSP1_Uninitialize  ssp_lpc17xx.o
    0x00001ce4   0x00001ce4   0x00000004   Code   RO          366    .text.SSP_GetCapabilities  ssp_lpc17xx.o
    0x00001ce8   0x00001ce8   0x00000008   Code   RO          364    .text.SSP_GetVersion  ssp_lpc17xx.o
    0x00001cf0   0x00001cf0   0x000000b0   Code   RO          490    .text.SystemCoreClockUpdate  system_lpc17xx.o
    0x00001da0   0x00001da0   0x000000e0   Code   RO          492    .text.SystemInit    system_lpc17xx.o
    0x00001e80   0x00001e80   0x00000018   Code   RO           12    .text.TIMER1_IRQHandler  main.o
    0x00001e98   0x00001e98   0x00000018   Code   RO          259    .text._mutex_acquire  rtx_conf_cm.o
    0x00001eb0   0x00001eb0   0x00000018   Code   RO          261    .text._mutex_release  rtx_conf_cm.o
    0x00001ec8   0x00001ec8   0x00000018   Code   RO          269    .text._platform_post_lib_init  rtx_conf_cm.o
    0x00001ee0   0x00001ee0   0x00000268   Code   RO           42    .text.adjust_durations  main.o
    0x00002148   0x00002148   0x000001c8   Code   RO           40    .text.adjust_threshold  main.o
    0x00002310   0x00002310   0x0000026c   Code   RO           38    .text.control_actuators  main.o
    0x0000257c   0x0000257c   0x00000074   Code   RO           30    .text.control_thread  main.o
    0x000025f0   0x000025f0   0x0000045c   Code   RO           44    .text.control_timers  main.o
    0x00002a4c   0x00002a4c   0x00000028   Code   RO          145    .text.delay_ms      glcd_mcb1700.o
    0x00002a74   0x00002a74   0x0000013c   Code   RO           34    .text.display_menu  main.o
    0x00002bb0   0x00002bb0   0x00000024   Code   RO            4    .text.init_adc      main.o
    0x00002bd4   0x00002bd4   0x00000038   Code   RO            6    .text.init_gpio     main.o
    0x00002c0c   0x00002c0c   0x00000016   Code   RO            2    .text.init_hardware  main.o
    0x00002c22   0x00002c22   0x00000002   PAD
    0x00002c24   0x00002c24   0x00000038   Code   RO           10    .text.init_timer    main.o
    0x00002c5c   0x00002c5c   0x00000030   Code   RO            8    .text.init_uart     main.o
    0x00002c8c   0x00002c8c   0x000000b8   Code   RO           48    .text.main          main.o
    0x00002d44   0x00002d44   0x00000098   Code   RO           46    .text.menu_thread   main.o
    0x00002ddc   0x00002ddc   0x00000044   Code   RO           28    .text.monitor_thread  main.o
    0x00002e20   0x00002e20   0x00000002   Code   RO          251    .text.os_idle_demon  rtx_conf_cm.o
    0x00002e22   0x00002e22   0x00000002   PAD
    0x00002e24   0x00002e24   0x00000034   Code   RO           18    .text.read_adc_channel  main.o
    0x00002e58   0x00002e58   0x0000003c   Code   RO           20    .text.read_joystick  main.o
    0x00002e94   0x00002e94   0x00000018   Code   RO           16    .text.send_uart_string  main.o
    0x00002eac   0x00002eac   0x0000002c   Code   RO           24    .text.sensor_thread  main.o
    0x00002ed8   0x00002ed8   0x00000164   Code   RO           36    .text.show_sensors  main.o
    0x0000303c   0x0000303c   0x00000024   Code   RO          189    .text.spi_tran      glcd_mcb1700.o
    0x00003060   0x00003060   0x00000068   Code   RO          187    .text.spi_tran_man  glcd_mcb1700.o
    0x000030c8   0x000030c8   0x0000001c   Code   RO           22    .text.toggle_actuator  main.o
    0x000030e4   0x000030e4   0x000000ac   Code   RO           32    .text.uart_receive_thread  main.o
    0x00003190   0x00003190   0x00000058   Code   RO           26    .text.uart_thread   main.o
    0x000031e8   0x000031e8   0x00000038   Code   RO           14    .text.update_time   main.o
    0x00003220   0x00003220   0x0000002c   Code   RO          157    .text.wr_cmd        glcd_mcb1700.o
    0x0000324c   0x0000324c   0x00000020   Code   RO          161    .text.wr_dat_only   glcd_mcb1700.o
    0x0000326c   0x0000326c   0x00000018   Code   RO          159    .text.wr_dat_start  glcd_mcb1700.o
    0x00003284   0x00003284   0x00000060   Code   RO          143    .text.wr_reg        glcd_mcb1700.o
    0x000032e4   0x000032e4   0x00000004   Code   RO         1710    SVC_TABLE           RTX_CM3.lib(svc_table.o)
    0x000032e8   0x000032e8   0x00000046   Code   RO         1599    i._init_box         RTX_CM3.lib(rt_membox.o)
    0x0000332e   0x0000332e   0x0000000e   Code   RO         1776    i._is_digit         c_w.l(__printf_wp.o)
    0x0000333c   0x0000333c   0x00000030   Code   RO         1652    i.dbg_init          RTX_CM3.lib(hal_cm.o)
    0x0000336c   0x0000336c   0x00000020   Code   RO         1653    i.dbg_task_notify   RTX_CM3.lib(hal_cm.o)
    0x0000338c   0x0000338c   0x00000010   Code   RO         1654    i.dbg_task_switch   RTX_CM3.lib(hal_cm.o)
    0x0000339c   0x0000339c   0x0000002a   Code   RO          504    i.isrMessageGet     RTX_CM3.lib(rt_cmsis.o)
    0x000033c6   0x000033c6   0x0000002c   Code   RO          505    i.isrMessagePut     RTX_CM3.lib(rt_cmsis.o)
    0x000033f2   0x000033f2   0x00000028   Code   RO          506    i.isrSemaphoreRelease  RTX_CM3.lib(rt_cmsis.o)
    0x0000341a   0x0000341a   0x00000002   PAD
    0x0000341c   0x0000341c   0x00000056   Code   RO         1454    i.isr_mbx_receive   RTX_CM3.lib(rt_mailbox.o)
    0x00003472   0x00003472   0x0000000e   Code   RO         1455    i.isr_mbx_send      RTX_CM3.lib(rt_mailbox.o)
    0x00003480   0x00003480   0x00000010   Code   RO         1502    i.isr_sem_send      RTX_CM3.lib(rt_semaphore.o)
    0x00003490   0x00003490   0x00000018   Code   RO          508    i.osDelay           RTX_CM3.lib(rt_cmsis.o)
    0x000034a8   0x000034a8   0x00000024   Code   RO          509    i.osKernelInitialize  RTX_CM3.lib(rt_cmsis.o)
    0x000034cc   0x000034cc   0x0000006c   Code   RO          511    i.osKernelStart     RTX_CM3.lib(rt_cmsis.o)
    0x00003538   0x00003538   0x00000018   Code   RO          512    i.osKernelSysTick   RTX_CM3.lib(rt_cmsis.o)
    0x00003550   0x00003550   0x00000018   Code   RO          520    i.osMessageGet      RTX_CM3.lib(rt_cmsis.o)
    0x00003568   0x00003568   0x0000002c   Code   RO          522    i.osMutexCreate     RTX_CM3.lib(rt_cmsis.o)
    0x00003594   0x00003594   0x00000018   Code   RO          524    i.osMutexRelease    RTX_CM3.lib(rt_cmsis.o)
    0x000035ac   0x000035ac   0x00000018   Code   RO          525    i.osMutexWait       RTX_CM3.lib(rt_cmsis.o)
    0x000035c4   0x000035c4   0x0000002c   Code   RO          530    i.osSemaphoreCreate  RTX_CM3.lib(rt_cmsis.o)
    0x000035f0   0x000035f0   0x00000018   Code   RO          532    i.osSemaphoreRelease  RTX_CM3.lib(rt_cmsis.o)
    0x00003608   0x00003608   0x00000018   Code   RO          533    i.osSemaphoreWait   RTX_CM3.lib(rt_cmsis.o)
    0x00003620   0x00003620   0x0000002c   Code   RO          537    i.osThreadCreate    RTX_CM3.lib(rt_cmsis.o)
    0x0000364c   0x0000364c   0x00000018   Code   RO          538    i.osThreadExit      RTX_CM3.lib(rt_cmsis.o)
    0x00003664   0x00003664   0x0000000c   Code   RO          544    i.osTimerCall       RTX_CM3.lib(rt_cmsis.o)
    0x00003670   0x00003670   0x0000002c   Code   RO          549    i.osTimerThread     RTX_CM3.lib(rt_cmsis.o)
    0x0000369c   0x0000369c   0x00000028   Code   RO         1246    i.os_tick_init      RTX_CM3.lib(rt_system.o)
    0x000036c4   0x000036c4   0x00000002   Code   RO         1247    i.os_tick_irqack    RTX_CM3.lib(rt_system.o)
    0x000036c6   0x000036c6   0x00000002   PAD
    0x000036c8   0x000036c8   0x00000010   Code   RO         1248    i.os_tick_ovf       RTX_CM3.lib(rt_system.o)
    0x000036d8   0x000036d8   0x00000014   Code   RO         1249    i.os_tick_val       RTX_CM3.lib(rt_system.o)
    0x000036ec   0x000036ec   0x0000001a   Code   RO         1600    i.rt_alloc_box      RTX_CM3.lib(rt_membox.o)
    0x00003706   0x00003706   0x0000003e   Code   RO         1628    i.rt_alloc_mem      RTX_CM3.lib(rt_memory.o)
    0x00003744   0x00003744   0x00000038   Code   RO         1127    i.rt_block          RTX_CM3.lib(rt_task.o)
    0x0000377c   0x0000377c   0x00000048   Code   RO         1577    i.rt_chk_robin      RTX_CM3.lib(rt_robin.o)
    0x000037c4   0x000037c4   0x00000070   Code   RO         1378    i.rt_dec_dly        RTX_CM3.lib(rt_list.o)
    0x00003834   0x00003834   0x00000044   Code   RO         1128    i.rt_dispatch       RTX_CM3.lib(rt_task.o)
    0x00003878   0x00003878   0x00000006   Code   RO         1544    i.rt_dly_wait       RTX_CM3.lib(rt_time.o)
    0x0000387e   0x0000387e   0x00000002   PAD
    0x00003880   0x00003880   0x00000050   Code   RO         1339    i.rt_evt_psh        RTX_CM3.lib(rt_event.o)
    0x000038d0   0x000038d0   0x0000002c   Code   RO         1601    i.rt_free_box       RTX_CM3.lib(rt_membox.o)
    0x000038fc   0x000038fc   0x00000028   Code   RO         1629    i.rt_free_mem       RTX_CM3.lib(rt_memory.o)
    0x00003924   0x00003924   0x00000028   Code   RO         1379    i.rt_get_first      RTX_CM3.lib(rt_list.o)
    0x0000394c   0x0000394c   0x00000008   Code   RO          554    i.rt_id2obj         RTX_CM3.lib(rt_cmsis.o)
    0x00003954   0x00003954   0x00000048   Code   RO         1129    i.rt_init_context   RTX_CM3.lib(rt_task.o)
    0x0000399c   0x0000399c   0x0000001a   Code   RO         1630    i.rt_init_mem       RTX_CM3.lib(rt_memory.o)
    0x000039b6   0x000039b6   0x00000002   PAD
    0x000039b8   0x000039b8   0x00000018   Code   RO         1578    i.rt_init_robin     RTX_CM3.lib(rt_robin.o)
    0x000039d0   0x000039d0   0x00000080   Code   RO         1655    i.rt_init_stack     RTX_CM3.lib(hal_cm.o)
    0x00003a50   0x00003a50   0x00000008   Code   RO         1456    i.rt_mbx_check      RTX_CM3.lib(rt_mailbox.o)
    0x00003a58   0x00003a58   0x0000001a   Code   RO         1457    i.rt_mbx_init       RTX_CM3.lib(rt_mailbox.o)
    0x00003a72   0x00003a72   0x00000002   PAD
    0x00003a74   0x00003a74   0x000000f0   Code   RO         1458    i.rt_mbx_psh        RTX_CM3.lib(rt_mailbox.o)
    0x00003b64   0x00003b64   0x000000b4   Code   RO         1460    i.rt_mbx_wait       RTX_CM3.lib(rt_mailbox.o)
    0x00003c18   0x00003c18   0x00000044   Code   RO          555    i.rt_ms2tick        RTX_CM3.lib(rt_cmsis.o)
    0x00003c5c   0x00003c5c   0x00000010   Code   RO         1212    i.rt_mut_init       RTX_CM3.lib(rt_mutex.o)
    0x00003c6c   0x00003c6c   0x000000d8   Code   RO         1213    i.rt_mut_release    RTX_CM3.lib(rt_mutex.o)
    0x00003d44   0x00003d44   0x00000078   Code   RO         1214    i.rt_mut_wait       RTX_CM3.lib(rt_mutex.o)
    0x00003dbc   0x00003dbc   0x0000007c   Code   RO         1250    i.rt_pop_req        RTX_CM3.lib(rt_system.o)
    0x00003e38   0x00003e38   0x00000020   Code   RO         1251    i.rt_psh_req        RTX_CM3.lib(rt_system.o)
    0x00003e58   0x00003e58   0x0000005c   Code   RO         1381    i.rt_psq_enq        RTX_CM3.lib(rt_list.o)
    0x00003eb4   0x00003eb4   0x00000048   Code   RO         1382    i.rt_put_dly        RTX_CM3.lib(rt_list.o)
    0x00003efc   0x00003efc   0x00000036   Code   RO         1383    i.rt_put_prio       RTX_CM3.lib(rt_list.o)
    0x00003f32   0x00003f32   0x00000002   PAD
    0x00003f34   0x00003f34   0x00000014   Code   RO         1384    i.rt_put_rdy_first  RTX_CM3.lib(rt_list.o)
    0x00003f48   0x00003f48   0x00000034   Code   RO         1385    i.rt_resort_prio    RTX_CM3.lib(rt_list.o)
    0x00003f7c   0x00003f7c   0x00000006   Code   RO         1656    i.rt_ret_val        RTX_CM3.lib(hal_cm.o)
    0x00003f82   0x00003f82   0x00000008   Code   RO         1657    i.rt_ret_val2       RTX_CM3.lib(hal_cm.o)
    0x00003f8a   0x00003f8a   0x00000028   Code   RO         1386    i.rt_rmv_dly        RTX_CM3.lib(rt_list.o)
    0x00003fb2   0x00003fb2   0x00000002   PAD
    0x00003fb4   0x00003fb4   0x00000030   Code   RO         1387    i.rt_rmv_list       RTX_CM3.lib(rt_list.o)
    0x00003fe4   0x00003fe4   0x0000000c   Code   RO         1504    i.rt_sem_init       RTX_CM3.lib(rt_semaphore.o)
    0x00003ff0   0x00003ff0   0x00000034   Code   RO         1505    i.rt_sem_psh        RTX_CM3.lib(rt_semaphore.o)
    0x00004024   0x00004024   0x0000002a   Code   RO         1506    i.rt_sem_send       RTX_CM3.lib(rt_semaphore.o)
    0x0000404e   0x0000404e   0x00000002   PAD
    0x00004050   0x00004050   0x00000040   Code   RO         1507    i.rt_sem_wait       RTX_CM3.lib(rt_semaphore.o)
    0x00004090   0x00004090   0x00000024   Code   RO         1253    i.rt_stk_check      RTX_CM3.lib(rt_system.o)
    0x000040b4   0x000040b4   0x00000028   Code   RO         1130    i.rt_switch_req     RTX_CM3.lib(rt_task.o)
    0x000040dc   0x000040dc   0x000000cc   Code   RO         1131    i.rt_sys_init       RTX_CM3.lib(rt_task.o)
    0x000041a8   0x000041a8   0x00000078   Code   RO         1132    i.rt_sys_start      RTX_CM3.lib(rt_task.o)
    0x00004220   0x00004220   0x00000040   Code   RO         1255    i.rt_systick        RTX_CM3.lib(rt_system.o)
    0x00004260   0x00004260   0x00000012   Code   RO          556    i.rt_tid2ptcb       RTX_CM3.lib(rt_cmsis.o)
    0x00004272   0x00004272   0x00000002   PAD
    0x00004274   0x00004274   0x00000034   Code   RO          557    i.rt_timer_insert   RTX_CM3.lib(rt_cmsis.o)
    0x000042a8   0x000042a8   0x00000088   Code   RO         1133    i.rt_tsk_create     RTX_CM3.lib(rt_task.o)
    0x00004330   0x00004330   0x0000017c   Code   RO         1134    i.rt_tsk_delete     RTX_CM3.lib(rt_task.o)
    0x000044ac   0x000044ac   0x0000007c   Code   RO         1136    i.rt_tsk_prio       RTX_CM3.lib(rt_task.o)
    0x00004528   0x00004528   0x00000010   Code   RO         1137    i.rt_tsk_self       RTX_CM3.lib(rt_task.o)
    0x00004538   0x00004538   0x00000012   Code   RO          559    i.svcDelay          RTX_CM3.lib(rt_cmsis.o)
    0x0000454a   0x0000454a   0x00000002   PAD
    0x0000454c   0x0000454c   0x00000070   Code   RO          560    i.svcKernelInitialize  RTX_CM3.lib(rt_cmsis.o)
    0x000045bc   0x000045bc   0x00000048   Code   RO          562    i.svcKernelStart    RTX_CM3.lib(rt_cmsis.o)
    0x00004604   0x00004604   0x00000038   Code   RO          563    i.svcKernelSysTick  RTX_CM3.lib(rt_cmsis.o)
    0x0000463c   0x0000463c   0x00000024   Code   RO          565    i.svcMessageCreate  RTX_CM3.lib(rt_cmsis.o)
    0x00004660   0x00004660   0x0000003a   Code   RO          566    i.svcMessageGet     RTX_CM3.lib(rt_cmsis.o)
    0x0000469a   0x0000469a   0x0000001c   Code   RO          568    i.svcMutexCreate    RTX_CM3.lib(rt_cmsis.o)
    0x000046b6   0x000046b6   0x00000022   Code   RO          570    i.svcMutexRelease   RTX_CM3.lib(rt_cmsis.o)
    0x000046d8   0x000046d8   0x0000003a   Code   RO          571    i.svcMutexWait      RTX_CM3.lib(rt_cmsis.o)
    0x00004712   0x00004712   0x00000024   Code   RO          573    i.svcSemaphoreCreate  RTX_CM3.lib(rt_cmsis.o)
    0x00004736   0x00004736   0x00000028   Code   RO          575    i.svcSemaphoreRelease  RTX_CM3.lib(rt_cmsis.o)
    0x0000475e   0x0000475e   0x00000032   Code   RO          576    i.svcSemaphoreWait  RTX_CM3.lib(rt_cmsis.o)
    0x00004790   0x00004790   0x0000006c   Code   RO          580    i.svcThreadCreate   RTX_CM3.lib(rt_cmsis.o)
    0x000047fc   0x000047fc   0x0000001c   Code   RO          581    i.svcThreadGetId    RTX_CM3.lib(rt_cmsis.o)
    0x00004818   0x00004818   0x00000038   Code   RO          584    i.svcThreadTerminate  RTX_CM3.lib(rt_cmsis.o)
    0x00004850   0x00004850   0x00000018   Code   RO          586    i.svcTimerCall      RTX_CM3.lib(rt_cmsis.o)
    0x00004868   0x00004868   0x0000005c   Code   RO          595    i.sysTimerTick      RTX_CM3.lib(rt_cmsis.o)
    0x000048c4   0x000048c4   0x0000002c   Code   RO         1856    locale$$code        c_w.l(lc_ctype_c.o)
    0x000048f0   0x000048f0   0x00000008   Data   RO         1737    .constdata          c_w.l(_printf_wctomb.o)
    0x000048f8   0x000048f8   0x00000028   Data   RO         1758    .constdata          c_w.l(_printf_hex_int_ptr.o)
    0x00004920   0x00004920   0x00000011   Data   RO         1784    .constdata          c_w.l(__printf_flags_ss_wp.o)
    0x00004931   0x00004931   0x00000003   PAD
    0x00004934   0x00004934   0x00000004   Data   RO          279    .rodata.CMSIS_RTOS_API_Version  rtx_conf_cm.o
    0x00004938   0x00004938   0x00000004   Data   RO          280    .rodata.CMSIS_RTOS_RTX_Version  rtx_conf_cm.o
    0x0000493c   0x0000493c   0x0000002c   Data   RO          397    .rodata.Driver_SPI1  ssp_lpc17xx.o
    0x00004968   0x00004968   0x00001500   Data   RO          134    .rodata.Font_16x24_h  glcd_fonts.o
    0x00005e68   0x00005e68   0x00000010   Data   RO          135    .rodata.GLCD_Font_16x24  glcd_fonts.o
    0x00005e78   0x00005e78   0x0000003c   Data   RO           98    .rodata.actuators   main.o
    0x00005eb4   0x00005eb4   0x0000001c   Data   RO          100    .rodata.display_menu.menu_items  main.o
    0x00005ed0   0x00005ed0   0x00000004   Data   RO          284    .rodata.mp_stk_size  rtx_conf_cm.o
    0x00005ed4   0x00005ed4   0x00000002   Data   RO          283    .rodata.mp_tcb_size  rtx_conf_cm.o
    0x00005ed6   0x00005ed6   0x00000002   Data   RO          292    .rodata.mp_tmr_size  rtx_conf_cm.o
    0x00005ed8   0x00005ed8   0x00000004   Data   RO          281    .rodata.os_clockrate  rtx_conf_cm.o
    0x00005edc   0x00005edc   0x00000001   Data   RO          286    .rodata.os_fifo_size  rtx_conf_cm.o
    0x00005edd   0x00005edd   0x00000001   Data   RO          278    .rodata.os_flags    rtx_conf_cm.o
    0x00005ede   0x00005ede   0x00000002   Data   RO          271    .rodata.os_maxtaskrun  rtx_conf_cm.o
    0x00005ee0   0x00005ee0   0x00000008   Data   RO          289    .rodata.os_messageQ_def_osTimerMessageQ  rtx_conf_cm.o
    0x00005ee8   0x00005ee8   0x00000004   Data   RO          109    .rodata.os_mutex_def_adc_mutex  main.o
    0x00005eec   0x00005eec   0x00000004   Data   RO          111    .rodata.os_mutex_def_glcd_mutex  main.o
    0x00005ef0   0x00005ef0   0x00000004   Data   RO          273    .rodata.os_rrobin   rtx_conf_cm.o
    0x00005ef4   0x00005ef4   0x00000004   Data   RO          113    .rodata.os_semaphore_def_heater_sem  main.o
    0x00005ef8   0x00005ef8   0x00000004   Data   RO          117    .rodata.os_semaphore_def_light_sem  main.o
    0x00005efc   0x00005efc   0x00000004   Data   RO          115    .rodata.os_semaphore_def_sprinkler_sem  main.o
    0x00005f00   0x00005f00   0x00000004   Data   RO          285    .rodata.os_stack_sz  rtx_conf_cm.o
    0x00005f04   0x00005f04   0x00000004   Data   RO          272    .rodata.os_stackinfo  rtx_conf_cm.o
    0x00005f08   0x00005f08   0x00000010   Data   RO          105    .rodata.os_thread_def_control_thread  main.o
    0x00005f18   0x00005f18   0x00000010   Data   RO          296    .rodata.os_thread_def_main  rtx_conf_cm.o
    0x00005f28   0x00005f28   0x00000010   Data   RO          107    .rodata.os_thread_def_menu_thread  main.o
    0x00005f38   0x00005f38   0x00000010   Data   RO          104    .rodata.os_thread_def_monitor_thread  main.o
    0x00005f48   0x00005f48   0x00000010   Data   RO          287    .rodata.os_thread_def_osTimerThread  rtx_conf_cm.o
    0x00005f58   0x00005f58   0x00000010   Data   RO          102    .rodata.os_thread_def_sensor_thread  main.o
    0x00005f68   0x00005f68   0x00000010   Data   RO          106    .rodata.os_thread_def_uart_receive_thread  main.o
    0x00005f78   0x00005f78   0x00000010   Data   RO          103    .rodata.os_thread_def_uart_thread  main.o
    0x00005f88   0x00005f88   0x00000004   Data   RO          282    .rodata.os_timernum  rtx_conf_cm.o
    0x00005f8c   0x00005f8c   0x00000004   Data   RO          277    .rodata.os_trv      rtx_conf_cm.o
    0x00005f90   0x00005f90   0x000000f0   Data   RO           99    .rodata.str1.1      main.o
    0x00006080   0x00006080   0x00000020   Data   RO         2004    Region$$Table       anon$$obj.o
    0x000060a0   0x000060a0   0x00000110   Data   RO         1855    locale$$data        c_w.l(lc_ctype_c.o)


    Execution Region ER_RW (Exec base: 0x10000000, Load base: 0x000061b0, Size: 0x00000068, Max: 0xffffffff, ABSOLUTE)

    Exec Addr    Load Addr    Size         Type   Attr      Idx    E Section Name        Object

    0x10000000   0x000061b0   0x00000004   Data   RW          122    .ARM.use_no_argv    main.o
    0x10000004   0x000061b4   0x00000008   Data   RW          598    .data               RTX_CM3.lib(rt_cmsis.o)
    0x1000000c   0x000061bc   0x00000008   Data   RW         1139    .data               RTX_CM3.lib(rt_task.o)
    0x10000014   0x000061c4   0x00000008   Data   RW         1258    .data               RTX_CM3.lib(rt_system.o)
    0x1000001c   0x000061cc   0x00000004   Data   RW         1548    .data               RTX_CM3.lib(rt_time.o)
    0x10000020   0x000061d0   0x00000008   Data   RW         1579    .data               RTX_CM3.lib(rt_robin.o)
    0x10000028   0x000061d8   0x00000001   Data   RW         1658    .data               RTX_CM3.lib(hal_cm.o)
    0x10000029   0x000061d9   0x00000003   PAD
    0x1000002c   0x000061dc   0x00000004   Data   RW          494    .data.SystemCoreClock  system_lpc17xx.o
    0x10000030   0x000061e0   0x00000002   Data   RW          203    .data.background_color  glcd_mcb1700.o
    0x10000032   0x000061e2   0x00000002   PAD
    0x10000034   0x000061e4   0x00000004   Data   RW          119    .data.heater_duration  main.o
    0x10000038   0x000061e8   0x00000004   Data   RW          121    .data.light_duration  main.o
    0x1000003c   0x000061ec   0x00000003   Data   RW          118    .data.main.types    main.o
    0x1000003f   0x000061ef   0x00000001   PAD
    0x10000040   0x000061f0   0x00000004   Data   RW          120    .data.sprinkler_duration  main.o
    0x10000044   0x000061f4   0x00000024   Data   RW          101    .data.timers        main.o


    Execution Region ER_ZI (Exec base: 0x10000068, Load base: 0x00006218, Size: 0x00003ce8, Max: 0xffffffff, ABSOLUTE)

    Exec Addr    Load Addr    Size         Type   Attr      Idx    E Section Name        Object

    0x10000068        -       0x00000034   Zero   RW         1138    .bss                RTX_CM3.lib(rt_task.o)
    0x1000009c        -       0x00000030   Zero   RW         1388    .bss                RTX_CM3.lib(rt_list.o)
    0x100000cc        -       0x00000060   Zero   RW         1716    .bss                c_w.l(libspace.o)
    0x1000012c        -       0x00000054   Zero   RW          123    .bss..L_MergedGlobals  main.o
    0x10000180        -       0x00000008   Zero   RW          204    .bss..L_MergedGlobals  glcd_mcb1700.o
    0x10000188        -       0x00000030   Zero   RW          345    .bss..L_MergedGlobals  spi_lpc17xx.o
    0x100001b8        -       0x0000002c   Zero   RW          402    .bss..L_MergedGlobals  ssp_lpc17xx.o
    0x100001e4        -       0x00000004   Zero   RW          435    .bss.Channel_active  gpdma_lpc17xx.o
    0x100001e8        -       0x000000a0   Zero   RW          434    .bss.Channel_info   gpdma_lpc17xx.o
    0x10000288        -       0x00000004   Zero   RW          291    .bss.m_tmr          rtx_conf_cm.o
    0x1000028c   0x00006218   0x00000004   PAD
    0x10000290        -       0x00003010   Zero   RW          298    .bss.mp_stk         rtx_conf_cm.o
    0x100032a0        -       0x000002b0   Zero   RW          297    .bss.mp_tcb         rtx_conf_cm.o
    0x10003550        -       0x00000004   Zero   RW          303    .bss.osMessageQId_osTimerMessageQ  rtx_conf_cm.o
    0x10003554        -       0x00000004   Zero   RW          302    .bss.osThreadId_osTimerThread  rtx_conf_cm.o
    0x10003558        -       0x00000034   Zero   RW          301    .bss.os_active_TCB  rtx_conf_cm.o
    0x1000358c        -       0x00000084   Zero   RW          300    .bss.os_fifo        rtx_conf_cm.o
    0x10003610        -       0x00000020   Zero   RW          288    .bss.os_messageQ_q_osTimerMessageQ  rtx_conf_cm.o
    0x10003630        -       0x00000010   Zero   RW          108    .bss.os_mutex_cb_adc_mutex  main.o
    0x10003640        -       0x00000010   Zero   RW          110    .bss.os_mutex_cb_glcd_mutex  main.o
    0x10003650        -       0x00000008   Zero   RW          112    .bss.os_semaphore_cb_heater_sem  main.o
    0x10003658        -       0x00000008   Zero   RW          116    .bss.os_semaphore_cb_light_sem  main.o
    0x10003660        -       0x00000008   Zero   RW          114    .bss.os_semaphore_cb_sprinkler_sem  main.o
    0x10003668        -       0x000004e8   Zero   RW          299    .bss.os_stack_mem   rtx_conf_cm.o
    0x10003b50        -       0x00000000   Zero   RW          478    HEAP                startup_lpc17xx.o
    0x10003b50        -       0x00000200   Zero   RW          477    STACK               startup_lpc17xx.o


==============================================================================

Image component sizes


      Code (inc. data)   RO Data    RW Data    ZI Data      Debug   Object Name

         0          0       5392          0          0       1058   glcd_fonts.o
      2132         56          0          2          8      10207   glcd_mcb1700.o
       264         12          0          0        164       7307   gpdma_lpc17xx.o
        96         12          0          0          0       4015   gpio_lpc17xx.o
      5006        676        444         55        140      21522   main.o
       108          4          0          0          0       2497   pin_lpc17xx.o
        76         16         84          0      14476       5448   rtx_conf_cm.o
       204          8          0          0         48      10536   spi_lpc17xx.o
      1620        106         44          0         44      13565   ssp_lpc17xx.o
        64         26        204          0        512       1016   startup_lpc17xx.o
       400         40          0          4          0       2042   system_lpc17xx.o

    ----------------------------------------------------------------------
      9974        956       6200         64      15396      79213   Object Totals
         0          0         32          0          0          0   (incl. Generated)
         4          0          0          3          4          0   (incl. Padding)

    ----------------------------------------------------------------------

      Code (inc. data)   RO Data    RW Data    ZI Data      Debug   Library Member Name

       238         24          0          1          0       3268   hal_cm.o
       304         36          0          0          0        760   hal_cm3.o
      1702        198          0          8          0      44062   rt_cmsis.o
        80          4          0          0          0        653   rt_event.o
       530         34          0          0         48       8169   rt_list.o
       554         10          0          0          0       3901   rt_mailbox.o
       140          0          0          0          0       1901   rt_membox.o
       128          0          0          0          0       2275   rt_memory.o
       352         14          0          0          0       2085   rt_mutex.o
        96         22          0          8          0       1134   rt_robin.o
       186         10          0          0          0       2870   rt_semaphore.o
       334         64          0          8          0       7003   rt_system.o
      1216        174          0          8         52       9565   rt_task.o
         6          0          0          4          0        644   rt_time.o
         4          4          0          0          0        200   svc_table.o
         8          0          0          0          0         68   __main.o
       392          4         17          0          0         92   __printf_flags_ss_wp.o
        14          0          0          0          0         68   __printf_wp.o
         0          0          0          0          0          0   __rtentry.o
        20          0          0          0          0          0   __rtentry2.o
         6          0          0          0          0          0   __rtentry4.o
        94          8          0          0          0          0   __scatter.o
        26          0          0          0          0          0   __scatter_copy.o
        28          0          0          0          0          0   __scatter_zi.o
        72          0          0          0          0         96   _c16rtomb.o
         6          0          0          0          0          0   _printf_c.o
        44          0          0          0          0        108   _printf_char.o
        48          6          0          0          0         96   _printf_char_common.o
        40          0          0          0          0         68   _printf_charcount.o
         6          0          0          0          0          0   _printf_d.o
       120         16          0          0          0         92   _printf_dec.o
       124          4         40          0          0        144   _printf_hex_int_ptr.o
         6          0          0          0          0          0   _printf_i.o
       178          0          0          0          0         88   _printf_intcommon.o
        10          0          0          0          0          0   _printf_l.o
         6          0          0          0          0          0   _printf_lc.o
         6          0          0          0          0          0   _printf_ls.o
         6          0          0          0          0          0   _printf_n.o
         6          0          0          0          0          0   _printf_o.o
        84         10          0          0          0         88   _printf_oct_int.o
         6          0          0          0          0          0   _printf_p.o
        78          0          0          0          0        108   _printf_pad.o
         0          0          0          0          0          0   _printf_percent.o
         4          0          0          0          0          0   _printf_percent_end.o
         6          0          0          0          0          0   _printf_s.o
        82          0          0          0          0         80   _printf_str.o
        36          0          0          0          0         84   _printf_truncate.o
         6          0          0          0          0          0   _printf_u.o
        44          0          0          0          0        108   _printf_wchar.o
       188          6          8          0          0         92   _printf_wctomb.o
         6          0          0          0          0          0   _printf_x.o
        16          0          0          0          0         68   _snputc.o
        18          0          0          0          0         80   exit.o
         6          0          0          0          0        152   heapauxi.o
         0          0          0          0          0          0   indicate_semi.o
        44         10        272          0          0         76   lc_ctype_c.o
         2          0          0          0          0          0   libinit.o
        20          0          0          0          0          0   libinit2.o
         2          0          0          0          0          0   libshutdown.o
         2          0          0          0          0          0   libshutdown2.o
         8          4          0          0         96         68   libspace.o
       240          0          0          0          0        100   lludivv7m.o
        64          6          0          0          0         84   noretval__2snprintf.o
        16          4          0          0          0         76   rt_ctype_table.o
        10          0          0          0          0         76   rt_locale_twolibspace.o
        78          0          0          0          0         80   rt_memclr_w.o
         2          0          0          0          0          0   rtexit.o
        10          0          0          0          0          0   rtexit2.o
       128          0          0          0          0         68   strcmpv7m.o
        36          0          0          0          0         80   strstr.o
        12          4          0          0          0         68   sys_exit.o
        74          0          0          0          0         80   sys_stackheap_outer.o
         2          0          0          0          0         68   use_no_semi.o

    ----------------------------------------------------------------------
      8494        676        340         40        196      91194   Library Totals
        28          0          3          3          0          0   (incl. Padding)

    ----------------------------------------------------------------------

      Code (inc. data)   RO Data    RW Data    ZI Data      Debug   Library Name

      5870        594          0         37        100      88490   RTX_CM3.lib
      2596         82        337          0         96       2704   c_w.l

    ----------------------------------------------------------------------
      8494        676        340         40        196      91194   Library Totals

    ----------------------------------------------------------------------

==============================================================================


      Code (inc. data)   RO Data    RW Data    ZI Data      Debug   

     18468       1632       6540        104      15592     164123   Grand Totals
     18468       1632       6540        104      15592     164123   ELF Image Totals
     18468       1632       6540        104          0          0   ROM Totals

==============================================================================

    Total RO  Size (Code + RO Data)                25008 (  24.42kB)
    Total RW  Size (RW Data + ZI Data)             15696 (  15.33kB)
    Total ROM Size (Code + RO Data + RW Data)      25112 (  24.52kB)

==============================================================================

