Component: Arm Compiler for Embedded 6.24 Tool: armlink [5f371500]

==============================================================================

Section Cross References

    main.o(.text) refers (Special) to _printf_percent.o(.ARM.Collect$$_printf_percent$$00000000) for _printf_percent
    main.o(.text) refers (Special) to _printf_pad.o(.text) for _printf_pre_padding
    main.o(.text) refers (Special) to _printf_truncate.o(.text) for _printf_truncate_unsigned
    main.o(.text) refers (Special) to _printf_c.o(.ARM.Collect$$_printf_percent$$00000013) for _printf_c
    main.o(.text) refers (Special) to _printf_s.o(.ARM.Collect$$_printf_percent$$00000014) for _printf_s
    main.o(.text) refers (Special) to _printf_n.o(.ARM.Collect$$_printf_percent$$00000001) for _printf_n
    main.o(.text) refers (Special) to _printf_charcount.o(.text) for _printf_charcount
    main.o(.text) refers (Special) to _printf_x.o(.ARM.Collect$$_printf_percent$$0000000C) for _printf_x
    main.o(.text) refers (Special) to _printf_p.o(.ARM.Collect$$_printf_percent$$00000002) for _printf_p
    main.o(.text) refers (Special) to _printf_o.o(.ARM.Collect$$_printf_percent$$0000000B) for _printf_o
    main.o(.text) refers (Special) to _printf_i.o(.ARM.Collect$$_printf_percent$$00000008) for _printf_i
    main.o(.text) refers (Special) to _printf_d.o(.ARM.Collect$$_printf_percent$$00000009) for _printf_d
    main.o(.text) refers (Special) to _printf_u.o(.ARM.Collect$$_printf_percent$$0000000A) for _printf_u
    main.o(.text) refers (Special) to _printf_lc.o(.ARM.Collect$$_printf_percent$$00000015) for _printf_lc
    main.o(.text) refers (Special) to _printf_ls.o(.ARM.Collect$$_printf_percent$$00000016) for _printf_ls
    main.o(.text) refers (Special) to _printf_dec.o(.text) for _printf_int_dec
    main.o(.text) refers (Special) to _printf_oct_int.o(.text) for _printf_longlong_oct
    main.o(.text) refers (Special) to _printf_hex_int_ptr.o(.text) for _printf_longlong_hex
    main.o(.text) refers (Special) to _printf_str.o(.text) for _printf_str
    main.o(.text) refers (Special) to _printf_wctomb.o(.text) for _printf_wctomb
    main.o(.text.init_hardware) refers (Special) to _printf_percent.o(.ARM.Collect$$_printf_percent$$00000000) for _printf_percent
    main.o(.text.init_hardware) refers (Special) to _printf_pad.o(.text) for _printf_pre_padding
    main.o(.text.init_hardware) refers (Special) to _printf_truncate.o(.text) for _printf_truncate_unsigned
    main.o(.text.init_hardware) refers (Special) to _printf_c.o(.ARM.Collect$$_printf_percent$$00000013) for _printf_c
    main.o(.text.init_hardware) refers (Special) to _printf_s.o(.ARM.Collect$$_printf_percent$$00000014) for _printf_s
    main.o(.text.init_hardware) refers (Special) to _printf_n.o(.ARM.Collect$$_printf_percent$$00000001) for _printf_n
    main.o(.text.init_hardware) refers (Special) to _printf_charcount.o(.text) for _printf_charcount
    main.o(.text.init_hardware) refers (Special) to _printf_x.o(.ARM.Collect$$_printf_percent$$0000000C) for _printf_x
    main.o(.text.init_hardware) refers (Special) to _printf_p.o(.ARM.Collect$$_printf_percent$$00000002) for _printf_p
    main.o(.text.init_hardware) refers (Special) to _printf_o.o(.ARM.Collect$$_printf_percent$$0000000B) for _printf_o
    main.o(.text.init_hardware) refers (Special) to _printf_i.o(.ARM.Collect$$_printf_percent$$00000008) for _printf_i
    main.o(.text.init_hardware) refers (Special) to _printf_d.o(.ARM.Collect$$_printf_percent$$00000009) for _printf_d
    main.o(.text.init_hardware) refers (Special) to _printf_u.o(.ARM.Collect$$_printf_percent$$0000000A) for _printf_u
    main.o(.text.init_hardware) refers (Special) to _printf_lc.o(.ARM.Collect$$_printf_percent$$00000015) for _printf_lc
    main.o(.text.init_hardware) refers (Special) to _printf_ls.o(.ARM.Collect$$_printf_percent$$00000016) for _printf_ls
    main.o(.text.init_hardware) refers (Special) to _printf_dec.o(.text) for _printf_int_dec
    main.o(.text.init_hardware) refers (Special) to _printf_oct_int.o(.text) for _printf_longlong_oct
    main.o(.text.init_hardware) refers (Special) to _printf_hex_int_ptr.o(.text) for _printf_longlong_hex
    main.o(.text.init_hardware) refers (Special) to _printf_str.o(.text) for _printf_str
    main.o(.text.init_hardware) refers (Special) to _printf_wctomb.o(.text) for _printf_wctomb
    main.o(.text.init_hardware) refers to main.o(.text.init_adc) for init_adc
    main.o(.text.init_hardware) refers to main.o(.text.init_gpio) for init_gpio
    main.o(.text.init_hardware) refers to main.o(.text.init_uart) for init_uart
    main.o(.text.init_hardware) refers to main.o(.text.init_timer) for init_timer
    main.o(.ARM.exidx.text.init_hardware) refers (Special) to _printf_percent.o(.ARM.Collect$$_printf_percent$$00000000) for _printf_percent
    main.o(.ARM.exidx.text.init_hardware) refers (Special) to _printf_pad.o(.text) for _printf_pre_padding
[...]
    [Anonymous Symbol]                       0x0000481c   Section        0  tasks.o(.text.xTaskPriorityInherit)
    [Anonymous Symbol]                       0x0000488c   Section        0  tasks.o(.text.xTaskRemoveFromEventList)
    [Anonymous Symbol]                       0x000048d4   Section        0  tasks.o(.text.xTaskResumeAll)
    __arm_cp.10_0                            0x00004978   Number         4  tasks.o(.text.xTaskResumeAll)
    __arm_cp.10_1                            0x0000497c   Number         4  tasks.o(.text.xTaskResumeAll)
    __arm_cp.10_2                            0x00004980   Number         4  tasks.o(.text.xTaskResumeAll)
    [Anonymous Symbol]                       0x00004984   Section        0  timers.o(.text.xTimerCreateTimerTask)
    __arm_cp.0_0                             0x000049c8   Number         4  timers.o(.text.xTimerCreateTimerTask)
    __arm_cp.0_1                             0x000049cc   Number         4  timers.o(.text.xTimerCreateTimerTask)
    [Anonymous Symbol]                       0x000049d8   Section        0  timers.o(.text.xTimerGenericCommand)
    __arm_cp.6_0                             0x00004a18   Number         4  timers.o(.text.xTimerGenericCommand)
    i._is_digit                              0x00004a1c   Section        0  __printf_wp.o(i._is_digit)
    locale$$code                             0x00004a2c   Section       44  lc_ctype_c.o(locale$$code)
    initial_mbstate                          0x00004a58   Data           8  _printf_wctomb.o(.constdata)
    .constdata                               0x00004a58   Section        8  _printf_wctomb.o(.constdata)
    uc_hextab                                0x00004a60   Data          20  _printf_hex_int_ptr.o(.constdata)
    .constdata                               0x00004a60   Section       40  _printf_hex_int_ptr.o(.constdata)
    lc_hextab                                0x00004a74   Data          20  _printf_hex_int_ptr.o(.constdata)
    maptable                                 0x00004a88   Data          17  __printf_flags_ss_wp.o(.constdata)
    .constdata                               0x00004a88   Section       17  __printf_flags_ss_wp.o(.constdata)
    Font_16x24_h                             0x00004ac8   Data        5376  glcd_fonts.o(.rodata.Font_16x24_h)
    [Anonymous Symbol]                       0x00004ac8   Section        0  glcd_fonts.o(.rodata.Font_16x24_h)
    actuators                                0x00005fd8   Data          60  main.o(.rodata.actuators)
    [Anonymous Symbol]                       0x00005fd8   Section        0  main.o(.rodata.actuators)
    display_menu.menu_items                  0x00006014   Data          28  main.o(.rodata.display_menu.menu_items)
    [Anonymous Symbol]                       0x00006014   Section        0  main.o(.rodata.display_menu.menu_items)
    [Anonymous Symbol]                       0x00006030   Section        0  main.o(.rodata.str1.1)
    locale$$data                             0x00006140   Section      272  lc_ctype_c.o(locale$$data)
    __lcctype_c_name                         0x00006144   Data           2  lc_ctype_c.o(locale$$data)
    __lcctype_c_start                        0x0000614c   Data           0  lc_ctype_c.o(locale$$data)
    __lcctype_c_end                          0x00006250   Data           0  lc_ctype_c.o(locale$$data)
    background_color                         0x10000004   Data           2  glcd_mcb1700.o(.data.background_color)
    [Anonymous Symbol]                       0x10000004   Section        0  glcd_mcb1700.o(.data.background_color)
    heater_duration                          0x10000008   Data           4  main.o(.data.heater_duration)
    [Anonymous Symbol]                       0x10000008   Section        0  main.o(.data.heater_duration)
    light_duration                           0x1000000c   Data           4  main.o(.data.light_duration)
    [Anonymous Symbol]                       0x1000000c   Section        0  main.o(.data.light_duration)
    main.types                               0x10000010   Data           3  main.o(.data.main.types)
    [Anonymous Symbol]                       0x10000010   Section        0  main.o(.data.main.types)
    sprinkler_duration                       0x10000014   Data           4  main.o(.data.sprinkler_duration)
    [Anonymous Symbol]                       0x10000014   Section        0  main.o(.data.sprinkler_duration)
    threshold_values                         0x10000018   Data          12  main.o(.data.threshold_values)
    [Anonymous Symbol]                       0x10000018   Section        0  main.o(.data.threshold_values)
    timers                                   0x10000024   Data          36  main.o(.data.timers)
    [Anonymous Symbol]                       0x10000024   Section        0  main.o(.data.timers)
    uxCriticalNesting                        0x10000048   Data           4  port.o(.data.uxCriticalNesting)
    [Anonymous Symbol]                       0x10000048   Section        0  port.o(.data.uxCriticalNesting)
    .bss                                     0x10000050   Section       96  libspace.o(.bss)
    display_menu.first_call                  0x100000b0   Data           1  main.o(.bss..L_MergedGlobals)
    [Anonymous Symbol]                       0x100000b0   Section        0  main.o(.bss..L_MergedGlobals)
    control_actuators.first_call             0x100000b4   Data           1  main.o(.bss..L_MergedGlobals)
    adjust_durations.first_call              0x100000b8   Data           1  main.o(.bss..L_MergedGlobals)
    control_timers.first_call                0x100000bc   Data           1  main.o(.bss..L_MergedGlobals)
    adc_mutex                                0x100000c0   Data           4  main.o(.bss..L_MergedGlobals)
    glcd_mutex                               0x100000c4   Data           4  main.o(.bss..L_MergedGlobals)
    selected_menu                            0x100000c8   Data           4  main.o(.bss..L_MergedGlobals)
    selected_actuator                        0x100000cc   Data           4  main.o(.bss..L_MergedGlobals)
    selected_field                           0x100000d0   Data           4  main.o(.bss..L_MergedGlobals)
    current_time                             0x100000d4   Data          12  main.o(.bss..L_MergedGlobals)
    adc_values                               0x100000e0   Data          12  main.o(.bss..L_MergedGlobals)
    actuator_sems                            0x100000ec   Data          12  main.o(.bss..L_MergedGlobals)
    uart_triggered                           0x100000f8   Data          12  main.o(.bss..L_MergedGlobals)
    uart_command_state                       0x10000104   Data          12  main.o(.bss..L_MergedGlobals)
    timer_triggered                          0x10000110   Data          12  main.o(.bss..L_MergedGlobals)
    Himax                                    0x1000011c   Data           1  glcd_mcb1700.o(.bss..L_MergedGlobals)
    [Anonymous Symbol]                       0x1000011c   Section        0  glcd_mcb1700.o(.bss..L_MergedGlobals)
    foreground_color                         0x1000011e   Data           2  glcd_mcb1700.o(.bss..L_MergedGlobals)
    active_font                              0x10000120   Data           4  glcd_mcb1700.o(.bss..L_MergedGlobals)
    SPI_Info.1                               0x10000124   Data           1  spi_lpc17xx.o(.bss..L_MergedGlobals)
    [Anonymous Symbol]                       0x10000124   Section        0  spi_lpc17xx.o(.bss..L_MergedGlobals)
    SPI_Info.2                               0x10000128   Data           1  spi_lpc17xx.o(.bss..L_MergedGlobals)
    SPI_Info.3                               0x1000012a   Data           1  spi_lpc17xx.o(.bss..L_MergedGlobals)
    SPI_Info.5                               0x1000012c   Data           1  spi_lpc17xx.o(.bss..L_MergedGlobals)
    SPI_Info.0                               0x10000130   Data           4  spi_lpc17xx.o(.bss..L_MergedGlobals)
    SPI_Info.4                               0x10000134   Data           4  spi_lpc17xx.o(.bss..L_MergedGlobals)
    SPI_Xfer                                 0x10000138   Data          28  spi_lpc17xx.o(.bss..L_MergedGlobals)
    SSP1_Info                                0x10000154   Data          16  ssp_lpc17xx.o(.bss..L_MergedGlobals)
    [Anonymous Symbol]                       0x10000154   Section        0  ssp_lpc17xx.o(.bss..L_MergedGlobals)
    SSP1_Xfer                                0x10000164   Data          28  ssp_lpc17xx.o(.bss..L_MergedGlobals)
    xBlockAllocatedBit                       0x10000180   Data           1  heap_4.o(.bss..L_MergedGlobals)
    [Anonymous Symbol]                       0x10000180   Section        0  heap_4.o(.bss..L_MergedGlobals)
    pxEnd                                    0x10000184   Data           4  heap_4.o(.bss..L_MergedGlobals)
    xFreeBytesRemaining                      0x10000188   Data           4  heap_4.o(.bss..L_MergedGlobals)
    xMinimumEverFreeBytesRemaining           0x1000018c   Data           4  heap_4.o(.bss..L_MergedGlobals)
    xNumberOfSuccessfulAllocations           0x10000190   Data           4  heap_4.o(.bss..L_MergedGlobals)
    xNumberOfSuccessfulFrees                 0x10000194   Data           4  heap_4.o(.bss..L_MergedGlobals)
    xStart                                   0x10000198   Data           8  heap_4.o(.bss..L_MergedGlobals)
    [Anonymous Symbol]                       0x100001a0   Section        0  tasks.o(.bss..L_MergedGlobals)
    uxTaskNumber                             0x100001a4   Data           4  tasks.o(.bss..L_MergedGlobals)
    uxDeletedTasksWaitingCleanUp             0x100001a8   Data           4  tasks.o(.bss..L_MergedGlobals)
    uxCurrentNumberOfTasks                   0x100001ac   Data           4  tasks.o(.bss..L_MergedGlobals)
    xSchedulerRunning                        0x100001b0   Data           4  tasks.o(.bss..L_MergedGlobals)
    xTickCount                               0x100001b4   Data           4  tasks.o(.bss..L_MergedGlobals)
    pxDelayedTaskList                        0x100001b8   Data           4  tasks.o(.bss..L_MergedGlobals)
    pxOverflowDelayedTaskList                0x100001bc   Data           4  tasks.o(.bss..L_MergedGlobals)
    uxTopReadyPriority                       0x100001c0   Data           4  tasks.o(.bss..L_MergedGlobals)
    uxSchedulerSuspended                     0x100001c4   Data           4  tasks.o(.bss..L_MergedGlobals)
    xIdleTaskHandle                          0x100001c8   Data           4  tasks.o(.bss..L_MergedGlobals)
    xNextTaskUnblockTime                     0x100001cc   Data           4  tasks.o(.bss..L_MergedGlobals)
    xYieldPending                            0x100001d0   Data           4  tasks.o(.bss..L_MergedGlobals)
    xPendedTicks                             0x100001d4   Data           4  tasks.o(.bss..L_MergedGlobals)
    xNumOfOverflows                          0x100001d8   Data           4  tasks.o(.bss..L_MergedGlobals)
    xTasksWaitingTermination                 0x100001dc   Data          20  tasks.o(.bss..L_MergedGlobals)
    xSuspendedTaskList                       0x100001f0   Data          20  tasks.o(.bss..L_MergedGlobals)
    xPendingReadyList                        0x10000204   Data          20  tasks.o(.bss..L_MergedGlobals)
    xTimerQueue                              0x10000218   Data           4  timers.o(.bss..L_MergedGlobals)
    [Anonymous Symbol]                       0x10000218   Section        0  timers.o(.bss..L_MergedGlobals)
    xTimerTaskHandle                         0x1000021c   Data           4  timers.o(.bss..L_MergedGlobals)
    pxCurrentTimerList                       0x10000220   Data           4  timers.o(.bss..L_MergedGlobals)
    pxOverflowTimerList                      0x10000224   Data           4  timers.o(.bss..L_MergedGlobals)
    prvSampleTimeNow.xLastTime               0x10000228   Data           4  timers.o(.bss..L_MergedGlobals)
    xActiveTimerList1                        0x1000022c   Data          20  timers.o(.bss..L_MergedGlobals)
    xActiveTimerList2                        0x10000240   Data          20  timers.o(.bss..L_MergedGlobals)
    xDelayedTaskList1                        0x10000254   Data          20  tasks.o(.bss..L_MergedGlobals.1)
    [Anonymous Symbol]                       0x10000254   Section        0  tasks.o(.bss..L_MergedGlobals.1)
    xDelayedTaskList2                        0x10000268   Data          20  tasks.o(.bss..L_MergedGlobals.1)
    Channel_active                           0x1000027c   Data           4  gpdma_lpc17xx.o(.bss.Channel_active)
    [Anonymous Symbol]                       0x1000027c   Section        0  gpdma_lpc17xx.o(.bss.Channel_active)
    Channel_info                             0x10000280   Data         160  gpdma_lpc17xx.o(.bss.Channel_info)
    [Anonymous Symbol]                       0x10000280   Section        0  gpdma_lpc17xx.o(.bss.Channel_info)
    clib_mutex_cb                            0x10000320   Data         400  clib_arm.o(.bss.clib_mutex_cb)
    [Anonymous Symbol]                       0x10000320   Section        0  clib_arm.o(.bss.clib_mutex_cb)
    clib_mutex_id                            0x100004b0   Data          20  clib_arm.o(.bss.clib_mutex_id)
    [Anonymous Symbol]                       0x100004b0   Section        0  clib_arm.o(.bss.clib_mutex_id)
    os_kernel_is_active.os_kernel_active     0x100004c4   Data           1  clib_arm.o(.bss.os_kernel_is_active.os_kernel_active)
    [Anonymous Symbol]                       0x100004c4   Section        0  clib_arm.o(.bss.os_kernel_is_active.os_kernel_active)
    prvCheckForValidListAndQueue.ucStaticTimerQueueStorage 0x100004c5   Data          80  timers.o(.bss.prvCheckForValidListAndQueue.ucStaticTimerQueueStorage)
    [Anonymous Symbol]                       0x100004c5   Section        0  timers.o(.bss.prvCheckForValidListAndQueue.ucStaticTimerQueueStorage)
    prvCheckForValidListAndQueue.xStaticTimerQueue 0x10000518   Data          80  timers.o(.bss.prvCheckForValidListAndQueue.xStaticTimerQueue)
    [Anonymous Symbol]                       0x10000518   Section        0  timers.o(.bss.prvCheckForValidListAndQueue.xStaticTimerQueue)
    pxReadyTasksLists                        0x10000568   Data        1120  tasks.o(.bss.pxReadyTasksLists)
    [Anonymous Symbol]                       0x10000568   Section        0  tasks.o(.bss.pxReadyTasksLists)
    ucHeap                                   0x100009c8   Data        8192  heap_4.o(.bss.ucHeap)
    [Anonymous Symbol]                       0x100009c8   Section        0  heap_4.o(.bss.ucHeap)
    vApplicationGetIdleTaskMemory.Idle_Stack 0x100029c8   Data         512  cmsis_os2.o(.bss.vApplicationGetIdleTaskMemory.Idle_Stack)
    [Anonymous Symbol]                       0x100029c8   Section        0  cmsis_os2.o(.bss.vApplicationGetIdleTaskMemory.Idle_Stack)
    vApplicationGetIdleTaskMemory.Idle_TCB   0x10002bc8   Data          92  cmsis_os2.o(.bss.vApplicationGetIdleTaskMemory.Idle_TCB)
    [Anonymous Symbol]                       0x10002bc8   Section        0  cmsis_os2.o(.bss.vApplicationGetIdleTaskMemory.Idle_TCB)
    vApplicationGetTimerTaskMemory.Timer_Stack 0x10002c24   Data         320  cmsis_os2.o(.bss.vApplicationGetTimerTaskMemory.Timer_Stack)
    [Anonymous Symbol]                       0x10002c24   Section        0  cmsis_os2.o(.bss.vApplicationGetTimerTaskMemory.Timer_Stack)
    vApplicationGetTimerTaskMemory.Timer_TCB 0x10002d64   Data          92  cmsis_os2.o(.bss.vApplicationGetTimerTaskMemory.Timer_TCB)
    [Anonymous Symbol]                       0x10002d64   Section        0  cmsis_os2.o(.bss.vApplicationGetTimerTaskMemory.Timer_TCB)
    Heap_Mem                                 0x10002dc0   Data           0  startup_lpc17xx.o(HEAP)
    Stack_Mem                                0x10002dc0   Data         512  startup_lpc17xx.o(STACK)
    HEAP                                     0x10002dc0   Section        0  startup_lpc17xx.o(HEAP)
    STACK                                    0x10002dc0   Section      512  startup_lpc17xx.o(STACK)
    __initial_sp                             0x10002fc0   Data           0  startup_lpc17xx.o(STACK)

    Global Symbols

    Symbol Name                              Value     Ov Type        Size  Object(Section)

    BuildAttributes$$THM_ISAv4$P$D$K$B$S$PE$A:L22UL41UL21$X:L11$S22US41US21$IEEE1$IW$~IW$USESV6$~STKCKD$USESV7$~SHL$OSPACE$ROPI$EBA8$UX$STANDARDLIB$REQ8$PRES8$EABIv2 0x00000000   Number         0  anon$$obj.o ABSOLUTE
    __Vectors                                0x00000000   Data           4  startup_lpc17xx.o(RESET)
    __fp_init_empty                          0x00000000   Number         0  fpinit_empty.o ABSOLUTE
    _printf_flags                            0x00000000   Number         0  printf_stubs.o ABSOLUTE
    _printf_return_value                     0x00000000   Number         0  printf_stubs.o ABSOLUTE
    _printf_sizespec                         0x00000000   Number         0  printf_stubs.o ABSOLUTE
    _printf_widthprec                        0x00000000   Number         0  printf_stubs.o ABSOLUTE
    __ARM_exceptions_init                     - Undefined Weak Reference
    __alloca_initialize                       - Undefined Weak Reference
    __arm_preinit_                            - Undefined Weak Reference
    __arm_relocate_pie_                       - Undefined Weak Reference
    __cpp_initialize__aeabi_                  - Undefined Weak Reference
    __cxa_finalize                            - Undefined Weak Reference
    __sigvec_lookup                           - Undefined Weak Reference
    _atexit_init                              - Undefined Weak Reference
    _call_atexit_fns                          - Undefined Weak Reference
    _clock_init                               - Undefined Weak Reference
    _fp_trap_init                             - Undefined Weak Reference
    _fp_trap_shutdown                         - Undefined Weak Reference
    _get_lc_collate                           - Undefined Weak Reference
    _get_lc_monetary                          - Undefined Weak Reference
    _get_lc_numeric                           - Undefined Weak Reference
    _get_lc_time                              - Undefined Weak Reference
    _getenv_init                              - Undefined Weak Reference
    _handle_redirection                       - Undefined Weak Reference
    _init_alloc                               - Undefined Weak Reference
    _init_user_alloc                          - Undefined Weak Reference
    _initio                                   - Undefined Weak Reference
    _printf_mbtowc                            - Undefined Weak Reference
    _printf_wc                                - Undefined Weak Reference
    _rand_init                                - Undefined Weak Reference
    _signal_finish                            - Undefined Weak Reference
    _signal_init                              - Undefined Weak Reference
    _terminate_alloc                          - Undefined Weak Reference
    _terminate_user_alloc                     - Undefined Weak Reference
    _terminateio                              - Undefined Weak Reference
    __main                                   0x000000cd   Thumb Code     8  __main.o(!!!main)
    __scatterload                            0x000000d5   Thumb Code     0  __scatter.o(!!!scatter)
    __scatterload_rt2                        0x000000d5   Thumb Code    84  __scatter.o(!!!scatter)
    __scatterload_rt2_thumb_only             0x000000d5   Thumb Code     0  __scatter.o(!!!scatter)
    __scatterload_loop                       0x000000df   Thumb Code     0  __scatter.o(!!!scatter)
    __scatterload_copy                       0x00000131   Thumb Code    26  __scatter_copy.o(!!handler_copy)
    __scatterload_null                       0x0000014d   Thumb Code     2  __scatter.o(!!handler_null)
    __scatterload_zeroinit                   0x00000151   Thumb Code    28  __scatter_zi.o(!!handler_zi)
    _printf_n                                0x0000016d   Thumb Code     0  _printf_n.o(.ARM.Collect$$_printf_percent$$00000001)
    _printf_percent                          0x0000016d   Thumb Code     0  _printf_percent.o(.ARM.Collect$$_printf_percent$$00000000)
    _printf_p                                0x00000173   Thumb Code     0  _printf_p.o(.ARM.Collect$$_printf_percent$$00000002)
    _printf_i                                0x00000179   Thumb Code     0  _printf_i.o(.ARM.Collect$$_printf_percent$$00000008)
    _printf_d                                0x0000017f   Thumb Code     0  _printf_d.o(.ARM.Collect$$_printf_percent$$00000009)
    _printf_u                                0x00000185   Thumb Code     0  _printf_u.o(.ARM.Collect$$_printf_percent$$0000000A)
    _printf_o                                0x0000018b   Thumb Code     0  _printf_o.o(.ARM.Collect$$_printf_percent$$0000000B)
    _printf_x                                0x00000191   Thumb Code     0  _printf_x.o(.ARM.Collect$$_printf_percent$$0000000C)
    _printf_l                                0x00000197   Thumb Code     0  _printf_l.o(.ARM.Collect$$_printf_percent$$00000012)
    _printf_c                                0x000001a1   Thumb Code     0  _printf_c.o(.ARM.Collect$$_printf_percent$$00000013)
    _printf_s                                0x000001a7   Thumb Code     0  _printf_s.o(.ARM.Collect$$_printf_percent$$00000014)
    _printf_lc                               0x000001ad   Thumb Code     0  _printf_lc.o(.ARM.Collect$$_printf_percent$$00000015)
    _printf_ls                               0x000001b3   Thumb Code     0  _printf_ls.o(.ARM.Collect$$_printf_percent$$00000016)
    _printf_percent_end                      0x000001b9   Thumb Code     0  _printf_percent_end.o(.ARM.Collect$$_printf_percent$$00000017)
    __rt_lib_init                            0x000001bd   Thumb Code     0  libinit.o(.ARM.Collect$$libinit$$00000000)
    __rt_lib_init_fp_1                       0x000001bf   Thumb Code     0  libinit2.o(.ARM.Collect$$libinit$$00000002)
    __rt_lib_init_heap_1                     0x000001bf   Thumb Code     0  libinit2.o(.ARM.Collect$$libinit$$0000000C)
    __rt_lib_init_lc_common                  0x000001bf   Thumb Code     0  libinit2.o(.ARM.Collect$$libinit$$00000011)
    __rt_lib_init_preinit_1                  0x000001bf   Thumb Code     0  libinit2.o(.ARM.Collect$$libinit$$00000006)
    __rt_lib_init_rand_1                     0x000001bf   Thumb Code     0  libinit2.o(.ARM.Collect$$libinit$$00000010)
    __rt_lib_init_relocate_pie_1             0x000001bf   Thumb Code     0  libinit2.o(.ARM.Collect$$libinit$$00000004)
    __rt_lib_init_user_alloc_1               0x000001bf   Thumb Code     0  libinit2.o(.ARM.Collect$$libinit$$0000000E)
    __rt_lib_init_lc_collate_1               0x000001c5   Thumb Code     0  libinit2.o(.ARM.Collect$$libinit$$00000013)
    __rt_lib_init_lc_ctype_2                 0x000001c5   Thumb Code     0  libinit2.o(.ARM.Collect$$libinit$$00000014)
    __rt_lib_init_alloca_1                   0x000001d1   Thumb Code     0  libinit2.o(.ARM.Collect$$libinit$$00000030)
    __rt_lib_init_argv_1                     0x000001d1   Thumb Code     0  libinit2.o(.ARM.Collect$$libinit$$0000002E)
    __rt_lib_init_atexit_1                   0x000001d1   Thumb Code     0  libinit2.o(.ARM.Collect$$libinit$$0000001D)
    __rt_lib_init_clock_1                    0x000001d1   Thumb Code     0  libinit2.o(.ARM.Collect$$libinit$$00000023)
    __rt_lib_init_cpp_1                      0x000001d1   Thumb Code     0  libinit2.o(.ARM.Collect$$libinit$$00000034)
    __rt_lib_init_exceptions_1               0x000001d1   Thumb Code     0  libinit2.o(.ARM.Collect$$libinit$$00000032)
    __rt_lib_init_fp_trap_1                  0x000001d1   Thumb Code     0  libinit2.o(.ARM.Collect$$libinit$$00000021)
    __rt_lib_init_getenv_1                   0x000001d1   Thumb Code     0  libinit2.o(.ARM.Collect$$libinit$$00000025)
    __rt_lib_init_lc_ctype_1                 0x000001d1   Thumb Code     0  libinit2.o(.ARM.Collect$$libinit$$00000015)
    __rt_lib_init_lc_monetary_1              0x000001d1   Thumb Code     0  libinit2.o(.ARM.Collect$$libinit$$00000017)
    __rt_lib_init_lc_numeric_1               0x000001d1   Thumb Code     0  libinit2.o(.ARM.Collect$$libinit$$00000019)
    __rt_lib_init_lc_time_1                  0x000001d1   Thumb Code     0  libinit2.o(.ARM.Collect$$libinit$$0000001B)
    __rt_lib_init_return                     0x000001d1   Thumb Code     0  libinit2.o(.ARM.Collect$$libinit$$00000035)
    __rt_lib_init_signal_1                   0x000001d1   Thumb Code     0  libinit2.o(.ARM.Collect$$libinit$$0000001F)
    __rt_lib_init_stdio_1                    0x000001d1   Thumb Code     0  libinit2.o(.ARM.Collect$$libinit$$00000027)
    __rt_lib_shutdown                        0x000001d3   Thumb Code     0  libshutdown.o(.ARM.Collect$$libshutdown$$00000000)
    __rt_lib_shutdown_cpp_1                  0x000001d5   Thumb Code     0  libshutdown2.o(.ARM.Collect$$libshutdown$$00000002)
    __rt_lib_shutdown_fp_trap_1              0x000001d5   Thumb Code     0  libshutdown2.o(.ARM.Collect$$libshutdown$$00000007)
    __rt_lib_shutdown_heap_1                 0x000001d5   Thumb Code     0  libshutdown2.o(.ARM.Collect$$libshutdown$$0000000F)
    __rt_lib_shutdown_return                 0x000001d5   Thumb Code     0  libshutdown2.o(.ARM.Collect$$libshutdown$$00000010)
    __rt_lib_shutdown_signal_1               0x000001d5   Thumb Code     0  libshutdown2.o(.ARM.Collect$$libshutdown$$0000000A)
    __rt_lib_shutdown_stdio_1                0x000001d5   Thumb Code     0  libshutdown2.o(.ARM.Collect$$libshutdown$$00000004)
    __rt_lib_shutdown_user_alloc_1           0x000001d5   Thumb Code     0  libshutdown2.o(.ARM.Collect$$libshutdown$$0000000C)
    __rt_entry                               0x000001d7   Thumb Code     0  __rtentry.o(.ARM.Collect$$rtentry$$00000000)
    __rt_entry_presh_1                       0x000001d7   Thumb Code     0  __rtentry2.o(.ARM.Collect$$rtentry$$00000002)
    __rt_entry_sh                            0x000001d7   Thumb Code     0  __rtentry4.o(.ARM.Collect$$rtentry$$00000004)
    __rt_entry_postsh_1                      0x000001dd   Thumb Code     0  __rtentry2.o(.ARM.Collect$$rtentry$$00000008)
    __rt_entry_li                            0x000001e5   Thumb Code     0  __rtentry2.o(.ARM.Collect$$rtentry$$0000000A)
    __rt_entry_main                          0x000001e9   Thumb Code     0  __rtentry2.o(.ARM.Collect$$rtentry$$0000000D)
    __rt_entry_postli_1                      0x000001e9   Thumb Code     0  __rtentry2.o(.ARM.Collect$$rtentry$$0000000C)
    __rt_exit                                0x000001f1   Thumb Code     0  rtexit.o(.ARM.Collect$$rtexit$$00000000)
    __rt_exit_ls                             0x000001f3   Thumb Code     0  rtexit2.o(.ARM.Collect$$rtexit$$00000003)
    __rt_exit_prels_1                        0x000001f3   Thumb Code     0  rtexit2.o(.ARM.Collect$$rtexit$$00000002)
    __rt_exit_exit                           0x000001f7   Thumb Code     0  rtexit2.o(.ARM.Collect$$rtexit$$00000004)
    Reset_Handler                            0x000001fd   Thumb Code     8  startup_lpc17xx.o(.text)
    NMI_Handler                              0x00000205   Thumb Code     2  startup_lpc17xx.o(.text)
    HardFault_Handler                        0x00000207   Thumb Code     2  startup_lpc17xx.o(.text)
    MemManage_Handler                        0x00000209   Thumb Code     2  startup_lpc17xx.o(.text)
    BusFault_Handler                         0x0000020b   Thumb Code     2  startup_lpc17xx.o(.text)
    UsageFault_Handler                       0x0000020d   Thumb Code     2  startup_lpc17xx.o(.text)
    DebugMon_Handler                         0x00000211   Thumb Code     2  startup_lpc17xx.o(.text)
    ADC_IRQHandler                           0x00000217   Thumb Code     0  startup_lpc17xx.o(.text)
    BOD_IRQHandler                           0x00000217   Thumb Code     0  startup_lpc17xx.o(.text)
    CANActivity_IRQHandler                   0x00000217   Thumb Code     0  startup_lpc17xx.o(.text)
    CAN_IRQHandler                           0x00000217   Thumb Code     0  startup_lpc17xx.o(.text)
    EINT0_IRQHandler                         0x00000217   Thumb Code     0  startup_lpc17xx.o(.text)
    EINT1_IRQHandler                         0x00000217   Thumb Code     0  startup_lpc17xx.o(.text)
    EINT2_IRQHandler                         0x00000217   Thumb Code     0  startup_lpc17xx.o(.text)
    EINT3_IRQHandler                         0x00000217   Thumb Code     0  startup_lpc17xx.o(.text)
    ENET_IRQHandler                          0x00000217   Thumb Code     0  startup_lpc17xx.o(.text)
    I2C0_IRQHandler                          0x00000217   Thumb Code     0  startup_lpc17xx.o(.text)
    I2C1_IRQHandler                          0x00000217   Thumb Code     0  startup_lpc17xx.o(.text)
    I2C2_IRQHandler                          0x00000217   Thumb Code     0  startup_lpc17xx.o(.text)
    I2S_IRQHandler                           0x00000217   Thumb Code     0  startup_lpc17xx.o(.text)
    MCPWM_IRQHandler                         0x00000217   Thumb Code     0  startup_lpc17xx.o(.text)
    PLL0_IRQHandler                          0x00000217   Thumb Code     0  startup_lpc17xx.o(.text)
    PLL1_IRQHandler                          0x00000217   Thumb Code     0  startup_lpc17xx.o(.text)
    PWM1_IRQHandler                          0x00000217   Thumb Code     0  startup_lpc17xx.o(.text)
    QEI_IRQHandler                           0x00000217   Thumb Code     0  startup_lpc17xx.o(.text)
    RIT_IRQHandler                           0x00000217   Thumb Code     0  startup_lpc17xx.o(.text)
    RTC_IRQHandler                           0x00000217   Thumb Code     0  startup_lpc17xx.o(.text)
    SSP0_IRQHandler                          0x00000217   Thumb Code     0  startup_lpc17xx.o(.text)
    TIMER0_IRQHandler                        0x00000217   Thumb Code     0  startup_lpc17xx.o(.text)
    TIMER2_IRQHandler                        0x00000217   Thumb Code     0  startup_lpc17xx.o(.text)
    TIMER3_IRQHandler                        0x00000217   Thumb Code     0  startup_lpc17xx.o(.text)
    UART0_IRQHandler                         0x00000217   Thumb Code     0  startup_lpc17xx.o(.text)
    UART1_IRQHandler                         0x00000217   Thumb Code     0  startup_lpc17xx.o(.text)
    UART2_IRQHandler                         0x00000217   Thumb Code     0  startup_lpc17xx.o(.text)
    UART3_IRQHandler                         0x00000217   Thumb Code     0  startup_lpc17xx.o(.text)
    USBActivity_IRQHandler                   0x00000217   Thumb Code     0  startup_lpc17xx.o(.text)
    USB_IRQHandler                           0x00000217   Thumb Code     0  startup_lpc17xx.o(.text)
    WDT_IRQHandler                           0x00000217   Thumb Code     0  startup_lpc17xx.o(.text)
    __user_initial_stackheap                 0x00000219   Thumb Code     0  startup_lpc17xx.o(.text)
    __2snprintf                              0x00000239   Thumb Code    58  noretval__2snprintf.o(.text)
    _printf_pre_padding                      0x00000279   Thumb Code    44  _printf_pad.o(.text)
    _printf_post_padding                     0x000002a5   Thumb Code    34  _printf_pad.o(.text)
    _printf_truncate_signed                  0x000002c7   Thumb Code    18  _printf_truncate.o(.text)
    _printf_truncate_unsigned                0x000002d9   Thumb Code    18  _printf_truncate.o(.text)
    __aeabi_memset4                          0x000002eb   Thumb Code    16  aeabi_memset4.o(.text)
    __aeabi_memset8                          0x000002eb   Thumb Code     0  aeabi_memset4.o(.text)
    __I$use$semihosting                      0x000002fb   Thumb Code     0  use_no_semi.o(.text)
    __use_no_semihosting_swi                 0x000002fb   Thumb Code     2  use_no_semi.o(.text)
    __aeabi_uldivmod                         0x00000301   Thumb Code     0  lludivv7m.o(.text)
    _ll_udiv                                 0x00000301   Thumb Code   240  lludivv7m.o(.text)
    _printf_str                              0x000003f1   Thumb Code    82  _printf_str.o(.text)
    _printf_int_dec                          0x00000445   Thumb Code   104  _printf_dec.o(.text)
    _printf_charcount                        0x000004bd   Thumb Code    40  _printf_charcount.o(.text)
    _printf_wctomb                           0x000004e5   Thumb Code   182  _printf_wctomb.o(.text)
    _printf_int_oct                          0x000005a1   Thumb Code    74  _printf_oct_int.o(.text)
    _printf_longlong_oct                     0x000005a1   Thumb Code     0  _printf_oct_int.o(.text)
    _printf_longlong_hex                     0x000005f5   Thumb Code    78  _printf_hex_int_ptr.o(.text)
    _printf_int_hex                          0x00000643   Thumb Code    26  _printf_hex_int_ptr.o(.text)
    _printf_hex_ptr                          0x0000065d   Thumb Code    16  _printf_hex_int_ptr.o(.text)
    __printf                                 0x00000671   Thumb Code   388  __printf_flags_ss_wp.o(.text)
    strstr                                   0x000007f9   Thumb Code    36  strstr.o(.text)
    __aeabi_memcpy                           0x0000081d   Thumb Code     0  rt_memcpy_v6.o(.text)
    __rt_memcpy                              0x0000081d   Thumb Code   138  rt_memcpy_v6.o(.text)
    _memcpy_lastbytes                        0x00000883   Thumb Code     0  rt_memcpy_v6.o(.text)
    __aeabi_memclr4                          0x000008a7   Thumb Code     0  rt_memclr_w.o(.text)
    __aeabi_memclr8                          0x000008a7   Thumb Code     0  rt_memclr_w.o(.text)
    __rt_memclr_w                            0x000008a7   Thumb Code     0  rt_memclr_w.o(.text)
    _memset_w                                0x000008ab   Thumb Code    74  rt_memclr_w.o(.text)
    __use_two_region_memory                  0x000008f5   Thumb Code     2  heapauxi.o(.text)
    __rt_heap_escrow$2region                 0x000008f7   Thumb Code     2  heapauxi.o(.text)
    __rt_heap_expand$2region                 0x000008f9   Thumb Code     2  heapauxi.o(.text)
    _printf_int_common                       0x000008fb   Thumb Code   178  _printf_intcommon.o(.text)
    _printf_char_common                      0x000009b7   Thumb Code    32  _printf_char_common.o(.text)
    _snputc                                  0x000009dd   Thumb Code    16  _snputc.o(.text)
    _printf_cs_common                        0x000009ed   Thumb Code    20  _printf_char.o(.text)
    _printf_char                             0x00000a01   Thumb Code    16  _printf_char.o(.text)
    _printf_string                           0x00000a11   Thumb Code     8  _printf_char.o(.text)
    _printf_lcs_common                       0x00000a19   Thumb Code    20  _printf_wchar.o(.text)
    _printf_wchar                            0x00000a2d   Thumb Code    16  _printf_wchar.o(.text)
    _printf_wstring                          0x00000a3d   Thumb Code     8  _printf_wchar.o(.text)
    _c16rtomb                                0x00000a45   Thumb Code    72  _c16rtomb.o(.text)
    _wcrtomb                                 0x00000a45   Thumb Code     0  _c16rtomb.o(.text)
    __aeabi_memcpy4                          0x00000a8d   Thumb Code     0  rt_memcpy_w.o(.text)
    __aeabi_memcpy8                          0x00000a8d   Thumb Code     0  rt_memcpy_w.o(.text)
    __rt_memcpy_w                            0x00000a8d   Thumb Code   100  rt_memcpy_w.o(.text)
    _memcpy_lastbytes_aligned                0x00000ad5   Thumb Code     0  rt_memcpy_w.o(.text)
    __rt_ctype_table                         0x00000af1   Thumb Code    16  rt_ctype_table.o(.text)
    __user_setup_stackheap                   0x00000b01   Thumb Code    74  sys_stackheap_outer.o(.text)
    __rt_locale                              0x00000b4b   Thumb Code    10  rt_locale_twolibspace.o(.text)
    exit                                     0x00000b55   Thumb Code    18  exit.o(.text)
    __user_libspace                          0x00000b69   Thumb Code     8  libspace.o(.text)
    __user_perproc_libspace                  0x00000b69   Thumb Code     0  libspace.o(.text)
    strcmp                                   0x00000b71   Thumb Code   128  strcmpv7m.o(.text)
    _sys_exit                                0x00000bf1   Thumb Code     8  sys_exit.o(.text)
    __semihosting_library_function           0x00000bfd   Thumb Code     0  indicate_semi.o(.text)
    DMA_IRQHandler                           0x00000c1d   Thumb Code   224  gpdma_lpc17xx.o(.text.DMA_IRQHandler)
    GLCD_ClearScreen                         0x00000d05   Thumb Code    44  glcd_mcb1700.o(.text.GLCD_ClearScreen)
    GLCD_DrawChar                            0x00000d31   Thumb Code   156  glcd_mcb1700.o(.text.GLCD_DrawChar)
    GLCD_DrawString                          0x00000dd5   Thumb Code    36  glcd_mcb1700.o(.text.GLCD_DrawString)
    GLCD_Initialize                          0x00000dfd   Thumb Code  1260  glcd_mcb1700.o(.text.GLCD_Initialize)
    GLCD_SetBackgroundColor                  0x000012fd   Thumb Code     8  glcd_mcb1700.o(.text.GLCD_SetBackgroundColor)
    GLCD_SetFont                             0x00001309   Thumb Code     8  glcd_mcb1700.o(.text.GLCD_SetFont)
    GLCD_SetForegroundColor                  0x00001311   Thumb Code     8  glcd_mcb1700.o(.text.GLCD_SetForegroundColor)
    GPIO_PinRead                             0x000013a9   Thumb Code    16  gpio_lpc17xx.o(.text.GPIO_PinRead)
    GPIO_PinWrite                            0x000013bd   Thumb Code    24  gpio_lpc17xx.o(.text.GPIO_PinWrite)
    GPIO_PortClock                           0x000013d5   Thumb Code    20  gpio_lpc17xx.o(.text.GPIO_PortClock)
    GPIO_SetDir                              0x000013ed   Thumb Code    24  gpio_lpc17xx.o(.text.GPIO_SetDir)
    PIN_Configure                            0x00001605   Thumb Code   104  pin_lpc17xx.o(.text.PIN_Configure)
    PendSV_Handler                           0x00001671   Thumb Code    68  port.o(.text.PendSV_Handler)
    SPI_IRQHandler                           0x000016b5   Thumb Code   196  spi_lpc17xx.o(.text.SPI_IRQHandler)
    SSP1_IRQHandler                          0x00001a9d   Thumb Code   168  ssp_lpc17xx.o(.text.SSP1_IRQHandler)
    SVC_Handler                              0x00001d81   Thumb Code    36  port.o(.text.SVC_Handler)
    SysTick_Handler                          0x00001da5   Thumb Code    24  cmsis_os2.o(.text.SysTick_Handler)
    SystemCoreClockUpdate                    0x00001dc1   Thumb Code   156  system_lpc17xx.o(.text.SystemCoreClockUpdate)
    SystemInit                               0x00001e71   Thumb Code   212  system_lpc17xx.o(.text.SystemInit)
    TIMER1_IRQHandler                        0x00001f51   Thumb Code    20  main.o(.text.TIMER1_IRQHandler)
    _mutex_acquire                           0x00001f69   Thumb Code    26  clib_arm.o(.text._mutex_acquire)
    _mutex_free                              0x00001f85   Thumb Code    40  clib_arm.o(.text._mutex_free)
    _mutex_initialize                        0x00001fad   Thumb Code    76  clib_arm.o(.text._mutex_initialize)
    _mutex_release                           0x00002001   Thumb Code    28  clib_arm.o(.text._mutex_release)
    _platform_post_stackheap_init            0x0000201d   Thumb Code     2  clib_arm.o(.text._platform_post_stackheap_init)
    adjust_durations                         0x00002021   Thumb Code   544  main.o(.text.adjust_durations)
    adjust_threshold                         0x00002295   Thumb Code   368  main.o(.text.adjust_threshold)
    control_actuators                        0x00002469   Thumb Code   552  main.o(.text.control_actuators)
    control_thread                           0x000026e1   Thumb Code   168  main.o(.text.control_thread)
    control_timers                           0x000027d1   Thumb Code  1040  main.o(.text.control_timers)
    display_menu                             0x00002c59   Thumb Code   272  main.o(.text.display_menu)
    init_adc                                 0x00002d95   Thumb Code    28  main.o(.text.init_adc)
    init_gpio                                0x00002dbd   Thumb Code    44  main.o(.text.init_gpio)
    init_hardware                            0x00002df5   Thumb Code    22  main.o(.text.init_hardware)
    init_timer                               0x00002e0d   Thumb Code    44  main.o(.text.init_timer)
    init_uart                                0x00002e45   Thumb Code    40  main.o(.text.init_uart)
    main                                     0x00002e79   Thumb Code   188  main.o(.text.main)
    menu_thread                              0x00002f89   Thumb Code   288  main.o(.text.menu_thread)
    monitor_thread                           0x000030d9   Thumb Code    72  main.o(.text.monitor_thread)
    pvPortMalloc                             0x000037d9   Thumb Code   208  heap_4.o(.text.pvPortMalloc)
    pvTaskIncrementMutexHeldCount            0x000038b1   Thumb Code    20  tasks.o(.text.pvTaskIncrementMutexHeldCount)
    pxPortInitialiseStack                    0x000038c9   Thumb Code    28  port.o(.text.pxPortInitialiseStack)
    read_adc_channel                         0x000038e9   Thumb Code    48  main.o(.text.read_adc_channel)
    read_joystick                            0x0000391d   Thumb Code    56  main.o(.text.read_joystick)
    send_uart_string                         0x00003959   Thumb Code    20  main.o(.text.send_uart_string)
    sensor_thread                            0x0000396d   Thumb Code    44  main.o(.text.sensor_thread)
    show_sensors                             0x00003999   Thumb Code   264  main.o(.text.show_sensors)
    toggle_actuator                          0x00003b91   Thumb Code    28  main.o(.text.toggle_actuator)
    uart_receive_thread                      0x00003bad   Thumb Code   172  main.o(.text.uart_receive_thread)
    uart_thread                              0x00003c75   Thumb Code    56  main.o(.text.uart_thread)
    update_time                              0x00003ccd   Thumb Code    52  main.o(.text.update_time)
    uxListRemove                             0x00003d05   Thumb Code    32  list.o(.text.uxListRemove)
    vApplicationGetIdleTaskMemory            0x00003d25   Thumb Code    16  cmsis_os2.o(.text.vApplicationGetIdleTaskMemory)
    vApplicationGetTimerTaskMemory           0x00003d3d   Thumb Code    16  cmsis_os2.o(.text.vApplicationGetTimerTaskMemory)
    vApplicationStackOverflowHook            0x00003d55   Thumb Code     2  cmsis_os2.o(.text.vApplicationStackOverflowHook)
    vListInitialise                          0x00003d57   Thumb Code    22  list.o(.text.vListInitialise)
    vListInitialiseItem                      0x00003d6d   Thumb Code     6  list.o(.text.vListInitialiseItem)
    vListInsert                              0x00003d73   Thumb Code    46  list.o(.text.vListInsert)
    vListInsertEnd                           0x00003da1   Thumb Code    24  list.o(.text.vListInsertEnd)
    vPortEnterCritical                       0x00003db9   Thumb Code    28  port.o(.text.vPortEnterCritical)
    vPortExitCritical                        0x00003dd5   Thumb Code    20  port.o(.text.vPortExitCritical)
    vPortFree                                0x00003de9   Thumb Code    76  heap_4.o(.text.vPortFree)
    vPortSetupTimerInterrupt                 0x00003e39   Thumb Code    32  port.o(.text.vPortSetupTimerInterrupt)
    vQueueDelete                             0x00003e61   Thumb Code    12  queue.o(.text.vQueueDelete)
    vQueueWaitForMessageRestricted           0x00003e6d   Thumb Code    68  queue.o(.text.vQueueWaitForMessageRestricted)
    vTaskDelay                               0x00003eb1   Thumb Code    44  tasks.o(.text.vTaskDelay)
    vTaskInternalSetTimeOutState             0x00003edd   Thumb Code    12  tasks.o(.text.vTaskInternalSetTimeOutState)
    vTaskMissedYield                         0x00003ee9   Thumb Code     8  tasks.o(.text.vTaskMissedYield)
    vTaskPlaceOnEventList                    0x00003ef1   Thumb Code    28  tasks.o(.text.vTaskPlaceOnEventList)
    vTaskPlaceOnEventListRestricted          0x00003f0d   Thumb Code    36  tasks.o(.text.vTaskPlaceOnEventListRestricted)
    vTaskPriorityDisinheritAfterTimeout      0x00003f31   Thumb Code    92  tasks.o(.text.vTaskPriorityDisinheritAfterTimeout)
    vTaskStartScheduler                      0x00003f8d   Thumb Code    96  tasks.o(.text.vTaskStartScheduler)
    vTaskSuspendAll                          0x00003ff9   Thumb Code    12  tasks.o(.text.vTaskSuspendAll)
    vTaskSwitchContext                       0x00004005   Thumb Code   124  tasks.o(.text.vTaskSwitchContext)
    xPortStartScheduler                      0x0000414d   Thumb Code    48  port.o(.text.xPortStartScheduler)
    xPortSysTickHandler                      0x00004185   Thumb Code    40  port.o(.text.xPortSysTickHandler)
    xQueueCreateMutex                        0x000041ad   Thumb Code    22  queue.o(.text.xQueueCreateMutex)
    xQueueCreateMutexStatic                  0x000041c3   Thumb Code    28  queue.o(.text.xQueueCreateMutexStatic)
    xQueueGenericCreate                      0x000041df   Thumb Code    46  queue.o(.text.xQueueGenericCreate)
    xQueueGenericCreateStatic                0x0000420d   Thumb Code    24  queue.o(.text.xQueueGenericCreateStatic)
    xQueueGenericReset                       0x00004225   Thumb Code   104  queue.o(.text.xQueueGenericReset)
    xQueueGenericSend                        0x00004291   Thumb Code   284  queue.o(.text.xQueueGenericSend)
    xQueueGenericSendFromISR                 0x000043ad   Thumb Code    96  queue.o(.text.xQueueGenericSendFromISR)
    xQueueReceive                            0x0000440d   Thumb Code   244  queue.o(.text.xQueueReceive)
    xQueueSemaphoreTake                      0x00004505   Thumb Code   304  queue.o(.text.xQueueSemaphoreTake)
    xTaskCheckForTimeOut                     0x00004639   Thumb Code    68  tasks.o(.text.xTaskCheckForTimeOut)
    xTaskCreate                              0x0000467d   Thumb Code    88  tasks.o(.text.xTaskCreate)
    xTaskCreateStatic                        0x000046d5   Thumb Code    50  tasks.o(.text.xTaskCreateStatic)
    xTaskGetSchedulerState                   0x00004709   Thumb Code    24  tasks.o(.text.xTaskGetSchedulerState)
    xTaskGetTickCount                        0x00004721   Thumb Code     8  tasks.o(.text.xTaskGetTickCount)
    xTaskIncrementTick                       0x00004729   Thumb Code   180  tasks.o(.text.xTaskIncrementTick)
    xTaskPriorityDisinherit                  0x000047dd   Thumb Code    64  tasks.o(.text.xTaskPriorityDisinherit)
    xTaskPriorityInherit                     0x0000481d   Thumb Code   112  tasks.o(.text.xTaskPriorityInherit)
    xTaskRemoveFromEventList                 0x0000488d   Thumb Code    72  tasks.o(.text.xTaskRemoveFromEventList)
    xTaskResumeAll                           0x000048d5   Thumb Code   164  tasks.o(.text.xTaskResumeAll)
    xTimerCreateTimerTask                    0x00004985   Thumb Code    68  timers.o(.text.xTimerCreateTimerTask)
    xTimerGenericCommand                     0x000049d9   Thumb Code    64  timers.o(.text.xTimerGenericCommand)
    _is_digit                                0x00004a1d   Thumb Code    14  __printf_wp.o(i._is_digit)
    _get_lc_ctype                            0x00004a2d   Thumb Code    44  lc_ctype_c.o(locale$$code)
    Driver_SPI1                              0x00004a9c   Data          44  ssp_lpc17xx.o(.rodata.Driver_SPI1)
    GLCD_Font_16x24                          0x00005fc8   Data          16  glcd_fonts.o(.rodata.GLCD_Font_16x24)
    Region$$Table$$Base                      0x00006120   Number         0  anon$$obj.o(Region$$Table)
    Region$$Table$$Limit                     0x00006140   Number         0  anon$$obj.o(Region$$Table)
    __ctype                                  0x0000614d   Data           0  lc_ctype_c.o(locale$$data)
    SystemCoreClock                          0x10000000   Data           4  system_lpc17xx.o(.data.SystemCoreClock)
    __libspace_start                         0x10000050   Data          96  libspace.o(.bss)
    __temporary_stack_top$libspace           0x100000b0   Data           0  libspace.o(.bss)
    pxCurrentTCB                             0x100001a0   Data           4  tasks.o(.bss..L_MergedGlobals)



==============================================================================

Memory Map of the image

  Image Entry point : 0x000001fd

  Load Region LR_1 (Base: 0x00000000, Size: 0x0000629c, Max: 0xffffffff, ABSOLUTE)

    Execution Region ER_RO (Exec base: 0x00000000, Load base: 0x00000000, Size: 0x00006250, Max: 0xffffffff, ABSOLUTE)

    Exec Addr    Load Addr    Size         Type   Attr      Idx    E Section Name        Object

    0x00000000   0x00000000   0x000000cc   Data   RO          640    RESET               startup_lpc17xx.o
    0x000000cc   0x000000cc   0x00000008   Code   RO         1150  * !!!main             c_w.l(__main.o)
    0x000000d4   0x000000d4   0x0000005c   Code   RO         1355    !!!scatter          c_w.l(__scatter.o)
    0x00000130   0x00000130   0x0000001a   Code   RO         1359    !!handler_copy      c_w.l(__scatter_copy.o)
    0x0000014a   0x0000014a   0x00000002   PAD
    0x0000014c   0x0000014c   0x00000002   Code   RO         1356    !!handler_null      c_w.l(__scatter.o)
    0x0000014e   0x0000014e   0x00000002   PAD
    0x00000150   0x00000150   0x0000001c   Code   RO         1361    !!handler_zi        c_w.l(__scatter_zi.o)
    0x0000016c   0x0000016c   0x00000000   Code   RO         1137    .ARM.Collect$$_printf_percent$$00000000  c_w.l(_printf_percent.o)
    0x0000016c   0x0000016c   0x00000006   Code   RO         1130    .ARM.Collect$$_printf_percent$$00000001  c_w.l(_printf_n.o)
    0x00000172   0x00000172   0x00000006   Code   RO         1132    .ARM.Collect$$_printf_percent$$00000002  c_w.l(_printf_p.o)
    0x00000178   0x00000178   0x00000006   Code   RO         1134    .ARM.Collect$$_printf_percent$$00000008  c_w.l(_printf_i.o)
    0x0000017e   0x0000017e   0x00000006   Code   RO         1135    .ARM.Collect$$_printf_percent$$00000009  c_w.l(_printf_d.o)
    0x00000184   0x00000184   0x00000006   Code   RO         1136    .ARM.Collect$$_printf_percent$$0000000A  c_w.l(_printf_u.o)
    0x0000018a   0x0000018a   0x00000006   Code   RO         1133    .ARM.Collect$$_printf_percent$$0000000B  c_w.l(_printf_o.o)
    0x00000190   0x00000190   0x00000006   Code   RO         1131    .ARM.Collect$$_printf_percent$$0000000C  c_w.l(_printf_x.o)
    0x00000196   0x00000196   0x0000000a   Code   RO         1168    .ARM.Collect$$_printf_percent$$00000012  c_w.l(_printf_l.o)
    0x000001a0   0x000001a0   0x00000006   Code   RO         1128    .ARM.Collect$$_printf_percent$$00000013  c_w.l(_printf_c.o)
    0x000001a6   0x000001a6   0x00000006   Code   RO         1129    .ARM.Collect$$_printf_percent$$00000014  c_w.l(_printf_s.o)
    0x000001ac   0x000001ac   0x00000006   Code   RO         1138    .ARM.Collect$$_printf_percent$$00000015  c_w.l(_printf_lc.o)
    0x000001b2   0x000001b2   0x00000006   Code   RO         1139    .ARM.Collect$$_printf_percent$$00000016  c_w.l(_printf_ls.o)
    0x000001b8   0x000001b8   0x00000004   Code   RO         1167    .ARM.Collect$$_printf_percent$$00000017  c_w.l(_printf_percent_end.o)
    0x000001bc   0x000001bc   0x00000002   Code   RO         1215    .ARM.Collect$$libinit$$00000000  c_w.l(libinit.o)
    0x000001be   0x000001be   0x00000000   Code   RO         1230    .ARM.Collect$$libinit$$00000002  c_w.l(libinit2.o)
    0x000001be   0x000001be   0x00000000   Code   RO         1232    .ARM.Collect$$libinit$$00000004  c_w.l(libinit2.o)
    0x000001be   0x000001be   0x00000000   Code   RO         1234    .ARM.Collect$$libinit$$00000006  c_w.l(libinit2.o)
    0x000001be   0x000001be   0x00000000   Code   RO         1237    .ARM.Collect$$libinit$$0000000C  c_w.l(libinit2.o)
    0x000001be   0x000001be   0x00000000   Code   RO         1239    .ARM.Collect$$libinit$$0000000E  c_w.l(libinit2.o)
    0x000001be   0x000001be   0x00000000   Code   RO         1241    .ARM.Collect$$libinit$$00000010  c_w.l(libinit2.o)
    0x000001be   0x000001be   0x00000006   Code   RO         1242    .ARM.Collect$$libinit$$00000011  c_w.l(libinit2.o)
    0x000001c4   0x000001c4   0x00000000   Code   RO         1244    .ARM.Collect$$libinit$$00000013  c_w.l(libinit2.o)
    0x000001c4   0x000001c4   0x0000000c   Code   RO         1245    .ARM.Collect$$libinit$$00000014  c_w.l(libinit2.o)
    0x000001d0   0x000001d0   0x00000000   Code   RO         1246    .ARM.Collect$$libinit$$00000015  c_w.l(libinit2.o)
    0x000001d0   0x000001d0   0x00000000   Code   RO         1248    .ARM.Collect$$libinit$$00000017  c_w.l(libinit2.o)
    0x000001d0   0x000001d0   0x00000000   Code   RO         1250    .ARM.Collect$$libinit$$00000019  c_w.l(libinit2.o)
    0x000001d0   0x000001d0   0x00000000   Code   RO         1252    .ARM.Collect$$libinit$$0000001B  c_w.l(libinit2.o)
    0x000001d0   0x000001d0   0x00000000   Code   RO         1254    .ARM.Collect$$libinit$$0000001D  c_w.l(libinit2.o)
    0x000001d0   0x000001d0   0x00000000   Code   RO         1256    .ARM.Collect$$libinit$$0000001F  c_w.l(libinit2.o)
    0x000001d0   0x000001d0   0x00000000   Code   RO         1258    .ARM.Collect$$libinit$$00000021  c_w.l(libinit2.o)
    0x000001d0   0x000001d0   0x00000000   Code   RO         1260    .ARM.Collect$$libinit$$00000023  c_w.l(libinit2.o)
    0x000001d0   0x000001d0   0x00000000   Code   RO         1262    .ARM.Collect$$libinit$$00000025  c_w.l(libinit2.o)
    0x000001d0   0x000001d0   0x00000000   Code   RO         1264    .ARM.Collect$$libinit$$00000027  c_w.l(libinit2.o)
    0x000001d0   0x000001d0   0x00000000   Code   RO         1268    .ARM.Collect$$libinit$$0000002E  c_w.l(libinit2.o)
    0x000001d0   0x000001d0   0x00000000   Code   RO         1270    .ARM.Collect$$libinit$$00000030  c_w.l(libinit2.o)
    0x000001d0   0x000001d0   0x00000000   Code   RO         1272    .ARM.Collect$$libinit$$00000032  c_w.l(libinit2.o)
    0x000001d0   0x000001d0   0x00000000   Code   RO         1274    .ARM.Collect$$libinit$$00000034  c_w.l(libinit2.o)
    0x000001d0   0x000001d0   0x00000002   Code   RO         1275    .ARM.Collect$$libinit$$00000035  c_w.l(libinit2.o)
    0x000001d2   0x000001d2   0x00000002   Code   RO         1310    .ARM.Collect$$libshutdown$$00000000  c_w.l(libshutdown.o)
    0x000001d4   0x000001d4   0x00000000   Code   RO         1338    .ARM.Collect$$libshutdown$$00000002  c_w.l(libshutdown2.o)
    0x000001d4   0x000001d4   0x00000000   Code   RO         1340    .ARM.Collect$$libshutdown$$00000004  c_w.l(libshutdown2.o)
    0x000001d4   0x000001d4   0x00000000   Code   RO         1343    .ARM.Collect$$libshutdown$$00000007  c_w.l(libshutdown2.o)
    0x000001d4   0x000001d4   0x00000000   Code   RO         1346    .ARM.Collect$$libshutdown$$0000000A  c_w.l(libshutdown2.o)
    0x000001d4   0x000001d4   0x00000000   Code   RO         1348    .ARM.Collect$$libshutdown$$0000000C  c_w.l(libshutdown2.o)
    0x000001d4   0x000001d4   0x00000000   Code   RO         1351    .ARM.Collect$$libshutdown$$0000000F  c_w.l(libshutdown2.o)
    0x000001d4   0x000001d4   0x00000002   Code   RO         1352    .ARM.Collect$$libshutdown$$00000010  c_w.l(libshutdown2.o)
    0x000001d6   0x000001d6   0x00000000   Code   RO         1152    .ARM.Collect$$rtentry$$00000000  c_w.l(__rtentry.o)
    0x000001d6   0x000001d6   0x00000000   Code   RO         1174    .ARM.Collect$$rtentry$$00000002  c_w.l(__rtentry2.o)
    0x000001d6   0x000001d6   0x00000006   Code   RO         1186    .ARM.Collect$$rtentry$$00000004  c_w.l(__rtentry4.o)
    0x000001dc   0x000001dc   0x00000008   Code   RO         1175    .ARM.Collect$$rtentry$$00000008  c_w.l(__rtentry2.o)
    0x000001e4   0x000001e4   0x00000004   Code   RO         1177    .ARM.Collect$$rtentry$$0000000A  c_w.l(__rtentry2.o)
    0x000001e8   0x000001e8   0x00000000   Code   RO         1179    .ARM.Collect$$rtentry$$0000000C  c_w.l(__rtentry2.o)
    0x000001e8   0x000001e8   0x00000008   Code   RO         1180    .ARM.Collect$$rtentry$$0000000D  c_w.l(__rtentry2.o)
    0x000001f0   0x000001f0   0x00000002   Code   RO         1219    .ARM.Collect$$rtexit$$00000000  c_w.l(rtexit.o)
    0x000001f2   0x000001f2   0x00000000   Code   RO         1281    .ARM.Collect$$rtexit$$00000002  c_w.l(rtexit2.o)
    0x000001f2   0x000001f2   0x00000004   Code   RO         1282    .ARM.Collect$$rtexit$$00000003  c_w.l(rtexit2.o)
    0x000001f6   0x000001f6   0x00000006   Code   RO         1283    .ARM.Collect$$rtexit$$00000004  c_w.l(rtexit2.o)
    0x000001fc   0x000001fc   0x0000003c   Code   RO          642  * .text               startup_lpc17xx.o
    0x00000238   0x00000238   0x00000040   Code   RO         1064    .text               c_w.l(noretval__2snprintf.o)
    0x00000278   0x00000278   0x0000004e   Code   RO         1068    .text               c_w.l(_printf_pad.o)
    0x000002c6   0x000002c6   0x00000024   Code   RO         1070    .text               c_w.l(_printf_truncate.o)
    0x000002ea   0x000002ea   0x00000010   Code   RO         1144    .text               c_w.l(aeabi_memset4.o)
    0x000002fa   0x000002fa   0x00000002   Code   RO         1299    .text               c_w.l(use_no_semi.o)
    0x000002fc   0x000002fc   0x00000004   Code   RO          641    .ARM.__at_0x02FC    startup_lpc17xx.o
    0x00000300   0x00000300   0x000000f0   Code   RO         1060    .text               c_w.l(lludivv7m.o)
    0x000003f0   0x000003f0   0x00000052   Code   RO         1072    .text               c_w.l(_printf_str.o)
    0x00000442   0x00000442   0x00000002   PAD
    0x00000444   0x00000444   0x00000078   Code   RO         1074    .text               c_w.l(_printf_dec.o)
    0x000004bc   0x000004bc   0x00000028   Code   RO         1076    .text               c_w.l(_printf_charcount.o)
    0x000004e4   0x000004e4   0x000000bc   Code   RO         1078    .text               c_w.l(_printf_wctomb.o)
    0x000005a0   0x000005a0   0x00000054   Code   RO         1083    .text               c_w.l(_printf_oct_int.o)
    0x000005f4   0x000005f4   0x0000007c   Code   RO         1099    .text               c_w.l(_printf_hex_int_ptr.o)
    0x00000670   0x00000670   0x00000188   Code   RO         1125    .text               c_w.l(__printf_flags_ss_wp.o)
    0x000007f8   0x000007f8   0x00000024   Code   RO         1140    .text               c_w.l(strstr.o)
    0x0000081c   0x0000081c   0x0000008a   Code   RO         1142    .text               c_w.l(rt_memcpy_v6.o)
    0x000008a6   0x000008a6   0x0000004e   Code   RO         1146    .text               c_w.l(rt_memclr_w.o)
    0x000008f4   0x000008f4   0x00000006   Code   RO         1148    .text               c_w.l(heapauxi.o)
    0x000008fa   0x000008fa   0x000000b2   Code   RO         1157    .text               c_w.l(_printf_intcommon.o)
    0x000009ac   0x000009ac   0x00000030   Code   RO         1159    .text               c_w.l(_printf_char_common.o)
    0x000009dc   0x000009dc   0x00000010   Code   RO         1161    .text               c_w.l(_snputc.o)
    0x000009ec   0x000009ec   0x0000002c   Code   RO         1163    .text               c_w.l(_printf_char.o)
    0x00000a18   0x00000a18   0x0000002c   Code   RO         1165    .text               c_w.l(_printf_wchar.o)
    0x00000a44   0x00000a44   0x00000048   Code   RO         1169    .text               c_w.l(_c16rtomb.o)
    0x00000a8c   0x00000a8c   0x00000064   Code   RO         1171    .text               c_w.l(rt_memcpy_w.o)
    0x00000af0   0x00000af0   0x00000010   Code   RO         1188    .text               c_w.l(rt_ctype_table.o)
    0x00000b00   0x00000b00   0x0000004a   Code   RO         1194    .text               c_w.l(sys_stackheap_outer.o)
    0x00000b4a   0x00000b4a   0x0000000a   Code   RO         1201    .text               c_w.l(rt_locale_twolibspace.o)
    0x00000b54   0x00000b54   0x00000012   Code   RO         1206    .text               c_w.l(exit.o)
    0x00000b66   0x00000b66   0x00000002   PAD
    0x00000b68   0x00000b68   0x00000008   Code   RO         1216    .text               c_w.l(libspace.o)
    0x00000b70   0x00000b70   0x00000080   Code   RO         1227    .text               c_w.l(strcmpv7m.o)
    0x00000bf0   0x00000bf0   0x0000000c   Code   RO         1276    .text               c_w.l(sys_exit.o)
    0x00000bfc   0x00000bfc   0x00000000   Code   RO         1301    .text               c_w.l(indicate_semi.o)
    0x00000bfc   0x00000bfc   0x00000020   Code   RO          582    .text.Clear_Channel_active_flag  gpdma_lpc17xx.o
    0x00000c1c   0x00000c1c   0x000000e8   Code   RO          592    .text.DMA_IRQHandler  gpdma_lpc17xx.o
    0x00000d04   0x00000d04   0x0000002c   Code   RO          142    .text.GLCD_ClearScreen  glcd_mcb1700.o
    0x00000d30   0x00000d30   0x000000a4   Code   RO          162    .text.GLCD_DrawChar  glcd_mcb1700.o
    0x00000dd4   0x00000dd4   0x00000028   Code   RO          164    .text.GLCD_DrawString  glcd_mcb1700.o
    0x00000dfc   0x00000dfc   0x00000500   Code   RO          130    .text.GLCD_Initialize  glcd_mcb1700.o
    0x000012fc   0x000012fc   0x0000000c   Code   RO          140    .text.GLCD_SetBackgroundColor  glcd_mcb1700.o
    0x00001308   0x00001308   0x00000008   Code   RO          152    .text.GLCD_SetFont  glcd_mcb1700.o
    0x00001310   0x00001310   0x00000008   Code   RO          138    .text.GLCD_SetForegroundColor  glcd_mcb1700.o
    0x00001318   0x00001318   0x00000090   Code   RO          144    .text.GLCD_SetWindow  glcd_mcb1700.o
    0x000013a8   0x000013a8   0x00000014   Code   RO          611    .text.GPIO_PinRead  gpio_lpc17xx.o
    0x000013bc   0x000013bc   0x00000018   Code   RO          609    .text.GPIO_PinWrite  gpio_lpc17xx.o
    0x000013d4   0x000013d4   0x00000018   Code   RO          605    .text.GPIO_PortClock  gpio_lpc17xx.o
    0x000013ec   0x000013ec   0x0000001c   Code   RO          607    .text.GPIO_SetDir   gpio_lpc17xx.o
    0x00001408   0x00001408   0x00000030   Code   RO          547    .text.GetSSPClockFreq  ssp_lpc17xx.o
    0x00001438   0x00001438   0x0000000a   Code   RO           50    .text.OUTLINED_FUNCTION_0  main.o
    0x00001442   0x00001442   0x0000000e   Code   RO          180    .text.OUTLINED_FUNCTION_0  glcd_mcb1700.o
    0x00001450   0x00001450   0x0000000c   Code   RO          549    .text.OUTLINED_FUNCTION_0  ssp_lpc17xx.o
    0x0000145c   0x0000145c   0x00000006   Code   RO          843    .text.OUTLINED_FUNCTION_0  queue.o
    0x00001462   0x00001462   0x00000008   Code   RO          977    .text.OUTLINED_FUNCTION_0  tasks.o
    0x0000146a   0x0000146a   0x00000008   Code   RO           52    .text.OUTLINED_FUNCTION_1  main.o
    0x00001472   0x00001472   0x00000008   Code   RO          182    .text.OUTLINED_FUNCTION_1  glcd_mcb1700.o
    0x0000147a   0x0000147a   0x00000010   Code   RO          551    .text.OUTLINED_FUNCTION_1  ssp_lpc17xx.o
    0x0000148a   0x0000148a   0x00000006   Code   RO          845    .text.OUTLINED_FUNCTION_1  queue.o
    0x00001490   0x00001490   0x0000000e   Code   RO          979    .text.OUTLINED_FUNCTION_1  tasks.o
    0x0000149e   0x0000149e   0x0000000a   Code   RO           70    .text.OUTLINED_FUNCTION_10  main.o
    0x000014a8   0x000014a8   0x00000008   Code   RO           72    .text.OUTLINED_FUNCTION_11  main.o
    0x000014b0   0x000014b0   0x00000006   Code   RO           74    .text.OUTLINED_FUNCTION_12  main.o
    0x000014b6   0x000014b6   0x0000000e   Code   RO           76    .text.OUTLINED_FUNCTION_13  main.o
    0x000014c4   0x000014c4   0x00000008   Code   RO           78    .text.OUTLINED_FUNCTION_14  main.o
    0x000014cc   0x000014cc   0x0000000c   Code   RO           80    .text.OUTLINED_FUNCTION_15  main.o
    0x000014d8   0x000014d8   0x00000008   Code   RO           82    .text.OUTLINED_FUNCTION_16  main.o
    0x000014e0   0x000014e0   0x00000010   Code   RO           84    .text.OUTLINED_FUNCTION_17  main.o
    0x000014f0   0x000014f0   0x00000006   Code   RO           86    .text.OUTLINED_FUNCTION_18  main.o
    0x000014f6   0x000014f6   0x0000000a   Code   RO           88    .text.OUTLINED_FUNCTION_19  main.o
    0x00001500   0x00001500   0x00000008   Code   RO           54    .text.OUTLINED_FUNCTION_2  main.o
    0x00001508   0x00001508   0x00000008   Code   RO          184    .text.OUTLINED_FUNCTION_2  glcd_mcb1700.o
    0x00001510   0x00001510   0x00000008   Code   RO          553    .text.OUTLINED_FUNCTION_2  ssp_lpc17xx.o
    0x00001518   0x00001518   0x00000006   Code   RO          847    .text.OUTLINED_FUNCTION_2  queue.o
    0x0000151e   0x0000151e   0x0000000a   Code   RO          981    .text.OUTLINED_FUNCTION_2  tasks.o
    0x00001528   0x00001528   0x0000000a   Code   RO           90    .text.OUTLINED_FUNCTION_20  main.o
    0x00001532   0x00001532   0x0000000a   Code   RO           92    .text.OUTLINED_FUNCTION_21  main.o
    0x0000153c   0x0000153c   0x0000000a   Code   RO           94    .text.OUTLINED_FUNCTION_22  main.o
    0x00001546   0x00001546   0x0000000a   Code   RO           96    .text.OUTLINED_FUNCTION_23  main.o
    0x00001550   0x00001550   0x00000006   Code   RO           98    .text.OUTLINED_FUNCTION_24  main.o
    0x00001556   0x00001556   0x0000000e   Code   RO          100    .text.OUTLINED_FUNCTION_25  main.o
    0x00001564   0x00001564   0x00000008   Code   RO           56    .text.OUTLINED_FUNCTION_3  main.o
    0x0000156c   0x0000156c   0x00000008   Code   RO          186    .text.OUTLINED_FUNCTION_3  glcd_mcb1700.o
    0x00001574   0x00001574   0x00000008   Code   RO          555    .text.OUTLINED_FUNCTION_3  ssp_lpc17xx.o
    0x0000157c   0x0000157c   0x00000006   Code   RO          849    .text.OUTLINED_FUNCTION_3  queue.o
    0x00001582   0x00001582   0x0000000c   Code   RO           58    .text.OUTLINED_FUNCTION_4  main.o
    0x0000158e   0x0000158e   0x00000006   Code   RO          188    .text.OUTLINED_FUNCTION_4  glcd_mcb1700.o
    0x00001594   0x00001594   0x00000006   Code   RO          985    .text.OUTLINED_FUNCTION_4  tasks.o
    0x0000159a   0x0000159a   0x00000018   Code   RO           60    .text.OUTLINED_FUNCTION_5  main.o
    0x000015b2   0x000015b2   0x0000000c   Code   RO          190    .text.OUTLINED_FUNCTION_5  glcd_mcb1700.o
    0x000015be   0x000015be   0x00000008   Code   RO          987    .text.OUTLINED_FUNCTION_5  tasks.o
    0x000015c6   0x000015c6   0x00000016   Code   RO           62    .text.OUTLINED_FUNCTION_6  main.o
    0x000015dc   0x000015dc   0x00000008   Code   RO          989    .text.OUTLINED_FUNCTION_6  tasks.o
    0x000015e4   0x000015e4   0x00000008   Code   RO           64    .text.OUTLINED_FUNCTION_7  main.o
    0x000015ec   0x000015ec   0x00000006   Code   RO          991    .text.OUTLINED_FUNCTION_7  tasks.o
    0x000015f2   0x000015f2   0x00000008   Code   RO           66    .text.OUTLINED_FUNCTION_8  main.o
    0x000015fa   0x000015fa   0x0000000a   Code   RO           68    .text.OUTLINED_FUNCTION_9  main.o
    0x00001604   0x00001604   0x0000006c   Code   RO          625    .text.PIN_Configure  pin_lpc17xx.o
    0x00001670   0x00001670   0x00000044   Code   RO          736    .text.PendSV_Handler  port.o
    0x000016b4   0x000016b4   0x000000cc   Code   RO          473    .text.SPI_IRQHandler  spi_lpc17xx.o
    0x00001780   0x00001780   0x000002e0   Code   RO          543    .text.SSP1_Control  ssp_lpc17xx.o
    0x00001a60   0x00001a60   0x00000010   Code   RO          541    .text.SSP1_GetDataCount  ssp_lpc17xx.o
    0x00001a70   0x00001a70   0x0000002c   Code   RO          545    .text.SSP1_GetStatus  ssp_lpc17xx.o
    0x00001a9c   0x00001a9c   0x000000b0   Code   RO          523    .text.SSP1_IRQHandler  ssp_lpc17xx.o
    0x00001b4c   0x00001b4c   0x00000040   Code   RO          529    .text.SSP1_Initialize  ssp_lpc17xx.o
    0x00001b8c   0x00001b8c   0x000000e0   Code   RO          533    .text.SSP1_PowerControl  ssp_lpc17xx.o
    0x00001c6c   0x00001c6c   0x00000040   Code   RO          537    .text.SSP1_Receive  ssp_lpc17xx.o
    0x00001cac   0x00001cac   0x00000040   Code   RO          535    .text.SSP1_Send     ssp_lpc17xx.o
    0x00001cec   0x00001cec   0x00000048   Code   RO          539    .text.SSP1_Transfer  ssp_lpc17xx.o
    0x00001d34   0x00001d34   0x00000038   Code   RO          531    .text.SSP1_Uninitialize  ssp_lpc17xx.o
    0x00001d6c   0x00001d6c   0x00000004   Code   RO          527    .text.SSP_GetCapabilities  ssp_lpc17xx.o
    0x00001d70   0x00001d70   0x00000008   Code   RO          525    .text.SSP_GetVersion  ssp_lpc17xx.o
    0x00001d78   0x00001d78   0x00000008   PAD
    0x00001d80   0x00001d80   0x00000024   Code   RO          722    .text.SVC_Handler   port.o
    0x00001da4   0x00001da4   0x0000001c   Code   RO          267    .text.SysTick_Handler  cmsis_os2.o
    0x00001dc0   0x00001dc0   0x000000b0   Code   RO          651    .text.SystemCoreClockUpdate  system_lpc17xx.o
    0x00001e70   0x00001e70   0x000000e0   Code   RO          653    .text.SystemInit    system_lpc17xx.o
    0x00001f50   0x00001f50   0x00000018   Code   RO           12    .text.TIMER1_IRQHandler  main.o
    0x00001f68   0x00001f68   0x0000001a   Code   RO          248    .text._mutex_acquire  clib_arm.o
    0x00001f82   0x00001f82   0x00000002   PAD
    0x00001f84   0x00001f84   0x00000028   Code   RO          252    .text._mutex_free   clib_arm.o
    0x00001fac   0x00001fac   0x00000054   Code   RO          246    .text._mutex_initialize  clib_arm.o
    0x00002000   0x00002000   0x0000001c   Code   RO          250    .text._mutex_release  clib_arm.o
    0x0000201c   0x0000201c   0x00000002   Code   RO          240    .text._platform_post_stackheap_init  clib_arm.o
    0x0000201e   0x0000201e   0x00000002   PAD
    0x00002020   0x00002020   0x00000274   Code   RO           42    .text.adjust_durations  main.o
    0x00002294   0x00002294   0x000001d4   Code   RO           40    .text.adjust_threshold  main.o
    0x00002468   0x00002468   0x00000278   Code   RO           38    .text.control_actuators  main.o
    0x000026e0   0x000026e0   0x000000f0   Code   RO           30    .text.control_thread  main.o
    0x000027d0   0x000027d0   0x00000460   Code   RO           44    .text.control_timers  main.o
    0x00002c30   0x00002c30   0x00000028   Code   RO          134    .text.delay_ms      glcd_mcb1700.o
    0x00002c58   0x00002c58   0x0000013c   Code   RO           34    .text.display_menu  main.o
    0x00002d94   0x00002d94   0x00000028   Code   RO            4    .text.init_adc      main.o
    0x00002dbc   0x00002dbc   0x00000038   Code   RO            6    .text.init_gpio     main.o
    0x00002df4   0x00002df4   0x00000016   Code   RO            2    .text.init_hardware  main.o
    0x00002e0a   0x00002e0a   0x00000002   PAD
    0x00002e0c   0x00002e0c   0x00000038   Code   RO           10    .text.init_timer    main.o
    0x00002e44   0x00002e44   0x00000034   Code   RO            8    .text.init_uart     main.o
    0x00002e78   0x00002e78   0x00000110   Code   RO           48    .text.main          main.o
    0x00002f88   0x00002f88   0x00000150   Code   RO           46    .text.menu_thread   main.o
    0x000030d8   0x000030d8   0x00000054   Code   RO           28    .text.monitor_thread  main.o
    0x0000312c   0x0000312c   0x00000020   Code   RO          244    .text.os_kernel_is_active  clib_arm.o
    0x0000314c   0x0000314c   0x00000054   Code   RO          877    .text.prvAddCurrentTaskToDelayedList  tasks.o
    0x000031a0   0x000031a0   0x000000b8   Code   RO          863    .text.prvAddNewTaskToReadyList  tasks.o
    0x00003258   0x00003258   0x00000048   Code   RO         1006    .text.prvCheckForValidListAndQueue  timers.o
    0x000032a0   0x000032a0   0x00000024   Code   RO          813    .text.prvCopyDataFromQueue  queue.o
    0x000032c4   0x000032c4   0x00000070   Code   RO          803    .text.prvCopyDataToQueue  queue.o
    0x00003334   0x00003334   0x00000020   Code   RO          869    .text.prvDeleteTCB  tasks.o
    0x00003354   0x00003354   0x00000054   Code   RO          901    .text.prvIdleTask   tasks.o
    0x000033a8   0x000033a8   0x00000014   Code   RO          783    .text.prvInitialiseMutex  queue.o
    0x000033bc   0x000033bc   0x00000020   Code   RO          777    .text.prvInitialiseNewQueue  queue.o
    0x000033dc   0x000033dc   0x0000008e   Code   RO          861    .text.prvInitialiseNewTask  tasks.o
    0x0000346a   0x0000346a   0x00000002   PAD
    0x0000346c   0x0000346c   0x00000048   Code   RO          751    .text.prvInsertBlockIntoFreeList  heap_4.o
    0x000034b4   0x000034b4   0x00000038   Code   RO         1046    .text.prvInsertTimerInActiveList  timers.o
    0x000034ec   0x000034ec   0x00000016   Code   RO          815    .text.prvIsQueueEmpty  queue.o
    0x00003502   0x00003502   0x00000002   PAD
    0x00003504   0x00003504   0x00000020   Code   RO          728    .text.prvPortStartFirstTask  port.o
    0x00003524   0x00003524   0x00000020   Code   RO          871    .text.prvResetNextTaskUnblockTime  tasks.o
    0x00003544   0x00003544   0x00000080   Code   RO         1044    .text.prvSampleTimeNow  timers.o
    0x000035c4   0x000035c4   0x00000020   Code   RO          720    .text.prvTaskExitError  port.o
    0x000035e4   0x000035e4   0x00000190   Code   RO         1008    .text.prvTimerTask  timers.o
    0x00003774   0x00003774   0x00000062   Code   RO          805    .text.prvUnlockQueue  queue.o
    0x000037d6   0x000037d6   0x00000002   PAD
    0x000037d8   0x000037d8   0x000000d8   Code   RO          749    .text.pvPortMalloc  heap_4.o
    0x000038b0   0x000038b0   0x00000018   Code   RO          961    .text.pvTaskIncrementMutexHeldCount  tasks.o
    0x000038c8   0x000038c8   0x00000020   Code   RO          718    .text.pxPortInitialiseStack  port.o
    0x000038e8   0x000038e8   0x00000034   Code   RO           18    .text.read_adc_channel  main.o
    0x0000391c   0x0000391c   0x0000003c   Code   RO           20    .text.read_joystick  main.o
    0x00003958   0x00003958   0x00000014   Code   RO           16    .text.send_uart_string  main.o
    0x0000396c   0x0000396c   0x0000002c   Code   RO           24    .text.sensor_thread  main.o
    0x00003998   0x00003998   0x00000168   Code   RO           36    .text.show_sensors  main.o
    0x00003b00   0x00003b00   0x00000028   Code   RO          178    .text.spi_tran      glcd_mcb1700.o
    0x00003b28   0x00003b28   0x00000068   Code   RO          176    .text.spi_tran_man  glcd_mcb1700.o
    0x00003b90   0x00003b90   0x0000001c   Code   RO           22    .text.toggle_actuator  main.o
    0x00003bac   0x00003bac   0x000000c8   Code   RO           32    .text.uart_receive_thread  main.o
    0x00003c74   0x00003c74   0x00000058   Code   RO           26    .text.uart_thread   main.o
    0x00003ccc   0x00003ccc   0x00000038   Code   RO           14    .text.update_time   main.o
    0x00003d04   0x00003d04   0x00000020   Code   RO          708    .text.uxListRemove  list.o
    0x00003d24   0x00003d24   0x00000018   Code   RO          417    .text.vApplicationGetIdleTaskMemory  cmsis_os2.o
    0x00003d3c   0x00003d3c   0x00000018   Code   RO          419    .text.vApplicationGetTimerTaskMemory  cmsis_os2.o
    0x00003d54   0x00003d54   0x00000002   Code   RO          415    .text.vApplicationStackOverflowHook  cmsis_os2.o
    0x00003d56   0x00003d56   0x00000016   Code   RO          700    .text.vListInitialise  list.o
    0x00003d6c   0x00003d6c   0x00000006   Code   RO          702    .text.vListInitialiseItem  list.o
    0x00003d72   0x00003d72   0x0000002e   Code   RO          706    .text.vListInsert   list.o
    0x00003da0   0x00003da0   0x00000018   Code   RO          704    .text.vListInsertEnd  list.o
    0x00003db8   0x00003db8   0x0000001c   Code   RO          732    .text.vPortEnterCritical  port.o
    0x00003dd4   0x00003dd4   0x00000014   Code   RO          734    .text.vPortExitCritical  port.o
    0x00003de8   0x00003de8   0x00000050   Code   RO          753    .text.vPortFree     heap_4.o
    0x00003e38   0x00003e38   0x00000028   Code   RO          726    .text.vPortSetupTimerInterrupt  port.o
    0x00003e60   0x00003e60   0x0000000c   Code   RO          829    .text.vQueueDelete  queue.o
    0x00003e6c   0x00003e6c   0x00000044   Code   RO          841    .text.vQueueWaitForMessageRestricted  queue.o
    0x00003eb0   0x00003eb0   0x0000002c   Code   RO          881    .text.vTaskDelay    tasks.o
    0x00003edc   0x00003edc   0x0000000c   Code   RO          933    .text.vTaskInternalSetTimeOutState  tasks.o
    0x00003ee8   0x00003ee8   0x00000008   Code   RO          937    .text.vTaskMissedYield  tasks.o
    0x00003ef0   0x00003ef0   0x0000001c   Code   RO          921    .text.vTaskPlaceOnEventList  tasks.o
    0x00003f0c   0x00003f0c   0x00000024   Code   RO          925    .text.vTaskPlaceOnEventListRestricted  tasks.o
    0x00003f30   0x00003f30   0x0000005c   Code   RO          957    .text.vTaskPriorityDisinheritAfterTimeout  tasks.o
    0x00003f8c   0x00003f8c   0x0000006c   Code   RO          899    .text.vTaskStartScheduler  tasks.o
    0x00003ff8   0x00003ff8   0x0000000c   Code   RO          875    .text.vTaskSuspendAll  tasks.o
    0x00004004   0x00004004   0x00000084   Code   RO          893    .text.vTaskSwitchContext  tasks.o
    0x00004088   0x00004088   0x0000002c   Code   RO          146    .text.wr_cmd        glcd_mcb1700.o
    0x000040b4   0x000040b4   0x00000020   Code   RO          150    .text.wr_dat_only   glcd_mcb1700.o
    0x000040d4   0x000040d4   0x00000018   Code   RO          148    .text.wr_dat_start  glcd_mcb1700.o
    0x000040ec   0x000040ec   0x00000060   Code   RO          132    .text.wr_reg        glcd_mcb1700.o
    0x0000414c   0x0000414c   0x00000038   Code   RO          724    .text.xPortStartScheduler  port.o
    0x00004184   0x00004184   0x00000028   Code   RO          738    .text.xPortSysTickHandler  port.o
    0x000041ac   0x000041ac   0x00000016   Code   RO          781    .text.xQueueCreateMutex  queue.o
    0x000041c2   0x000041c2   0x0000001c   Code   RO          785    .text.xQueueCreateMutexStatic  queue.o
    0x000041de   0x000041de   0x0000002e   Code   RO          779    .text.xQueueGenericCreate  queue.o
    0x0000420c   0x0000420c   0x00000018   Code   RO          775    .text.xQueueGenericCreateStatic  queue.o
    0x00004224   0x00004224   0x0000006c   Code   RO          773    .text.xQueueGenericReset  queue.o
    0x00004290   0x00004290   0x0000011c   Code   RO          793    .text.xQueueGenericSend  queue.o
    0x000043ac   0x000043ac   0x00000060   Code   RO          807    .text.xQueueGenericSendFromISR  queue.o
    0x0000440c   0x0000440c   0x000000f8   Code   RO          811    .text.xQueueReceive  queue.o
    0x00004504   0x00004504   0x00000134   Code   RO          797    .text.xQueueSemaphoreTake  queue.o
    0x00004638   0x00004638   0x00000044   Code   RO          935    .text.xTaskCheckForTimeOut  tasks.o
    0x0000467c   0x0000467c   0x00000058   Code   RO          865    .text.xTaskCreate   tasks.o
    0x000046d4   0x000046d4   0x00000032   Code   RO          859    .text.xTaskCreateStatic  tasks.o
    0x00004706   0x00004706   0x00000002   PAD
    0x00004708   0x00004708   0x00000018   Code   RO          951    .text.xTaskGetSchedulerState  tasks.o
    0x00004720   0x00004720   0x00000008   Code   RO          907    .text.xTaskGetTickCount  tasks.o
    0x00004728   0x00004728   0x000000b4   Code   RO          905    .text.xTaskIncrementTick  tasks.o
    0x000047dc   0x000047dc   0x00000040   Code   RO          955    .text.xTaskPriorityDisinherit  tasks.o
    0x0000481c   0x0000481c   0x00000070   Code   RO          953    .text.xTaskPriorityInherit  tasks.o
    0x0000488c   0x0000488c   0x00000048   Code   RO          927    .text.xTaskRemoveFromEventList  tasks.o
    0x000048d4   0x000048d4   0x000000b0   Code   RO          879    .text.xTaskResumeAll  tasks.o
    0x00004984   0x00004984   0x00000054   Code   RO         1004    .text.xTimerCreateTimerTask  timers.o
    0x000049d8   0x000049d8   0x00000044   Code   RO         1016    .text.xTimerGenericCommand  timers.o
    0x00004a1c   0x00004a1c   0x0000000e   Code   RO         1118    i._is_digit         c_w.l(__printf_wp.o)
    0x00004a2a   0x00004a2a   0x00000002   PAD
    0x00004a2c   0x00004a2c   0x0000002c   Code   RO         1204    locale$$code        c_w.l(lc_ctype_c.o)
    0x00004a58   0x00004a58   0x00000008   Data   RO         1079    .constdata          c_w.l(_printf_wctomb.o)
    0x00004a60   0x00004a60   0x00000028   Data   RO         1100    .constdata          c_w.l(_printf_hex_int_ptr.o)
    0x00004a88   0x00004a88   0x00000011   Data   RO         1126    .constdata          c_w.l(__printf_flags_ss_wp.o)
    0x00004a99   0x00004a99   0x00000003   PAD
    0x00004a9c   0x00004a9c   0x0000002c   Data   RO          558    .rodata.Driver_SPI1  ssp_lpc17xx.o
    0x00004ac8   0x00004ac8   0x00001500   Data   RO          123    .rodata.Font_16x24_h  glcd_fonts.o
    0x00005fc8   0x00005fc8   0x00000010   Data   RO          124    .rodata.GLCD_Font_16x24  glcd_fonts.o
    0x00005fd8   0x00005fd8   0x0000003c   Data   RO          102    .rodata.actuators   main.o
    0x00006014   0x00006014   0x0000001c   Data   RO          104    .rodata.display_menu.menu_items  main.o
    0x00006030   0x00006030   0x000000f0   Data   RO          103    .rodata.str1.1      main.o
    0x00006120   0x00006120   0x00000020   Data   RO         1354    Region$$Table       anon$$obj.o
    0x00006140   0x00006140   0x00000110   Data   RO         1203    locale$$data        c_w.l(lc_ctype_c.o)


    Execution Region ER_RW (Exec base: 0x10000000, Load base: 0x00006250, Size: 0x0000004c, Max: 0xffffffff, ABSOLUTE)

    Exec Addr    Load Addr    Size         Type   Attr      Idx    E Section Name        Object

    0x10000000   0x00006250   0x00000004   Data   RW          655    .data.SystemCoreClock  system_lpc17xx.o
    0x10000004   0x00006254   0x00000002   Data   RW          192    .data.background_color  glcd_mcb1700.o
    0x10000006   0x00006256   0x00000002   PAD
    0x10000008   0x00006258   0x00000004   Data   RW          108    .data.heater_duration  main.o
    0x1000000c   0x0000625c   0x00000004   Data   RW          110    .data.light_duration  main.o
    0x10000010   0x00006260   0x00000003   Data   RW          106    .data.main.types    main.o
    0x10000013   0x00006263   0x00000001   PAD
    0x10000014   0x00006264   0x00000004   Data   RW          109    .data.sprinkler_duration  main.o
    0x10000018   0x00006268   0x0000000c   Data   RW          107    .data.threshold_values  main.o
    0x10000024   0x00006274   0x00000024   Data   RW          105    .data.timers        main.o
    0x10000048   0x00006298   0x00000004   Data   RW          740    .data.uxCriticalNesting  port.o


    Execution Region ER_ZI (Exec base: 0x10000050, Load base: 0x0000629c, Size: 0x00002f70, Max: 0xffffffff, ABSOLUTE)

    Exec Addr    Load Addr    Size         Type   Attr      Idx    E Section Name        Object

    0x10000050        -       0x00000060   Zero   RW         1217    .bss                c_w.l(libspace.o)
    0x100000b0        -       0x0000006c   Zero   RW          112    .bss..L_MergedGlobals  main.o
    0x1000011c        -       0x00000008   Zero   RW          193    .bss..L_MergedGlobals  glcd_mcb1700.o
    0x10000124        -       0x00000030   Zero   RW          506    .bss..L_MergedGlobals  spi_lpc17xx.o
    0x10000154        -       0x0000002c   Zero   RW          563    .bss..L_MergedGlobals  ssp_lpc17xx.o
    0x10000180        -       0x00000020   Zero   RW          764    .bss..L_MergedGlobals  heap_4.o
    0x100001a0        -       0x00000078   Zero   RW          994    .bss..L_MergedGlobals  tasks.o
    0x10000218        -       0x0000003c   Zero   RW         1050    .bss..L_MergedGlobals  timers.o
    0x10000254        -       0x00000028   Zero   RW          995    .bss..L_MergedGlobals.1  tasks.o
    0x1000027c        -       0x00000004   Zero   RW          596    .bss.Channel_active  gpdma_lpc17xx.o
    0x10000280        -       0x000000a0   Zero   RW          595    .bss.Channel_info   gpdma_lpc17xx.o
    0x10000320        -       0x00000190   Zero   RW          257    .bss.clib_mutex_cb  clib_arm.o
    0x100004b0        -       0x00000014   Zero   RW          256    .bss.clib_mutex_id  clib_arm.o
    0x100004c4        -       0x00000001   Zero   RW          258    .bss.os_kernel_is_active.os_kernel_active  clib_arm.o
    0x100004c5        -       0x00000050   Zero   RW         1049    .bss.prvCheckForValidListAndQueue.ucStaticTimerQueueStorage  timers.o
    0x10000515   0x0000629c   0x00000003   PAD
    0x10000518        -       0x00000050   Zero   RW         1048    .bss.prvCheckForValidListAndQueue.xStaticTimerQueue  timers.o
    0x10000568        -       0x00000460   Zero   RW          993    .bss.pxReadyTasksLists  tasks.o
    0x100009c8        -       0x00002000   Zero   RW          763    .bss.ucHeap         heap_4.o
    0x100029c8        -       0x00000200   Zero   RW          435    .bss.vApplicationGetIdleTaskMemory.Idle_Stack  cmsis_os2.o
    0x10002bc8        -       0x0000005c   Zero   RW          434    .bss.vApplicationGetIdleTaskMemory.Idle_TCB  cmsis_os2.o
    0x10002c24        -       0x00000140   Zero   RW          437    .bss.vApplicationGetTimerTaskMemory.Timer_Stack  cmsis_os2.o
    0x10002d64        -       0x0000005c   Zero   RW          436    .bss.vApplicationGetTimerTaskMemory.Timer_TCB  cmsis_os2.o
    0x10002dc0        -       0x00000000   Zero   RW          639    HEAP                startup_lpc17xx.o
    0x10002dc0        -       0x00000200   Zero   RW          638    STACK               startup_lpc17xx.o


==============================================================================

Image component sizes


      Code (inc. data)   RO Data    RW Data    ZI Data      Debug   Object Name

       212         12          0          0        421       3637   clib_arm.o
        78         20          0          0       1016      45776   cmsis_os2.o
         0          0       5392          0          0       1067   glcd_fonts.o
      2136         60          0          2          8      10216   glcd_mcb1700.o
       264         12          0          0        164       7316   gpdma_lpc17xx.o
        96         12          0          0          0       4024   gpio_lpc17xx.o
       368         16          0          0       8224       4590   heap_4.o
       130          0          0          0          0       2217   list.o
      5530        832        328         63        108      20992   main.o
       108          4          0          0          0       2506   pin_lpc17xx.o
       384         32          0          4          0       2771   port.o
      1588         12          0          0          0      17894   queue.o
       204          8          0          0         48      10545   spi_lpc17xx.o
      1620        106         44          0         44      13574   ssp_lpc17xx.o
        64         26        204          0        512       1036   startup_lpc17xx.o
       400         40          0          4          0       2051   system_lpc17xx.o
      1956         60          0          0       1280      27961   tasks.o
       808         50          0          0        220      12513   timers.o

    ----------------------------------------------------------------------
     15968       1310       6000         76      12048     190686   Object Totals
         0          0         32          0          0          0   (incl. Generated)
        22          8          0          3          3          0   (incl. Padding)

    ----------------------------------------------------------------------

      Code (inc. data)   RO Data    RW Data    ZI Data      Debug   Library Member Name

         8          0          0          0          0         68   __main.o
       392          4         17          0          0         92   __printf_flags_ss_wp.o
        14          0          0          0          0         68   __printf_wp.o
         0          0          0          0          0          0   __rtentry.o
        20          0          0          0          0          0   __rtentry2.o
         6          0          0          0          0          0   __rtentry4.o
        94          8          0          0          0          0   __scatter.o
        26          0          0          0          0          0   __scatter_copy.o
        28          0          0          0          0          0   __scatter_zi.o
        72          0          0          0          0         96   _c16rtomb.o
         6          0          0          0          0          0   _printf_c.o
        44          0          0          0          0        108   _printf_char.o
        48          6          0          0          0         96   _printf_char_common.o
        40          0          0          0          0         68   _printf_charcount.o
         6          0          0          0          0          0   _printf_d.o
       120         16          0          0          0         92   _printf_dec.o
       124          4         40          0          0        144   _printf_hex_int_ptr.o
         6          0          0          0          0          0   _printf_i.o
       178          0          0          0          0         88   _printf_intcommon.o
        10          0          0          0          0          0   _printf_l.o
         6          0          0          0          0          0   _printf_lc.o
         6          0          0          0          0          0   _printf_ls.o
         6          0          0          0          0          0   _printf_n.o
         6          0          0          0          0          0   _printf_o.o
        84         10          0          0          0         88   _printf_oct_int.o
         6          0          0          0          0          0   _printf_p.o
        78          0          0          0          0        108   _printf_pad.o
         0          0          0          0          0          0   _printf_percent.o
         4          0          0          0          0          0   _printf_percent_end.o
         6          0          0          0          0          0   _printf_s.o
        82          0          0          0          0         80   _printf_str.o
        36          0          0          0          0         84   _printf_truncate.o
         6          0          0          0          0          0   _printf_u.o
        44          0          0          0          0        108   _printf_wchar.o
       188          6          8          0          0         92   _printf_wctomb.o
         6          0          0          0          0          0   _printf_x.o
        16          0          0          0          0         68   _snputc.o
        16          0          0          0          0         68   aeabi_memset4.o
        18          0          0          0          0         80   exit.o
         6          0          0          0          0        152   heapauxi.o
         0          0          0          0          0          0   indicate_semi.o
        44         10        272          0          0         76   lc_ctype_c.o
         2          0          0          0          0          0   libinit.o
        20          0          0          0          0          0   libinit2.o
         2          0          0          0          0          0   libshutdown.o
         2          0          0          0          0          0   libshutdown2.o
         8          4          0          0         96         68   libspace.o
       240          0          0          0          0        100   lludivv7m.o
        64          6          0          0          0         84   noretval__2snprintf.o
        16          4          0          0          0         76   rt_ctype_table.o
        10          0          0          0          0         76   rt_locale_twolibspace.o
        78          0          0          0          0         80   rt_memclr_w.o
       138          0          0          0          0         68   rt_memcpy_v6.o
       100          0          0          0          0         80   rt_memcpy_w.o
         2          0          0          0          0          0   rtexit.o
        10          0          0          0          0          0   rtexit2.o
       128          0          0          0          0         68   strcmpv7m.o
        36          0          0          0          0         80   strstr.o
        12          4          0          0          0         68   sys_exit.o
        74          0          0          0          0         80   sys_stackheap_outer.o
         2          0          0          0          0         68   use_no_semi.o

    ----------------------------------------------------------------------
      2860         82        340          0         96       2920   Library Totals
        10          0          3          0          0          0   (incl. Padding)

    ----------------------------------------------------------------------

      Code (inc. data)   RO Data    RW Data    ZI Data      Debug   Library Name

      2850         82        337          0         96       2920   c_w.l

    ----------------------------------------------------------------------
      2860         82        340          0         96       2920   Library Totals

    ----------------------------------------------------------------------

==============================================================================


      Code (inc. data)   RO Data    RW Data    ZI Data      Debug   

     18828       1392       6340         76      12144     191862   Grand Totals
     18828       1392       6340         76      12144     191862   ELF Image Totals
     18828       1392       6340         76          0          0   ROM Totals

==============================================================================

    Total RO  Size (Code + RO Data)                25168 (  24.58kB)
    Total RW  Size (RW Data + ZI Data)             12220 (  11.93kB)
    Total ROM Size (Code + RO Data + RW Data)      25244 (  24.65kB)

==============================================================================

